[INFO] Scanning for projects...
[INFO] 
[INFO] --------------< org.cloudbus.cloudsim:cloudsim-examples >---------------
[INFO] Building cloudsim-examples 7.0.1
[INFO]   from pom.xml
[INFO] --------------------------------[ jar ]---------------------------------
[INFO] 
[INFO] --- exec:3.6.4:java (default-cli) @ cloudsim-examples ---
Starting Week4_MET_TaskScheduling...
Initialising...
Dataset loaded: dataset/GoCJ_Dataset_200.txt

========== CONFIGURATION ==========
Datacenters : 1
Hosts       : 10 (5 Class A + 5 Class B)
VMs         : 20
Cloudlets   : 200
Algorithm   : Minimum Execution Time (MET)

VM assignment distribution:
VM 0 -> 0 cloudlets
VM 1 -> 0 cloudlets
VM 2 -> 0 cloudlets
VM 3 -> 0 cloudlets
VM 4 -> 0 cloudlets
VM 5 -> 0 cloudlets
VM 6 -> 0 cloudlets
VM 7 -> 0 cloudlets
VM 8 -> 0 cloudlets
VM 9 -> 0 cloudlets
VM 10 -> 0 cloudlets
VM 11 -> 0 cloudlets
VM 12 -> 0 cloudlets
VM 13 -> 0 cloudlets
VM 14 -> 0 cloudlets
VM 15 -> 200 cloudlets
VM 16 -> 0 cloudlets
VM 17 -> 0 cloudlets
VM 18 -> 0 cloudlets
VM 19 -> 0 cloudlets

First 20 MET assignments:
Cloudlet 0 -> VM 15
Cloudlet 1 -> VM 15
Cloudlet 2 -> VM 15
Cloudlet 3 -> VM 15
Cloudlet 4 -> VM 15
Cloudlet 5 -> VM 15
Cloudlet 6 -> VM 15
Cloudlet 7 -> VM 15
Cloudlet 8 -> VM 15
Cloudlet 9 -> VM 15
Cloudlet 10 -> VM 15
Cloudlet 11 -> VM 15
Cloudlet 12 -> VM 15
Cloudlet 13 -> VM 15
Cloudlet 14 -> VM 15
Cloudlet 15 -> VM 15
Cloudlet 16 -> VM 15
Cloudlet 17 -> VM 15
Cloudlet 18 -> VM 15
Cloudlet 19 -> VM 15
Starting CloudSim version 7.0
0.0: Datacenter_0 is starting...
0.0: MET_Broker is starting...
Entities started.
0.0: MET_Broker: Cloud Resource List received with 1 datacenter(s)
0.0: MET_Broker: Trying to Create Vm #0 in Datacenter_0
0.0: MET_Broker: Trying to Create Vm #1 in Datacenter_0
0.0: MET_Broker: Trying to Create Vm #2 in Datacenter_0
0.0: MET_Broker: Trying to Create Vm #3 in Datacenter_0
0.0: MET_Broker: Trying to Create Vm #4 in Datacenter_0
0.0: MET_Broker: Trying to Create Vm #5 in Datacenter_0
0.0: MET_Broker: Trying to Create Vm #6 in Datacenter_0
0.0: MET_Broker: Trying to Create Vm #7 in Datacenter_0
0.0: MET_Broker: Trying to Create Vm #8 in Datacenter_0
0.0: MET_Broker: Trying to Create Vm #9 in Datacenter_0
0.0: MET_Broker: Trying to Create Vm #10 in Datacenter_0
0.0: MET_Broker: Trying to Create Vm #11 in Datacenter_0
0.0: MET_Broker: Trying to Create Vm #12 in Datacenter_0
0.0: MET_Broker: Trying to Create Vm #13 in Datacenter_0
0.0: MET_Broker: Trying to Create Vm #14 in Datacenter_0
0.0: MET_Broker: Trying to Create Vm #15 in Datacenter_0
0.0: MET_Broker: Trying to Create Vm #16 in Datacenter_0
0.0: MET_Broker: Trying to Create Vm #17 in Datacenter_0
0.0: MET_Broker: Trying to Create Vm #18 in Datacenter_0
0.0: MET_Broker: Trying to Create Vm #19 in Datacenter_0
0.0: Datacenter_0.guestAllocator: Vm #0 has been allocated to Host #5
0.0: Datacenter_0.guestAllocator: Vm #1 has been allocated to Host #6
0.0: Datacenter_0.guestAllocator: Vm #2 has been allocated to Host #7
0.0: Datacenter_0.guestAllocator: Vm #3 has been allocated to Host #8
0.0: Datacenter_0.guestAllocator: Vm #4 has been allocated to Host #9
0.0: Datacenter_0.guestAllocator: Vm #5 has been allocated to Host #5
0.0: Datacenter_0.guestAllocator: Vm #6 has been allocated to Host #6
0.0: Datacenter_0.guestAllocator: Vm #7 has been allocated to Host #7
0.0: Datacenter_0.guestAllocator: Vm #8 has been allocated to Host #8
0.0: Datacenter_0.guestAllocator: Vm #9 has been allocated to Host #9
0.0: Datacenter_0.guestAllocator: Vm #10 has been allocated to Host #5
0.0: Datacenter_0.guestAllocator: Vm #11 has been allocated to Host #6
0.0: Datacenter_0.guestAllocator: Vm #12 has been allocated to Host #7
0.0: Datacenter_0.guestAllocator: Vm #13 has been allocated to Host #8
0.0: Datacenter_0.guestAllocator: Vm #14 has been allocated to Host #9
0.0: Datacenter_0.guestAllocator: Vm #15 has been allocated to Host #5
0.0: Datacenter_0.guestAllocator: Vm #16 has been allocated to Host #6
0.0: Datacenter_0.guestAllocator: Vm #17 has been allocated to Host #7
0.0: Datacenter_0.guestAllocator: Vm #18 has been allocated to Host #8
0.0: Datacenter_0.guestAllocator: Vm #19 has been allocated to Host #9
0.01: MET_Broker: Vm #0 has been created in Datacenter #2, Host #5
0.01: MET_Broker: Vm #1 has been created in Datacenter #2, Host #6
0.01: MET_Broker: Vm #2 has been created in Datacenter #2, Host #7
0.01: MET_Broker: Vm #3 has been created in Datacenter #2, Host #8
0.01: MET_Broker: Vm #4 has been created in Datacenter #2, Host #9
0.01: MET_Broker: Vm #5 has been created in Datacenter #2, Host #5
0.01: MET_Broker: Vm #6 has been created in Datacenter #2, Host #6
0.01: MET_Broker: Vm #7 has been created in Datacenter #2, Host #7
0.01: MET_Broker: Vm #8 has been created in Datacenter #2, Host #8
0.01: MET_Broker: Vm #9 has been created in Datacenter #2, Host #9
0.01: MET_Broker: Vm #10 has been created in Datacenter #2, Host #5
0.01: MET_Broker: Vm #11 has been created in Datacenter #2, Host #6
0.01: MET_Broker: Vm #12 has been created in Datacenter #2, Host #7
0.01: MET_Broker: Vm #13 has been created in Datacenter #2, Host #8
0.01: MET_Broker: Vm #14 has been created in Datacenter #2, Host #9
0.01: MET_Broker: Vm #15 has been created in Datacenter #2, Host #5
0.01: MET_Broker: Vm #16 has been created in Datacenter #2, Host #6
0.01: MET_Broker: Vm #17 has been created in Datacenter #2, Host #7
0.01: MET_Broker: Vm #18 has been created in Datacenter #2, Host #8
0.01: MET_Broker: Vm #19 has been created in Datacenter #2, Host #9
0.01: MET_Broker: Sending Cloudlet #0 to Vm #15
0.01: MET_Broker: Sending Cloudlet #1 to Vm #15
0.01: MET_Broker: Sending Cloudlet #2 to Vm #15
0.01: MET_Broker: Sending Cloudlet #3 to Vm #15
0.01: MET_Broker: Sending Cloudlet #4 to Vm #15
0.01: MET_Broker: Sending Cloudlet #5 to Vm #15
0.01: MET_Broker: Sending Cloudlet #6 to Vm #15
0.01: MET_Broker: Sending Cloudlet #7 to Vm #15
0.01: MET_Broker: Sending Cloudlet #8 to Vm #15
0.01: MET_Broker: Sending Cloudlet #9 to Vm #15
0.01: MET_Broker: Sending Cloudlet #10 to Vm #15
0.01: MET_Broker: Sending Cloudlet #11 to Vm #15
0.01: MET_Broker: Sending Cloudlet #12 to Vm #15
0.01: MET_Broker: Sending Cloudlet #13 to Vm #15
0.01: MET_Broker: Sending Cloudlet #14 to Vm #15
0.01: MET_Broker: Sending Cloudlet #15 to Vm #15
0.01: MET_Broker: Sending Cloudlet #16 to Vm #15
0.01: MET_Broker: Sending Cloudlet #17 to Vm #15
0.01: MET_Broker: Sending Cloudlet #18 to Vm #15
0.01: MET_Broker: Sending Cloudlet #19 to Vm #15
0.01: MET_Broker: Sending Cloudlet #20 to Vm #15
0.01: MET_Broker: Sending Cloudlet #21 to Vm #15
0.01: MET_Broker: Sending Cloudlet #22 to Vm #15
0.01: MET_Broker: Sending Cloudlet #23 to Vm #15
0.01: MET_Broker: Sending Cloudlet #24 to Vm #15
0.01: MET_Broker: Sending Cloudlet #25 to Vm #15
0.01: MET_Broker: Sending Cloudlet #26 to Vm #15
0.01: MET_Broker: Sending Cloudlet #27 to Vm #15
0.01: MET_Broker: Sending Cloudlet #28 to Vm #15
0.01: MET_Broker: Sending Cloudlet #29 to Vm #15
0.01: MET_Broker: Sending Cloudlet #30 to Vm #15
0.01: MET_Broker: Sending Cloudlet #31 to Vm #15
0.01: MET_Broker: Sending Cloudlet #32 to Vm #15
0.01: MET_Broker: Sending Cloudlet #33 to Vm #15
0.01: MET_Broker: Sending Cloudlet #34 to Vm #15
0.01: MET_Broker: Sending Cloudlet #35 to Vm #15
0.01: MET_Broker: Sending Cloudlet #36 to Vm #15
0.01: MET_Broker: Sending Cloudlet #37 to Vm #15
0.01: MET_Broker: Sending Cloudlet #38 to Vm #15
0.01: MET_Broker: Sending Cloudlet #39 to Vm #15
0.01: MET_Broker: Sending Cloudlet #40 to Vm #15
0.01: MET_Broker: Sending Cloudlet #41 to Vm #15
0.01: MET_Broker: Sending Cloudlet #42 to Vm #15
0.01: MET_Broker: Sending Cloudlet #43 to Vm #15
0.01: MET_Broker: Sending Cloudlet #44 to Vm #15
0.01: MET_Broker: Sending Cloudlet #45 to Vm #15
0.01: MET_Broker: Sending Cloudlet #46 to Vm #15
0.01: MET_Broker: Sending Cloudlet #47 to Vm #15
0.01: MET_Broker: Sending Cloudlet #48 to Vm #15
0.01: MET_Broker: Sending Cloudlet #49 to Vm #15
0.01: MET_Broker: Sending Cloudlet #50 to Vm #15
0.01: MET_Broker: Sending Cloudlet #51 to Vm #15
0.01: MET_Broker: Sending Cloudlet #52 to Vm #15
0.01: MET_Broker: Sending Cloudlet #53 to Vm #15
0.01: MET_Broker: Sending Cloudlet #54 to Vm #15
0.01: MET_Broker: Sending Cloudlet #55 to Vm #15
0.01: MET_Broker: Sending Cloudlet #56 to Vm #15
0.01: MET_Broker: Sending Cloudlet #57 to Vm #15
0.01: MET_Broker: Sending Cloudlet #58 to Vm #15
0.01: MET_Broker: Sending Cloudlet #59 to Vm #15
0.01: MET_Broker: Sending Cloudlet #60 to Vm #15
0.01: MET_Broker: Sending Cloudlet #61 to Vm #15
0.01: MET_Broker: Sending Cloudlet #62 to Vm #15
0.01: MET_Broker: Sending Cloudlet #63 to Vm #15
0.01: MET_Broker: Sending Cloudlet #64 to Vm #15
0.01: MET_Broker: Sending Cloudlet #65 to Vm #15
0.01: MET_Broker: Sending Cloudlet #66 to Vm #15
0.01: MET_Broker: Sending Cloudlet #67 to Vm #15
0.01: MET_Broker: Sending Cloudlet #68 to Vm #15
0.01: MET_Broker: Sending Cloudlet #69 to Vm #15
0.01: MET_Broker: Sending Cloudlet #70 to Vm #15
0.01: MET_Broker: Sending Cloudlet #71 to Vm #15
0.01: MET_Broker: Sending Cloudlet #72 to Vm #15
0.01: MET_Broker: Sending Cloudlet #73 to Vm #15
0.01: MET_Broker: Sending Cloudlet #74 to Vm #15
0.01: MET_Broker: Sending Cloudlet #75 to Vm #15
0.01: MET_Broker: Sending Cloudlet #76 to Vm #15
0.01: MET_Broker: Sending Cloudlet #77 to Vm #15
0.01: MET_Broker: Sending Cloudlet #78 to Vm #15
0.01: MET_Broker: Sending Cloudlet #79 to Vm #15
0.01: MET_Broker: Sending Cloudlet #80 to Vm #15
0.01: MET_Broker: Sending Cloudlet #81 to Vm #15
0.01: MET_Broker: Sending Cloudlet #82 to Vm #15
0.01: MET_Broker: Sending Cloudlet #83 to Vm #15
0.01: MET_Broker: Sending Cloudlet #84 to Vm #15
0.01: MET_Broker: Sending Cloudlet #85 to Vm #15
0.01: MET_Broker: Sending Cloudlet #86 to Vm #15
0.01: MET_Broker: Sending Cloudlet #87 to Vm #15
0.01: MET_Broker: Sending Cloudlet #88 to Vm #15
0.01: MET_Broker: Sending Cloudlet #89 to Vm #15
0.01: MET_Broker: Sending Cloudlet #90 to Vm #15
0.01: MET_Broker: Sending Cloudlet #91 to Vm #15
0.01: MET_Broker: Sending Cloudlet #92 to Vm #15
0.01: MET_Broker: Sending Cloudlet #93 to Vm #15
0.01: MET_Broker: Sending Cloudlet #94 to Vm #15
0.01: MET_Broker: Sending Cloudlet #95 to Vm #15
0.01: MET_Broker: Sending Cloudlet #96 to Vm #15
0.01: MET_Broker: Sending Cloudlet #97 to Vm #15
0.01: MET_Broker: Sending Cloudlet #98 to Vm #15
0.01: MET_Broker: Sending Cloudlet #99 to Vm #15
0.01: MET_Broker: Sending Cloudlet #100 to Vm #15
0.01: MET_Broker: Sending Cloudlet #101 to Vm #15
0.01: MET_Broker: Sending Cloudlet #102 to Vm #15
0.01: MET_Broker: Sending Cloudlet #103 to Vm #15
0.01: MET_Broker: Sending Cloudlet #104 to Vm #15
0.01: MET_Broker: Sending Cloudlet #105 to Vm #15
0.01: MET_Broker: Sending Cloudlet #106 to Vm #15
0.01: MET_Broker: Sending Cloudlet #107 to Vm #15
0.01: MET_Broker: Sending Cloudlet #108 to Vm #15
0.01: MET_Broker: Sending Cloudlet #109 to Vm #15
0.01: MET_Broker: Sending Cloudlet #110 to Vm #15
0.01: MET_Broker: Sending Cloudlet #111 to Vm #15
0.01: MET_Broker: Sending Cloudlet #112 to Vm #15
0.01: MET_Broker: Sending Cloudlet #113 to Vm #15
0.01: MET_Broker: Sending Cloudlet #114 to Vm #15
0.01: MET_Broker: Sending Cloudlet #115 to Vm #15
0.01: MET_Broker: Sending Cloudlet #116 to Vm #15
0.01: MET_Broker: Sending Cloudlet #117 to Vm #15
0.01: MET_Broker: Sending Cloudlet #118 to Vm #15
0.01: MET_Broker: Sending Cloudlet #119 to Vm #15
0.01: MET_Broker: Sending Cloudlet #120 to Vm #15
0.01: MET_Broker: Sending Cloudlet #121 to Vm #15
0.01: MET_Broker: Sending Cloudlet #122 to Vm #15
0.01: MET_Broker: Sending Cloudlet #123 to Vm #15
0.01: MET_Broker: Sending Cloudlet #124 to Vm #15
0.01: MET_Broker: Sending Cloudlet #125 to Vm #15
0.01: MET_Broker: Sending Cloudlet #126 to Vm #15
0.01: MET_Broker: Sending Cloudlet #127 to Vm #15
0.01: MET_Broker: Sending Cloudlet #128 to Vm #15
0.01: MET_Broker: Sending Cloudlet #129 to Vm #15
0.01: MET_Broker: Sending Cloudlet #130 to Vm #15
0.01: MET_Broker: Sending Cloudlet #131 to Vm #15
0.01: MET_Broker: Sending Cloudlet #132 to Vm #15
0.01: MET_Broker: Sending Cloudlet #133 to Vm #15
0.01: MET_Broker: Sending Cloudlet #134 to Vm #15
0.01: MET_Broker: Sending Cloudlet #135 to Vm #15
0.01: MET_Broker: Sending Cloudlet #136 to Vm #15
0.01: MET_Broker: Sending Cloudlet #137 to Vm #15
0.01: MET_Broker: Sending Cloudlet #138 to Vm #15
0.01: MET_Broker: Sending Cloudlet #139 to Vm #15
0.01: MET_Broker: Sending Cloudlet #140 to Vm #15
0.01: MET_Broker: Sending Cloudlet #141 to Vm #15
0.01: MET_Broker: Sending Cloudlet #142 to Vm #15
0.01: MET_Broker: Sending Cloudlet #143 to Vm #15
0.01: MET_Broker: Sending Cloudlet #144 to Vm #15
0.01: MET_Broker: Sending Cloudlet #145 to Vm #15
0.01: MET_Broker: Sending Cloudlet #146 to Vm #15
0.01: MET_Broker: Sending Cloudlet #147 to Vm #15
0.01: MET_Broker: Sending Cloudlet #148 to Vm #15
0.01: MET_Broker: Sending Cloudlet #149 to Vm #15
0.01: MET_Broker: Sending Cloudlet #150 to Vm #15
0.01: MET_Broker: Sending Cloudlet #151 to Vm #15
0.01: MET_Broker: Sending Cloudlet #152 to Vm #15
0.01: MET_Broker: Sending Cloudlet #153 to Vm #15
0.01: MET_Broker: Sending Cloudlet #154 to Vm #15
0.01: MET_Broker: Sending Cloudlet #155 to Vm #15
0.01: MET_Broker: Sending Cloudlet #156 to Vm #15
0.01: MET_Broker: Sending Cloudlet #157 to Vm #15
0.01: MET_Broker: Sending Cloudlet #158 to Vm #15
0.01: MET_Broker: Sending Cloudlet #159 to Vm #15
0.01: MET_Broker: Sending Cloudlet #160 to Vm #15
0.01: MET_Broker: Sending Cloudlet #161 to Vm #15
0.01: MET_Broker: Sending Cloudlet #162 to Vm #15
0.01: MET_Broker: Sending Cloudlet #163 to Vm #15
0.01: MET_Broker: Sending Cloudlet #164 to Vm #15
0.01: MET_Broker: Sending Cloudlet #165 to Vm #15
0.01: MET_Broker: Sending Cloudlet #166 to Vm #15
0.01: MET_Broker: Sending Cloudlet #167 to Vm #15
0.01: MET_Broker: Sending Cloudlet #168 to Vm #15
0.01: MET_Broker: Sending Cloudlet #169 to Vm #15
0.01: MET_Broker: Sending Cloudlet #170 to Vm #15
0.01: MET_Broker: Sending Cloudlet #171 to Vm #15
0.01: MET_Broker: Sending Cloudlet #172 to Vm #15
0.01: MET_Broker: Sending Cloudlet #173 to Vm #15
0.01: MET_Broker: Sending Cloudlet #174 to Vm #15
0.01: MET_Broker: Sending Cloudlet #175 to Vm #15
0.01: MET_Broker: Sending Cloudlet #176 to Vm #15
0.01: MET_Broker: Sending Cloudlet #177 to Vm #15
0.01: MET_Broker: Sending Cloudlet #178 to Vm #15
0.01: MET_Broker: Sending Cloudlet #179 to Vm #15
0.01: MET_Broker: Sending Cloudlet #180 to Vm #15
0.01: MET_Broker: Sending Cloudlet #181 to Vm #15
0.01: MET_Broker: Sending Cloudlet #182 to Vm #15
0.01: MET_Broker: Sending Cloudlet #183 to Vm #15
0.01: MET_Broker: Sending Cloudlet #184 to Vm #15
0.01: MET_Broker: Sending Cloudlet #185 to Vm #15
0.01: MET_Broker: Sending Cloudlet #186 to Vm #15
0.01: MET_Broker: Sending Cloudlet #187 to Vm #15
0.01: MET_Broker: Sending Cloudlet #188 to Vm #15
0.01: MET_Broker: Sending Cloudlet #189 to Vm #15
0.01: MET_Broker: Sending Cloudlet #190 to Vm #15
0.01: MET_Broker: Sending Cloudlet #191 to Vm #15
0.01: MET_Broker: Sending Cloudlet #192 to Vm #15
0.01: MET_Broker: Sending Cloudlet #193 to Vm #15
0.01: MET_Broker: Sending Cloudlet #194 to Vm #15
0.01: MET_Broker: Sending Cloudlet #195 to Vm #15
0.01: MET_Broker: Sending Cloudlet #196 to Vm #15
0.01: MET_Broker: Sending Cloudlet #197 to Vm #15
0.01: MET_Broker: Sending Cloudlet #198 to Vm #15
0.01: MET_Broker: Sending Cloudlet #199 to Vm #15
16.01: MET_Broker: Cloudlet #1 return received
16.01: MET_Broker: The number of finished Cloudlets is:1
18.810000000000002: MET_Broker: Cloudlet #0 return received
18.810000000000002: MET_Broker: The number of finished Cloudlets is:2
23.610000000000003: MET_Broker: Cloudlet #3 return received
23.610000000000003: MET_Broker: The number of finished Cloudlets is:3
50.410000000000004: MET_Broker: Cloudlet #6 return received
50.410000000000004: MET_Broker: The number of finished Cloudlets is:4
58.010000000000005: MET_Broker: Cloudlet #4 return received
58.010000000000005: MET_Broker: The number of finished Cloudlets is:5
68.01: MET_Broker: Cloudlet #5 return received
68.01: MET_Broker: The number of finished Cloudlets is:6
72.41000000000001: MET_Broker: Cloudlet #7 return received
72.41000000000001: MET_Broker: The number of finished Cloudlets is:7
74.01: MET_Broker: Cloudlet #9 return received
74.01: MET_Broker: The number of finished Cloudlets is:8
100.01: MET_Broker: Cloudlet #8 return received
100.01: MET_Broker: The number of finished Cloudlets is:9
124.01: MET_Broker: Cloudlet #11 return received
124.01: MET_Broker: The number of finished Cloudlets is:10
151.61: MET_Broker: Cloudlet #12 return received
151.61: MET_Broker: The number of finished Cloudlets is:11
157.21: MET_Broker: Cloudlet #13 return received
157.21: MET_Broker: The number of finished Cloudlets is:12
177.61: MET_Broker: Cloudlet #14 return received
177.61: MET_Broker: The number of finished Cloudlets is:13
180.81: MET_Broker: Cloudlet #15 return received
180.81: MET_Broker: The number of finished Cloudlets is:14
210.01: MET_Broker: Cloudlet #2 return received
210.01: MET_Broker: The number of finished Cloudlets is:15
225.20999999999998: MET_Broker: Cloudlet #16 return received
225.20999999999998: MET_Broker: The number of finished Cloudlets is:16
230.80999999999997: MET_Broker: Cloudlet #17 return received
230.80999999999997: MET_Broker: The number of finished Cloudlets is:17
276.01: MET_Broker: Cloudlet #19 return received
276.01: MET_Broker: The number of finished Cloudlets is:18
276.81: MET_Broker: Cloudlet #20 return received
276.81: MET_Broker: The number of finished Cloudlets is:19
297.21: MET_Broker: Cloudlet #21 return received
297.21: MET_Broker: The number of finished Cloudlets is:20
318.81: MET_Broker: Cloudlet #22 return received
318.81: MET_Broker: The number of finished Cloudlets is:21
342.41: MET_Broker: Cloudlet #23 return received
342.41: MET_Broker: The number of finished Cloudlets is:22
357.41: MET_Broker: Cloudlet #10 return received
357.41: MET_Broker: The number of finished Cloudlets is:23
365.61: MET_Broker: Cloudlet #24 return received
365.61: MET_Broker: The number of finished Cloudlets is:24
367.61: MET_Broker: Cloudlet #25 return received
367.61: MET_Broker: The number of finished Cloudlets is:25
381.01: MET_Broker: Cloudlet #26 return received
381.01: MET_Broker: The number of finished Cloudlets is:26
408.40999999999997: MET_Broker: Cloudlet #27 return received
408.40999999999997: MET_Broker: The number of finished Cloudlets is:27
423.01: MET_Broker: Cloudlet #29 return received
423.01: MET_Broker: The number of finished Cloudlets is:28
444.81: MET_Broker: Cloudlet #30 return received
444.81: MET_Broker: The number of finished Cloudlets is:29
449.01: MET_Broker: Cloudlet #31 return received
449.01: MET_Broker: The number of finished Cloudlets is:30
478.21: MET_Broker: Cloudlet #33 return received
478.21: MET_Broker: The number of finished Cloudlets is:31
483.60999999999996: MET_Broker: Cloudlet #32 return received
483.60999999999996: MET_Broker: The number of finished Cloudlets is:32
495.00999999999993: MET_Broker: Cloudlet #18 return received
495.00999999999993: MET_Broker: The number of finished Cloudlets is:33
525.6099999999999: MET_Broker: Cloudlet #35 return received
525.6099999999999: MET_Broker: The number of finished Cloudlets is:34
530.6099999999999: MET_Broker: Cloudlet #36 return received
530.6099999999999: MET_Broker: The number of finished Cloudlets is:35
574.81: MET_Broker: Cloudlet #37 return received
574.81: MET_Broker: The number of finished Cloudlets is:36
575.01: MET_Broker: Cloudlet #38 return received
575.01: MET_Broker: The number of finished Cloudlets is:37
593.61: MET_Broker: Cloudlet #39 return received
593.61: MET_Broker: The number of finished Cloudlets is:38
616.21: MET_Broker: Cloudlet #40 return received
616.21: MET_Broker: The number of finished Cloudlets is:39
727.61: MET_Broker: Cloudlet #28 return received
727.61: MET_Broker: The number of finished Cloudlets is:40
756.8100000000001: MET_Broker: Cloudlet #43 return received
756.8100000000001: MET_Broker: The number of finished Cloudlets is:41
763.21: MET_Broker: Cloudlet #34 return received
763.21: MET_Broker: The number of finished Cloudlets is:42
774.8100000000001: MET_Broker: Cloudlet #44 return received
774.8100000000001: MET_Broker: The number of finished Cloudlets is:43
794.0100000000001: MET_Broker: Cloudlet #45 return received
794.0100000000001: MET_Broker: The number of finished Cloudlets is:44
803.6100000000001: MET_Broker: Cloudlet #41 return received
803.6100000000001: MET_Broker: The number of finished Cloudlets is:45
810.0100000000001: MET_Broker: Cloudlet #47 return received
810.0100000000001: MET_Broker: The number of finished Cloudlets is:46
817.6100000000001: MET_Broker: Cloudlet #46 return received
817.6100000000001: MET_Broker: The number of finished Cloudlets is:47
829.6100000000001: MET_Broker: Cloudlet #48 return received
829.6100000000001: MET_Broker: The number of finished Cloudlets is:48
837.2100000000002: MET_Broker: Cloudlet #50 return received
837.2100000000002: MET_Broker: The number of finished Cloudlets is:49
854.4100000000002: MET_Broker: Cloudlet #49 return received
854.4100000000002: MET_Broker: The number of finished Cloudlets is:50
858.4100000000002: MET_Broker: Cloudlet #52 return received
858.4100000000002: MET_Broker: The number of finished Cloudlets is:51
880.4100000000002: MET_Broker: Cloudlet #51 return received
880.4100000000002: MET_Broker: The number of finished Cloudlets is:52
885.2100000000002: MET_Broker: Cloudlet #54 return received
885.2100000000002: MET_Broker: The number of finished Cloudlets is:53
916.8100000000002: MET_Broker: Cloudlet #56 return received
916.8100000000002: MET_Broker: The number of finished Cloudlets is:54
925.6100000000001: MET_Broker: Cloudlet #55 return received
925.6100000000001: MET_Broker: The number of finished Cloudlets is:55
947.6100000000001: MET_Broker: Cloudlet #58 return received
947.6100000000001: MET_Broker: The number of finished Cloudlets is:56
956.4100000000001: MET_Broker: Cloudlet #57 return received
956.4100000000001: MET_Broker: The number of finished Cloudlets is:57
976.21: MET_Broker: Cloudlet #42 return received
976.21: MET_Broker: The number of finished Cloudlets is:58
989.4100000000001: MET_Broker: Cloudlet #53 return received
989.4100000000001: MET_Broker: The number of finished Cloudlets is:59
992.8100000000001: MET_Broker: Cloudlet #60 return received
992.8100000000001: MET_Broker: The number of finished Cloudlets is:60
1001.61: MET_Broker: Cloudlet #59 return received
1001.61: MET_Broker: The number of finished Cloudlets is:61
1012.41: MET_Broker: Cloudlet #63 return received
1012.41: MET_Broker: The number of finished Cloudlets is:62
1022.2099999999999: MET_Broker: Cloudlet #61 return received
1022.2099999999999: MET_Broker: The number of finished Cloudlets is:63
1033.01: MET_Broker: Cloudlet #62 return received
1033.01: MET_Broker: The number of finished Cloudlets is:64
1049.01: MET_Broker: Cloudlet #66 return received
1049.01: MET_Broker: The number of finished Cloudlets is:65
1055.21: MET_Broker: Cloudlet #65 return received
1055.21: MET_Broker: The number of finished Cloudlets is:66
1059.81: MET_Broker: Cloudlet #67 return received
1059.81: MET_Broker: The number of finished Cloudlets is:67
1094.61: MET_Broker: Cloudlet #70 return received
1094.61: MET_Broker: The number of finished Cloudlets is:68
1099.01: MET_Broker: Cloudlet #68 return received
1099.01: MET_Broker: The number of finished Cloudlets is:69
1125.81: MET_Broker: Cloudlet #72 return received
1125.81: MET_Broker: The number of finished Cloudlets is:70
1156.61: MET_Broker: Cloudlet #73 return received
1156.61: MET_Broker: The number of finished Cloudlets is:71
1189.81: MET_Broker: Cloudlet #74 return received
1189.81: MET_Broker: The number of finished Cloudlets is:72
1224.61: MET_Broker: Cloudlet #75 return received
1224.61: MET_Broker: The number of finished Cloudlets is:73
1256.2099999999998: MET_Broker: Cloudlet #76 return received
1256.2099999999998: MET_Broker: The number of finished Cloudlets is:74
1296.61: MET_Broker: Cloudlet #77 return received
1296.61: MET_Broker: The number of finished Cloudlets is:75
1304.61: MET_Broker: Cloudlet #71 return received
1304.61: MET_Broker: The number of finished Cloudlets is:76
1325.81: MET_Broker: Cloudlet #78 return received
1325.81: MET_Broker: The number of finished Cloudlets is:77
1329.81: MET_Broker: Cloudlet #79 return received
1329.81: MET_Broker: The number of finished Cloudlets is:78
1354.21: MET_Broker: Cloudlet #81 return received
1354.21: MET_Broker: The number of finished Cloudlets is:79
1358.21: MET_Broker: Cloudlet #80 return received
1358.21: MET_Broker: The number of finished Cloudlets is:80
1361.6100000000001: MET_Broker: Cloudlet #64 return received
1361.6100000000001: MET_Broker: The number of finished Cloudlets is:81
1365.21: MET_Broker: Cloudlet #82 return received
1365.21: MET_Broker: The number of finished Cloudlets is:82
1377.81: MET_Broker: Cloudlet #83 return received
1377.81: MET_Broker: The number of finished Cloudlets is:83
1382.01: MET_Broker: Cloudlet #84 return received
1382.01: MET_Broker: The number of finished Cloudlets is:84
1383.21: MET_Broker: Cloudlet #85 return received
1383.21: MET_Broker: The number of finished Cloudlets is:85
1407.21: MET_Broker: Cloudlet #87 return received
1407.21: MET_Broker: The number of finished Cloudlets is:86
1415.21: MET_Broker: Cloudlet #69 return received
1415.21: MET_Broker: The number of finished Cloudlets is:87
1419.81: MET_Broker: Cloudlet #86 return received
1419.81: MET_Broker: The number of finished Cloudlets is:88
1443.21: MET_Broker: Cloudlet #88 return received
1443.21: MET_Broker: The number of finished Cloudlets is:89
1450.01: MET_Broker: Cloudlet #89 return received
1450.01: MET_Broker: The number of finished Cloudlets is:90
1450.61: MET_Broker: Cloudlet #91 return received
1450.61: MET_Broker: The number of finished Cloudlets is:91
1460.4099999999999: MET_Broker: Cloudlet #90 return received
1460.4099999999999: MET_Broker: The number of finished Cloudlets is:92
1474.81: MET_Broker: Cloudlet #92 return received
1474.81: MET_Broker: The number of finished Cloudlets is:93
1491.21: MET_Broker: Cloudlet #93 return received
1491.21: MET_Broker: The number of finished Cloudlets is:94
1492.6100000000001: MET_Broker: Cloudlet #94 return received
1492.6100000000001: MET_Broker: The number of finished Cloudlets is:95
1495.21: MET_Broker: Cloudlet #96 return received
1495.21: MET_Broker: The number of finished Cloudlets is:96
1497.6100000000001: MET_Broker: Cloudlet #95 return received
1497.6100000000001: MET_Broker: The number of finished Cloudlets is:97
1511.41: MET_Broker: Cloudlet #98 return received
1511.41: MET_Broker: The number of finished Cloudlets is:98
1523.6100000000001: MET_Broker: Cloudlet #99 return received
1523.6100000000001: MET_Broker: The number of finished Cloudlets is:99
1538.8100000000002: MET_Broker: Cloudlet #100 return received
1538.8100000000002: MET_Broker: The number of finished Cloudlets is:100
1541.41: MET_Broker: Cloudlet #101 return received
1541.41: MET_Broker: The number of finished Cloudlets is:101
1560.21: MET_Broker: Cloudlet #104 return received
1560.21: MET_Broker: The number of finished Cloudlets is:102
1587.21: MET_Broker: Cloudlet #103 return received
1587.21: MET_Broker: The number of finished Cloudlets is:103
1589.41: MET_Broker: Cloudlet #105 return received
1589.41: MET_Broker: The number of finished Cloudlets is:104
1632.21: MET_Broker: Cloudlet #107 return received
1632.21: MET_Broker: The number of finished Cloudlets is:105
1634.81: MET_Broker: Cloudlet #106 return received
1634.81: MET_Broker: The number of finished Cloudlets is:106
1654.21: MET_Broker: Cloudlet #108 return received
1654.21: MET_Broker: The number of finished Cloudlets is:107
1655.21: MET_Broker: Cloudlet #109 return received
1655.21: MET_Broker: The number of finished Cloudlets is:108
1677.21: MET_Broker: Cloudlet #111 return received
1677.21: MET_Broker: The number of finished Cloudlets is:109
1679.41: MET_Broker: Cloudlet #110 return received
1679.41: MET_Broker: The number of finished Cloudlets is:110
1701.21: MET_Broker: Cloudlet #97 return received
1701.21: MET_Broker: The number of finished Cloudlets is:111
1711.81: MET_Broker: Cloudlet #113 return received
1711.81: MET_Broker: The number of finished Cloudlets is:112
1726.4099999999999: MET_Broker: Cloudlet #112 return received
1726.4099999999999: MET_Broker: The number of finished Cloudlets is:113
1728.0099999999998: MET_Broker: Cloudlet #114 return received
1728.0099999999998: MET_Broker: The number of finished Cloudlets is:114
1733.6099999999997: MET_Broker: Cloudlet #102 return received
1733.6099999999997: MET_Broker: The number of finished Cloudlets is:115
1748.2099999999996: MET_Broker: Cloudlet #115 return received
1748.2099999999996: MET_Broker: The number of finished Cloudlets is:116
1755.6099999999997: MET_Broker: Cloudlet #116 return received
1755.6099999999997: MET_Broker: The number of finished Cloudlets is:117
1758.0099999999998: MET_Broker: Cloudlet #117 return received
1758.0099999999998: MET_Broker: The number of finished Cloudlets is:118
1760.4099999999999: MET_Broker: Cloudlet #118 return received
1760.4099999999999: MET_Broker: The number of finished Cloudlets is:119
1772.61: MET_Broker: Cloudlet #119 return received
1772.61: MET_Broker: The number of finished Cloudlets is:120
1780.81: MET_Broker: Cloudlet #122 return received
1780.81: MET_Broker: The number of finished Cloudlets is:121
1786.81: MET_Broker: Cloudlet #124 return received
1786.81: MET_Broker: The number of finished Cloudlets is:122
1788.81: MET_Broker: Cloudlet #121 return received
1788.81: MET_Broker: The number of finished Cloudlets is:123
1804.01: MET_Broker: Cloudlet #120 return received
1804.01: MET_Broker: The number of finished Cloudlets is:124
1814.01: MET_Broker: Cloudlet #126 return received
1814.01: MET_Broker: The number of finished Cloudlets is:125
1819.41: MET_Broker: Cloudlet #123 return received
1819.41: MET_Broker: The number of finished Cloudlets is:126
1830.01: MET_Broker: Cloudlet #128 return received
1830.01: MET_Broker: The number of finished Cloudlets is:127
1832.81: MET_Broker: Cloudlet #125 return received
1832.81: MET_Broker: The number of finished Cloudlets is:128
1838.21: MET_Broker: Cloudlet #129 return received
1838.21: MET_Broker: The number of finished Cloudlets is:129
1848.81: MET_Broker: Cloudlet #131 return received
1848.81: MET_Broker: The number of finished Cloudlets is:130
1851.21: MET_Broker: Cloudlet #130 return received
1851.21: MET_Broker: The number of finished Cloudlets is:131
1853.21: MET_Broker: Cloudlet #127 return received
1853.21: MET_Broker: The number of finished Cloudlets is:132
1886.81: MET_Broker: Cloudlet #134 return received
1886.81: MET_Broker: The number of finished Cloudlets is:133
1895.61: MET_Broker: Cloudlet #133 return received
1895.61: MET_Broker: The number of finished Cloudlets is:134
1907.2099999999998: MET_Broker: Cloudlet #135 return received
1907.2099999999998: MET_Broker: The number of finished Cloudlets is:135
1936.0099999999998: MET_Broker: Cloudlet #137 return received
1936.0099999999998: MET_Broker: The number of finished Cloudlets is:136
1942.0099999999998: MET_Broker: Cloudlet #139 return received
1942.0099999999998: MET_Broker: The number of finished Cloudlets is:137
1946.8099999999997: MET_Broker: Cloudlet #138 return received
1946.8099999999997: MET_Broker: The number of finished Cloudlets is:138
1960.0099999999998: MET_Broker: Cloudlet #140 return received
1960.0099999999998: MET_Broker: The number of finished Cloudlets is:139
1968.0099999999998: MET_Broker: Cloudlet #141 return received
1968.0099999999998: MET_Broker: The number of finished Cloudlets is:140
1973.2099999999998: MET_Broker: Cloudlet #132 return received
1973.2099999999998: MET_Broker: The number of finished Cloudlets is:141
1984.2099999999998: MET_Broker: Cloudlet #144 return received
1984.2099999999998: MET_Broker: The number of finished Cloudlets is:142
2003.61: MET_Broker: Cloudlet #142 return received
2003.61: MET_Broker: The number of finished Cloudlets is:143
2014.01: MET_Broker: Cloudlet #143 return received
2014.01: MET_Broker: The number of finished Cloudlets is:144
2038.21: MET_Broker: Cloudlet #145 return received
2038.21: MET_Broker: The number of finished Cloudlets is:145
2052.81: MET_Broker: Cloudlet #146 return received
2052.81: MET_Broker: The number of finished Cloudlets is:146
2068.0099999999998: MET_Broker: Cloudlet #147 return received
2068.0099999999998: MET_Broker: The number of finished Cloudlets is:147
2069.0099999999998: MET_Broker: Cloudlet #148 return received
2069.0099999999998: MET_Broker: The number of finished Cloudlets is:148
2087.6099999999997: MET_Broker: Cloudlet #150 return received
2087.6099999999997: MET_Broker: The number of finished Cloudlets is:149
2090.8099999999995: MET_Broker: Cloudlet #149 return received
2090.8099999999995: MET_Broker: The number of finished Cloudlets is:150
2117.6099999999997: MET_Broker: Cloudlet #152 return received
2117.6099999999997: MET_Broker: The number of finished Cloudlets is:151
2119.2099999999996: MET_Broker: Cloudlet #153 return received
2119.2099999999996: MET_Broker: The number of finished Cloudlets is:152
2120.6099999999997: MET_Broker: Cloudlet #151 return received
2120.6099999999997: MET_Broker: The number of finished Cloudlets is:153
2136.41: MET_Broker: Cloudlet #154 return received
2136.41: MET_Broker: The number of finished Cloudlets is:154
2163.6099999999997: MET_Broker: Cloudlet #155 return received
2163.6099999999997: MET_Broker: The number of finished Cloudlets is:155
2169.8099999999995: MET_Broker: Cloudlet #156 return received
2169.8099999999995: MET_Broker: The number of finished Cloudlets is:156
2180.0099999999993: MET_Broker: Cloudlet #157 return received
2180.0099999999993: MET_Broker: The number of finished Cloudlets is:157
2203.609999999999: MET_Broker: Cloudlet #160 return received
2203.609999999999: MET_Broker: The number of finished Cloudlets is:158
2207.0099999999993: MET_Broker: Cloudlet #159 return received
2207.0099999999993: MET_Broker: The number of finished Cloudlets is:159
2238.4099999999994: MET_Broker: Cloudlet #161 return received
2238.4099999999994: MET_Broker: The number of finished Cloudlets is:160
2246.8099999999995: MET_Broker: Cloudlet #136 return received
2246.8099999999995: MET_Broker: The number of finished Cloudlets is:161
2269.2099999999996: MET_Broker: Cloudlet #163 return received
2269.2099999999996: MET_Broker: The number of finished Cloudlets is:162
2280.0099999999998: MET_Broker: Cloudlet #164 return received
2280.0099999999998: MET_Broker: The number of finished Cloudlets is:163
2304.81: MET_Broker: Cloudlet #165 return received
2304.81: MET_Broker: The number of finished Cloudlets is:164
2318.0099999999998: MET_Broker: Cloudlet #166 return received
2318.0099999999998: MET_Broker: The number of finished Cloudlets is:165
2334.81: MET_Broker: Cloudlet #167 return received
2334.81: MET_Broker: The number of finished Cloudlets is:166
2337.61: MET_Broker: Cloudlet #168 return received
2337.61: MET_Broker: The number of finished Cloudlets is:167
2342.01: MET_Broker: Cloudlet #162 return received
2342.01: MET_Broker: The number of finished Cloudlets is:168
2345.8100000000004: MET_Broker: Cloudlet #169 return received
2345.8100000000004: MET_Broker: The number of finished Cloudlets is:169
2373.6100000000006: MET_Broker: Cloudlet #158 return received
2373.6100000000006: MET_Broker: The number of finished Cloudlets is:170
2376.8100000000004: MET_Broker: Cloudlet #171 return received
2376.8100000000004: MET_Broker: The number of finished Cloudlets is:171
2383.6100000000006: MET_Broker: Cloudlet #170 return received
2383.6100000000006: MET_Broker: The number of finished Cloudlets is:172
2397.4100000000008: MET_Broker: Cloudlet #172 return received
2397.4100000000008: MET_Broker: The number of finished Cloudlets is:173
2403.6100000000006: MET_Broker: Cloudlet #174 return received
2403.6100000000006: MET_Broker: The number of finished Cloudlets is:174
2412.4100000000008: MET_Broker: Cloudlet #173 return received
2412.4100000000008: MET_Broker: The number of finished Cloudlets is:175
2415.4100000000008: MET_Broker: Cloudlet #176 return received
2415.4100000000008: MET_Broker: The number of finished Cloudlets is:176
2426.4100000000008: MET_Broker: Cloudlet #175 return received
2426.4100000000008: MET_Broker: The number of finished Cloudlets is:177
2434.4100000000008: MET_Broker: Cloudlet #178 return received
2434.4100000000008: MET_Broker: The number of finished Cloudlets is:178
2438.4100000000008: MET_Broker: Cloudlet #177 return received
2438.4100000000008: MET_Broker: The number of finished Cloudlets is:179
2447.6100000000006: MET_Broker: Cloudlet #180 return received
2447.6100000000006: MET_Broker: The number of finished Cloudlets is:180
2459.6100000000006: MET_Broker: Cloudlet #181 return received
2459.6100000000006: MET_Broker: The number of finished Cloudlets is:181
2459.8100000000004: MET_Broker: Cloudlet #179 return received
2459.8100000000004: MET_Broker: The number of finished Cloudlets is:182
2464.4100000000003: MET_Broker: Cloudlet #182 return received
2464.4100000000003: MET_Broker: The number of finished Cloudlets is:183
2492.8100000000004: MET_Broker: Cloudlet #186 return received
2492.8100000000004: MET_Broker: The number of finished Cloudlets is:184
2498.6100000000006: MET_Broker: Cloudlet #185 return received
2498.6100000000006: MET_Broker: The number of finished Cloudlets is:185
2522.2100000000005: MET_Broker: Cloudlet #188 return received
2522.2100000000005: MET_Broker: The number of finished Cloudlets is:186
2533.2100000000005: MET_Broker: Cloudlet #187 return received
2533.2100000000005: MET_Broker: The number of finished Cloudlets is:187
2555.4100000000003: MET_Broker: Cloudlet #189 return received
2555.4100000000003: MET_Broker: The number of finished Cloudlets is:188
2569.61: MET_Broker: Cloudlet #190 return received
2569.61: MET_Broker: The number of finished Cloudlets is:189
2571.4100000000003: MET_Broker: Cloudlet #191 return received
2571.4100000000003: MET_Broker: The number of finished Cloudlets is:190
2595.61: MET_Broker: Cloudlet #192 return received
2595.61: MET_Broker: The number of finished Cloudlets is:191
2611.81: MET_Broker: Cloudlet #193 return received
2611.81: MET_Broker: The number of finished Cloudlets is:192
2620.0099999999998: MET_Broker: Cloudlet #194 return received
2620.0099999999998: MET_Broker: The number of finished Cloudlets is:193
2657.0099999999998: MET_Broker: Cloudlet #195 return received
2657.0099999999998: MET_Broker: The number of finished Cloudlets is:194
2657.6099999999997: MET_Broker: Cloudlet #183 return received
2657.6099999999997: MET_Broker: The number of finished Cloudlets is:195
2667.6099999999997: MET_Broker: Cloudlet #196 return received
2667.6099999999997: MET_Broker: The number of finished Cloudlets is:196
2675.6099999999997: MET_Broker: Cloudlet #198 return received
2675.6099999999997: MET_Broker: The number of finished Cloudlets is:197
2676.6099999999997: MET_Broker: Cloudlet #197 return received
2676.6099999999997: MET_Broker: The number of finished Cloudlets is:198
2716.0099999999998: MET_Broker: Cloudlet #199 return received
2716.0099999999998: MET_Broker: The number of finished Cloudlets is:199
2819.6099999999997: MET_Broker: Cloudlet #184 return received
2819.6099999999997: MET_Broker: The number of finished Cloudlets is:200
2819.6099999999997: MET_Broker: All Cloudlets executed. Finishing...
2819.6099999999997: MET_Broker: Destroying Vm #0
2819.6099999999997: MET_Broker: Destroying Vm #1
2819.6099999999997: MET_Broker: Destroying Vm #2
2819.6099999999997: MET_Broker: Destroying Vm #3
2819.6099999999997: MET_Broker: Destroying Vm #4
2819.6099999999997: MET_Broker: Destroying Vm #5
2819.6099999999997: MET_Broker: Destroying Vm #6
2819.6099999999997: MET_Broker: Destroying Vm #7
2819.6099999999997: MET_Broker: Destroying Vm #8
2819.6099999999997: MET_Broker: Destroying Vm #9
2819.6099999999997: MET_Broker: Destroying Vm #10
2819.6099999999997: MET_Broker: Destroying Vm #11
2819.6099999999997: MET_Broker: Destroying Vm #12
2819.6099999999997: MET_Broker: Destroying Vm #13
2819.6099999999997: MET_Broker: Destroying Vm #14
2819.6099999999997: MET_Broker: Destroying Vm #15
2819.6099999999997: MET_Broker: Destroying Vm #16
2819.6099999999997: MET_Broker: Destroying Vm #17
2819.6099999999997: MET_Broker: Destroying Vm #18
2819.6099999999997: MET_Broker: Destroying Vm #19
2819.6099999999997: MET_Broker is shutting down...
2819.6099999999997: Simulation: No more future events
2819.6099999999997: CloudInformationService is shutting down...
2819.6099999999997: CloudInformationService: Notify all CloudSim entities for shutting down.
2819.6099999999997: Datacenter_0 is shutting down...
2819.6099999999997: MET_Broker is shutting down...
Simulation completed.
Simulation completed.

========== CLOUDLET RESULTS ==========
(only the first 20 successful Cloudlets are shown; METRICS below are still computed from all 200 results)
Cloudlet ID	Status	VM ID	Exec Time	Start Time	Finish Time
1	SUCCESS	15	16	0.01	16.01
0	SUCCESS	15	18.8	0.01	18.81
3	SUCCESS	15	23.6	0.01	23.61
6	SUCCESS	15	26.8	23.61	50.41
4	SUCCESS	15	42	16.01	58.01
5	SUCCESS	15	49.2	18.81	68.01
7	SUCCESS	15	22	50.41	72.41
9	SUCCESS	15	6	68.01	74.01
8	SUCCESS	15	42	58.01	100.01
11	SUCCESS	15	50	74.01	124.01
12	SUCCESS	15	51.6	100.01	151.61
13	SUCCESS	15	33.2	124.01	157.21
14	SUCCESS	15	26	151.61	177.61
15	SUCCESS	15	23.6	157.21	180.81
2	SUCCESS	15	210	0.01	210.01
16	SUCCESS	15	47.6	177.61	225.21
17	SUCCESS	15	50	180.81	230.81
19	SUCCESS	15	50.8	225.21	276.01
20	SUCCESS	15	46	230.81	276.81
21	SUCCESS	15	21.2	276.01	297.21

========== METRICS ==========
Completed Cloudlets      : 200
Makespan                 : 2819.61 s
Degree of Imbalance      : 20
Average Waiting Time     : 1415.346 s
Throughput               : 0.0709 cloudlets/s
Average VM Utilization*  : 19.3073 %

* Utilization is calculated from aggregate Cloudlet CPU time
  over the available VM time in this simplified model.
Week4_MET_TaskScheduling finished!
[INFO] ------------------------------------------------------------------------
[INFO] BUILD SUCCESS
[INFO] ------------------------------------------------------------------------
[INFO] Total time:  0.852 s
[INFO] Finished at: 2026-10-05T12:09:04+07:00
[INFO] ------------------------------------------------------------------------
