[INFO] Scanning for projects...
[INFO] 
[INFO] --------------< org.cloudbus.cloudsim:cloudsim-examples >---------------
[INFO] Building cloudsim-examples 7.0.1
[INFO]   from pom.xml
[INFO] --------------------------------[ jar ]---------------------------------
[INFO] 
[INFO] --- exec:3.6.4:java (default-cli) @ cloudsim-examples ---
Starting Week4_MET_TaskScheduling...
Initialising...
Dataset loaded: dataset/GoCJ_Dataset_300.txt

========== CONFIGURATION ==========
Datacenters : 1
Hosts       : 10 (5 Class A + 5 Class B)
VMs         : 20
Cloudlets   : 300
Algorithm   : Minimum Execution Time (MET)

VM assignment distribution:
VM 0 -> 0 cloudlets
VM 1 -> 0 cloudlets
VM 2 -> 0 cloudlets
VM 3 -> 0 cloudlets
VM 4 -> 0 cloudlets
VM 5 -> 0 cloudlets
VM 6 -> 0 cloudlets
VM 7 -> 0 cloudlets
VM 8 -> 0 cloudlets
VM 9 -> 0 cloudlets
VM 10 -> 0 cloudlets
VM 11 -> 0 cloudlets
VM 12 -> 0 cloudlets
VM 13 -> 0 cloudlets
VM 14 -> 0 cloudlets
VM 15 -> 300 cloudlets
VM 16 -> 0 cloudlets
VM 17 -> 0 cloudlets
VM 18 -> 0 cloudlets
VM 19 -> 0 cloudlets

First 20 MET assignments:
Cloudlet 0 -> VM 15
Cloudlet 1 -> VM 15
Cloudlet 2 -> VM 15
Cloudlet 3 -> VM 15
Cloudlet 4 -> VM 15
Cloudlet 5 -> VM 15
Cloudlet 6 -> VM 15
Cloudlet 7 -> VM 15
Cloudlet 8 -> VM 15
Cloudlet 9 -> VM 15
Cloudlet 10 -> VM 15
Cloudlet 11 -> VM 15
Cloudlet 12 -> VM 15
Cloudlet 13 -> VM 15
Cloudlet 14 -> VM 15
Cloudlet 15 -> VM 15
Cloudlet 16 -> VM 15
Cloudlet 17 -> VM 15
Cloudlet 18 -> VM 15
Cloudlet 19 -> VM 15
Starting CloudSim version 7.0
0.0: Datacenter_0 is starting...
0.0: MET_Broker is starting...
Entities started.
0.0: MET_Broker: Cloud Resource List received with 1 datacenter(s)
0.0: MET_Broker: Trying to Create Vm #0 in Datacenter_0
0.0: MET_Broker: Trying to Create Vm #1 in Datacenter_0
0.0: MET_Broker: Trying to Create Vm #2 in Datacenter_0
0.0: MET_Broker: Trying to Create Vm #3 in Datacenter_0
0.0: MET_Broker: Trying to Create Vm #4 in Datacenter_0
0.0: MET_Broker: Trying to Create Vm #5 in Datacenter_0
0.0: MET_Broker: Trying to Create Vm #6 in Datacenter_0
0.0: MET_Broker: Trying to Create Vm #7 in Datacenter_0
0.0: MET_Broker: Trying to Create Vm #8 in Datacenter_0
0.0: MET_Broker: Trying to Create Vm #9 in Datacenter_0
0.0: MET_Broker: Trying to Create Vm #10 in Datacenter_0
0.0: MET_Broker: Trying to Create Vm #11 in Datacenter_0
0.0: MET_Broker: Trying to Create Vm #12 in Datacenter_0
0.0: MET_Broker: Trying to Create Vm #13 in Datacenter_0
0.0: MET_Broker: Trying to Create Vm #14 in Datacenter_0
0.0: MET_Broker: Trying to Create Vm #15 in Datacenter_0
0.0: MET_Broker: Trying to Create Vm #16 in Datacenter_0
0.0: MET_Broker: Trying to Create Vm #17 in Datacenter_0
0.0: MET_Broker: Trying to Create Vm #18 in Datacenter_0
0.0: MET_Broker: Trying to Create Vm #19 in Datacenter_0
0.0: Datacenter_0.guestAllocator: Vm #0 has been allocated to Host #5
0.0: Datacenter_0.guestAllocator: Vm #1 has been allocated to Host #6
0.0: Datacenter_0.guestAllocator: Vm #2 has been allocated to Host #7
0.0: Datacenter_0.guestAllocator: Vm #3 has been allocated to Host #8
0.0: Datacenter_0.guestAllocator: Vm #4 has been allocated to Host #9
0.0: Datacenter_0.guestAllocator: Vm #5 has been allocated to Host #5
0.0: Datacenter_0.guestAllocator: Vm #6 has been allocated to Host #6
0.0: Datacenter_0.guestAllocator: Vm #7 has been allocated to Host #7
0.0: Datacenter_0.guestAllocator: Vm #8 has been allocated to Host #8
0.0: Datacenter_0.guestAllocator: Vm #9 has been allocated to Host #9
0.0: Datacenter_0.guestAllocator: Vm #10 has been allocated to Host #5
0.0: Datacenter_0.guestAllocator: Vm #11 has been allocated to Host #6
0.0: Datacenter_0.guestAllocator: Vm #12 has been allocated to Host #7
0.0: Datacenter_0.guestAllocator: Vm #13 has been allocated to Host #8
0.0: Datacenter_0.guestAllocator: Vm #14 has been allocated to Host #9
0.0: Datacenter_0.guestAllocator: Vm #15 has been allocated to Host #5
0.0: Datacenter_0.guestAllocator: Vm #16 has been allocated to Host #6
0.0: Datacenter_0.guestAllocator: Vm #17 has been allocated to Host #7
0.0: Datacenter_0.guestAllocator: Vm #18 has been allocated to Host #8
0.0: Datacenter_0.guestAllocator: Vm #19 has been allocated to Host #9
0.01: MET_Broker: Vm #0 has been created in Datacenter #2, Host #5
0.01: MET_Broker: Vm #1 has been created in Datacenter #2, Host #6
0.01: MET_Broker: Vm #2 has been created in Datacenter #2, Host #7
0.01: MET_Broker: Vm #3 has been created in Datacenter #2, Host #8
0.01: MET_Broker: Vm #4 has been created in Datacenter #2, Host #9
0.01: MET_Broker: Vm #5 has been created in Datacenter #2, Host #5
0.01: MET_Broker: Vm #6 has been created in Datacenter #2, Host #6
0.01: MET_Broker: Vm #7 has been created in Datacenter #2, Host #7
0.01: MET_Broker: Vm #8 has been created in Datacenter #2, Host #8
0.01: MET_Broker: Vm #9 has been created in Datacenter #2, Host #9
0.01: MET_Broker: Vm #10 has been created in Datacenter #2, Host #5
0.01: MET_Broker: Vm #11 has been created in Datacenter #2, Host #6
0.01: MET_Broker: Vm #12 has been created in Datacenter #2, Host #7
0.01: MET_Broker: Vm #13 has been created in Datacenter #2, Host #8
0.01: MET_Broker: Vm #14 has been created in Datacenter #2, Host #9
0.01: MET_Broker: Vm #15 has been created in Datacenter #2, Host #5
0.01: MET_Broker: Vm #16 has been created in Datacenter #2, Host #6
0.01: MET_Broker: Vm #17 has been created in Datacenter #2, Host #7
0.01: MET_Broker: Vm #18 has been created in Datacenter #2, Host #8
0.01: MET_Broker: Vm #19 has been created in Datacenter #2, Host #9
0.01: MET_Broker: Sending Cloudlet #0 to Vm #15
0.01: MET_Broker: Sending Cloudlet #1 to Vm #15
0.01: MET_Broker: Sending Cloudlet #2 to Vm #15
0.01: MET_Broker: Sending Cloudlet #3 to Vm #15
0.01: MET_Broker: Sending Cloudlet #4 to Vm #15
0.01: MET_Broker: Sending Cloudlet #5 to Vm #15
0.01: MET_Broker: Sending Cloudlet #6 to Vm #15
0.01: MET_Broker: Sending Cloudlet #7 to Vm #15
0.01: MET_Broker: Sending Cloudlet #8 to Vm #15
0.01: MET_Broker: Sending Cloudlet #9 to Vm #15
0.01: MET_Broker: Sending Cloudlet #10 to Vm #15
0.01: MET_Broker: Sending Cloudlet #11 to Vm #15
0.01: MET_Broker: Sending Cloudlet #12 to Vm #15
0.01: MET_Broker: Sending Cloudlet #13 to Vm #15
0.01: MET_Broker: Sending Cloudlet #14 to Vm #15
0.01: MET_Broker: Sending Cloudlet #15 to Vm #15
0.01: MET_Broker: Sending Cloudlet #16 to Vm #15
0.01: MET_Broker: Sending Cloudlet #17 to Vm #15
0.01: MET_Broker: Sending Cloudlet #18 to Vm #15
0.01: MET_Broker: Sending Cloudlet #19 to Vm #15
0.01: MET_Broker: Sending Cloudlet #20 to Vm #15
0.01: MET_Broker: Sending Cloudlet #21 to Vm #15
0.01: MET_Broker: Sending Cloudlet #22 to Vm #15
0.01: MET_Broker: Sending Cloudlet #23 to Vm #15
0.01: MET_Broker: Sending Cloudlet #24 to Vm #15
0.01: MET_Broker: Sending Cloudlet #25 to Vm #15
0.01: MET_Broker: Sending Cloudlet #26 to Vm #15
0.01: MET_Broker: Sending Cloudlet #27 to Vm #15
0.01: MET_Broker: Sending Cloudlet #28 to Vm #15
0.01: MET_Broker: Sending Cloudlet #29 to Vm #15
0.01: MET_Broker: Sending Cloudlet #30 to Vm #15
0.01: MET_Broker: Sending Cloudlet #31 to Vm #15
0.01: MET_Broker: Sending Cloudlet #32 to Vm #15
0.01: MET_Broker: Sending Cloudlet #33 to Vm #15
0.01: MET_Broker: Sending Cloudlet #34 to Vm #15
0.01: MET_Broker: Sending Cloudlet #35 to Vm #15
0.01: MET_Broker: Sending Cloudlet #36 to Vm #15
0.01: MET_Broker: Sending Cloudlet #37 to Vm #15
0.01: MET_Broker: Sending Cloudlet #38 to Vm #15
0.01: MET_Broker: Sending Cloudlet #39 to Vm #15
0.01: MET_Broker: Sending Cloudlet #40 to Vm #15
0.01: MET_Broker: Sending Cloudlet #41 to Vm #15
0.01: MET_Broker: Sending Cloudlet #42 to Vm #15
0.01: MET_Broker: Sending Cloudlet #43 to Vm #15
0.01: MET_Broker: Sending Cloudlet #44 to Vm #15
0.01: MET_Broker: Sending Cloudlet #45 to Vm #15
0.01: MET_Broker: Sending Cloudlet #46 to Vm #15
0.01: MET_Broker: Sending Cloudlet #47 to Vm #15
0.01: MET_Broker: Sending Cloudlet #48 to Vm #15
0.01: MET_Broker: Sending Cloudlet #49 to Vm #15
0.01: MET_Broker: Sending Cloudlet #50 to Vm #15
0.01: MET_Broker: Sending Cloudlet #51 to Vm #15
0.01: MET_Broker: Sending Cloudlet #52 to Vm #15
0.01: MET_Broker: Sending Cloudlet #53 to Vm #15
0.01: MET_Broker: Sending Cloudlet #54 to Vm #15
0.01: MET_Broker: Sending Cloudlet #55 to Vm #15
0.01: MET_Broker: Sending Cloudlet #56 to Vm #15
0.01: MET_Broker: Sending Cloudlet #57 to Vm #15
0.01: MET_Broker: Sending Cloudlet #58 to Vm #15
0.01: MET_Broker: Sending Cloudlet #59 to Vm #15
0.01: MET_Broker: Sending Cloudlet #60 to Vm #15
0.01: MET_Broker: Sending Cloudlet #61 to Vm #15
0.01: MET_Broker: Sending Cloudlet #62 to Vm #15
0.01: MET_Broker: Sending Cloudlet #63 to Vm #15
0.01: MET_Broker: Sending Cloudlet #64 to Vm #15
0.01: MET_Broker: Sending Cloudlet #65 to Vm #15
0.01: MET_Broker: Sending Cloudlet #66 to Vm #15
0.01: MET_Broker: Sending Cloudlet #67 to Vm #15
0.01: MET_Broker: Sending Cloudlet #68 to Vm #15
0.01: MET_Broker: Sending Cloudlet #69 to Vm #15
0.01: MET_Broker: Sending Cloudlet #70 to Vm #15
0.01: MET_Broker: Sending Cloudlet #71 to Vm #15
0.01: MET_Broker: Sending Cloudlet #72 to Vm #15
0.01: MET_Broker: Sending Cloudlet #73 to Vm #15
0.01: MET_Broker: Sending Cloudlet #74 to Vm #15
0.01: MET_Broker: Sending Cloudlet #75 to Vm #15
0.01: MET_Broker: Sending Cloudlet #76 to Vm #15
0.01: MET_Broker: Sending Cloudlet #77 to Vm #15
0.01: MET_Broker: Sending Cloudlet #78 to Vm #15
0.01: MET_Broker: Sending Cloudlet #79 to Vm #15
0.01: MET_Broker: Sending Cloudlet #80 to Vm #15
0.01: MET_Broker: Sending Cloudlet #81 to Vm #15
0.01: MET_Broker: Sending Cloudlet #82 to Vm #15
0.01: MET_Broker: Sending Cloudlet #83 to Vm #15
0.01: MET_Broker: Sending Cloudlet #84 to Vm #15
0.01: MET_Broker: Sending Cloudlet #85 to Vm #15
0.01: MET_Broker: Sending Cloudlet #86 to Vm #15
0.01: MET_Broker: Sending Cloudlet #87 to Vm #15
0.01: MET_Broker: Sending Cloudlet #88 to Vm #15
0.01: MET_Broker: Sending Cloudlet #89 to Vm #15
0.01: MET_Broker: Sending Cloudlet #90 to Vm #15
0.01: MET_Broker: Sending Cloudlet #91 to Vm #15
0.01: MET_Broker: Sending Cloudlet #92 to Vm #15
0.01: MET_Broker: Sending Cloudlet #93 to Vm #15
0.01: MET_Broker: Sending Cloudlet #94 to Vm #15
0.01: MET_Broker: Sending Cloudlet #95 to Vm #15
0.01: MET_Broker: Sending Cloudlet #96 to Vm #15
0.01: MET_Broker: Sending Cloudlet #97 to Vm #15
0.01: MET_Broker: Sending Cloudlet #98 to Vm #15
0.01: MET_Broker: Sending Cloudlet #99 to Vm #15
0.01: MET_Broker: Sending Cloudlet #100 to Vm #15
0.01: MET_Broker: Sending Cloudlet #101 to Vm #15
0.01: MET_Broker: Sending Cloudlet #102 to Vm #15
0.01: MET_Broker: Sending Cloudlet #103 to Vm #15
0.01: MET_Broker: Sending Cloudlet #104 to Vm #15
0.01: MET_Broker: Sending Cloudlet #105 to Vm #15
0.01: MET_Broker: Sending Cloudlet #106 to Vm #15
0.01: MET_Broker: Sending Cloudlet #107 to Vm #15
0.01: MET_Broker: Sending Cloudlet #108 to Vm #15
0.01: MET_Broker: Sending Cloudlet #109 to Vm #15
0.01: MET_Broker: Sending Cloudlet #110 to Vm #15
0.01: MET_Broker: Sending Cloudlet #111 to Vm #15
0.01: MET_Broker: Sending Cloudlet #112 to Vm #15
0.01: MET_Broker: Sending Cloudlet #113 to Vm #15
0.01: MET_Broker: Sending Cloudlet #114 to Vm #15
0.01: MET_Broker: Sending Cloudlet #115 to Vm #15
0.01: MET_Broker: Sending Cloudlet #116 to Vm #15
0.01: MET_Broker: Sending Cloudlet #117 to Vm #15
0.01: MET_Broker: Sending Cloudlet #118 to Vm #15
0.01: MET_Broker: Sending Cloudlet #119 to Vm #15
0.01: MET_Broker: Sending Cloudlet #120 to Vm #15
0.01: MET_Broker: Sending Cloudlet #121 to Vm #15
0.01: MET_Broker: Sending Cloudlet #122 to Vm #15
0.01: MET_Broker: Sending Cloudlet #123 to Vm #15
0.01: MET_Broker: Sending Cloudlet #124 to Vm #15
0.01: MET_Broker: Sending Cloudlet #125 to Vm #15
0.01: MET_Broker: Sending Cloudlet #126 to Vm #15
0.01: MET_Broker: Sending Cloudlet #127 to Vm #15
0.01: MET_Broker: Sending Cloudlet #128 to Vm #15
0.01: MET_Broker: Sending Cloudlet #129 to Vm #15
0.01: MET_Broker: Sending Cloudlet #130 to Vm #15
0.01: MET_Broker: Sending Cloudlet #131 to Vm #15
0.01: MET_Broker: Sending Cloudlet #132 to Vm #15
0.01: MET_Broker: Sending Cloudlet #133 to Vm #15
0.01: MET_Broker: Sending Cloudlet #134 to Vm #15
0.01: MET_Broker: Sending Cloudlet #135 to Vm #15
0.01: MET_Broker: Sending Cloudlet #136 to Vm #15
0.01: MET_Broker: Sending Cloudlet #137 to Vm #15
0.01: MET_Broker: Sending Cloudlet #138 to Vm #15
0.01: MET_Broker: Sending Cloudlet #139 to Vm #15
0.01: MET_Broker: Sending Cloudlet #140 to Vm #15
0.01: MET_Broker: Sending Cloudlet #141 to Vm #15
0.01: MET_Broker: Sending Cloudlet #142 to Vm #15
0.01: MET_Broker: Sending Cloudlet #143 to Vm #15
0.01: MET_Broker: Sending Cloudlet #144 to Vm #15
0.01: MET_Broker: Sending Cloudlet #145 to Vm #15
0.01: MET_Broker: Sending Cloudlet #146 to Vm #15
0.01: MET_Broker: Sending Cloudlet #147 to Vm #15
0.01: MET_Broker: Sending Cloudlet #148 to Vm #15
0.01: MET_Broker: Sending Cloudlet #149 to Vm #15
0.01: MET_Broker: Sending Cloudlet #150 to Vm #15
0.01: MET_Broker: Sending Cloudlet #151 to Vm #15
0.01: MET_Broker: Sending Cloudlet #152 to Vm #15
0.01: MET_Broker: Sending Cloudlet #153 to Vm #15
0.01: MET_Broker: Sending Cloudlet #154 to Vm #15
0.01: MET_Broker: Sending Cloudlet #155 to Vm #15
0.01: MET_Broker: Sending Cloudlet #156 to Vm #15
0.01: MET_Broker: Sending Cloudlet #157 to Vm #15
0.01: MET_Broker: Sending Cloudlet #158 to Vm #15
0.01: MET_Broker: Sending Cloudlet #159 to Vm #15
0.01: MET_Broker: Sending Cloudlet #160 to Vm #15
0.01: MET_Broker: Sending Cloudlet #161 to Vm #15
0.01: MET_Broker: Sending Cloudlet #162 to Vm #15
0.01: MET_Broker: Sending Cloudlet #163 to Vm #15
0.01: MET_Broker: Sending Cloudlet #164 to Vm #15
0.01: MET_Broker: Sending Cloudlet #165 to Vm #15
0.01: MET_Broker: Sending Cloudlet #166 to Vm #15
0.01: MET_Broker: Sending Cloudlet #167 to Vm #15
0.01: MET_Broker: Sending Cloudlet #168 to Vm #15
0.01: MET_Broker: Sending Cloudlet #169 to Vm #15
0.01: MET_Broker: Sending Cloudlet #170 to Vm #15
0.01: MET_Broker: Sending Cloudlet #171 to Vm #15
0.01: MET_Broker: Sending Cloudlet #172 to Vm #15
0.01: MET_Broker: Sending Cloudlet #173 to Vm #15
0.01: MET_Broker: Sending Cloudlet #174 to Vm #15
0.01: MET_Broker: Sending Cloudlet #175 to Vm #15
0.01: MET_Broker: Sending Cloudlet #176 to Vm #15
0.01: MET_Broker: Sending Cloudlet #177 to Vm #15
0.01: MET_Broker: Sending Cloudlet #178 to Vm #15
0.01: MET_Broker: Sending Cloudlet #179 to Vm #15
0.01: MET_Broker: Sending Cloudlet #180 to Vm #15
0.01: MET_Broker: Sending Cloudlet #181 to Vm #15
0.01: MET_Broker: Sending Cloudlet #182 to Vm #15
0.01: MET_Broker: Sending Cloudlet #183 to Vm #15
0.01: MET_Broker: Sending Cloudlet #184 to Vm #15
0.01: MET_Broker: Sending Cloudlet #185 to Vm #15
0.01: MET_Broker: Sending Cloudlet #186 to Vm #15
0.01: MET_Broker: Sending Cloudlet #187 to Vm #15
0.01: MET_Broker: Sending Cloudlet #188 to Vm #15
0.01: MET_Broker: Sending Cloudlet #189 to Vm #15
0.01: MET_Broker: Sending Cloudlet #190 to Vm #15
0.01: MET_Broker: Sending Cloudlet #191 to Vm #15
0.01: MET_Broker: Sending Cloudlet #192 to Vm #15
0.01: MET_Broker: Sending Cloudlet #193 to Vm #15
0.01: MET_Broker: Sending Cloudlet #194 to Vm #15
0.01: MET_Broker: Sending Cloudlet #195 to Vm #15
0.01: MET_Broker: Sending Cloudlet #196 to Vm #15
0.01: MET_Broker: Sending Cloudlet #197 to Vm #15
0.01: MET_Broker: Sending Cloudlet #198 to Vm #15
0.01: MET_Broker: Sending Cloudlet #199 to Vm #15
0.01: MET_Broker: Sending Cloudlet #200 to Vm #15
0.01: MET_Broker: Sending Cloudlet #201 to Vm #15
0.01: MET_Broker: Sending Cloudlet #202 to Vm #15
0.01: MET_Broker: Sending Cloudlet #203 to Vm #15
0.01: MET_Broker: Sending Cloudlet #204 to Vm #15
0.01: MET_Broker: Sending Cloudlet #205 to Vm #15
0.01: MET_Broker: Sending Cloudlet #206 to Vm #15
0.01: MET_Broker: Sending Cloudlet #207 to Vm #15
0.01: MET_Broker: Sending Cloudlet #208 to Vm #15
0.01: MET_Broker: Sending Cloudlet #209 to Vm #15
0.01: MET_Broker: Sending Cloudlet #210 to Vm #15
0.01: MET_Broker: Sending Cloudlet #211 to Vm #15
0.01: MET_Broker: Sending Cloudlet #212 to Vm #15
0.01: MET_Broker: Sending Cloudlet #213 to Vm #15
0.01: MET_Broker: Sending Cloudlet #214 to Vm #15
0.01: MET_Broker: Sending Cloudlet #215 to Vm #15
0.01: MET_Broker: Sending Cloudlet #216 to Vm #15
0.01: MET_Broker: Sending Cloudlet #217 to Vm #15
0.01: MET_Broker: Sending Cloudlet #218 to Vm #15
0.01: MET_Broker: Sending Cloudlet #219 to Vm #15
0.01: MET_Broker: Sending Cloudlet #220 to Vm #15
0.01: MET_Broker: Sending Cloudlet #221 to Vm #15
0.01: MET_Broker: Sending Cloudlet #222 to Vm #15
0.01: MET_Broker: Sending Cloudlet #223 to Vm #15
0.01: MET_Broker: Sending Cloudlet #224 to Vm #15
0.01: MET_Broker: Sending Cloudlet #225 to Vm #15
0.01: MET_Broker: Sending Cloudlet #226 to Vm #15
0.01: MET_Broker: Sending Cloudlet #227 to Vm #15
0.01: MET_Broker: Sending Cloudlet #228 to Vm #15
0.01: MET_Broker: Sending Cloudlet #229 to Vm #15
0.01: MET_Broker: Sending Cloudlet #230 to Vm #15
0.01: MET_Broker: Sending Cloudlet #231 to Vm #15
0.01: MET_Broker: Sending Cloudlet #232 to Vm #15
0.01: MET_Broker: Sending Cloudlet #233 to Vm #15
0.01: MET_Broker: Sending Cloudlet #234 to Vm #15
0.01: MET_Broker: Sending Cloudlet #235 to Vm #15
0.01: MET_Broker: Sending Cloudlet #236 to Vm #15
0.01: MET_Broker: Sending Cloudlet #237 to Vm #15
0.01: MET_Broker: Sending Cloudlet #238 to Vm #15
0.01: MET_Broker: Sending Cloudlet #239 to Vm #15
0.01: MET_Broker: Sending Cloudlet #240 to Vm #15
0.01: MET_Broker: Sending Cloudlet #241 to Vm #15
0.01: MET_Broker: Sending Cloudlet #242 to Vm #15
0.01: MET_Broker: Sending Cloudlet #243 to Vm #15
0.01: MET_Broker: Sending Cloudlet #244 to Vm #15
0.01: MET_Broker: Sending Cloudlet #245 to Vm #15
0.01: MET_Broker: Sending Cloudlet #246 to Vm #15
0.01: MET_Broker: Sending Cloudlet #247 to Vm #15
0.01: MET_Broker: Sending Cloudlet #248 to Vm #15
0.01: MET_Broker: Sending Cloudlet #249 to Vm #15
0.01: MET_Broker: Sending Cloudlet #250 to Vm #15
0.01: MET_Broker: Sending Cloudlet #251 to Vm #15
0.01: MET_Broker: Sending Cloudlet #252 to Vm #15
0.01: MET_Broker: Sending Cloudlet #253 to Vm #15
0.01: MET_Broker: Sending Cloudlet #254 to Vm #15
0.01: MET_Broker: Sending Cloudlet #255 to Vm #15
0.01: MET_Broker: Sending Cloudlet #256 to Vm #15
0.01: MET_Broker: Sending Cloudlet #257 to Vm #15
0.01: MET_Broker: Sending Cloudlet #258 to Vm #15
0.01: MET_Broker: Sending Cloudlet #259 to Vm #15
0.01: MET_Broker: Sending Cloudlet #260 to Vm #15
0.01: MET_Broker: Sending Cloudlet #261 to Vm #15
0.01: MET_Broker: Sending Cloudlet #262 to Vm #15
0.01: MET_Broker: Sending Cloudlet #263 to Vm #15
0.01: MET_Broker: Sending Cloudlet #264 to Vm #15
0.01: MET_Broker: Sending Cloudlet #265 to Vm #15
0.01: MET_Broker: Sending Cloudlet #266 to Vm #15
0.01: MET_Broker: Sending Cloudlet #267 to Vm #15
0.01: MET_Broker: Sending Cloudlet #268 to Vm #15
0.01: MET_Broker: Sending Cloudlet #269 to Vm #15
0.01: MET_Broker: Sending Cloudlet #270 to Vm #15
0.01: MET_Broker: Sending Cloudlet #271 to Vm #15
0.01: MET_Broker: Sending Cloudlet #272 to Vm #15
0.01: MET_Broker: Sending Cloudlet #273 to Vm #15
0.01: MET_Broker: Sending Cloudlet #274 to Vm #15
0.01: MET_Broker: Sending Cloudlet #275 to Vm #15
0.01: MET_Broker: Sending Cloudlet #276 to Vm #15
0.01: MET_Broker: Sending Cloudlet #277 to Vm #15
0.01: MET_Broker: Sending Cloudlet #278 to Vm #15
0.01: MET_Broker: Sending Cloudlet #279 to Vm #15
0.01: MET_Broker: Sending Cloudlet #280 to Vm #15
0.01: MET_Broker: Sending Cloudlet #281 to Vm #15
0.01: MET_Broker: Sending Cloudlet #282 to Vm #15
0.01: MET_Broker: Sending Cloudlet #283 to Vm #15
0.01: MET_Broker: Sending Cloudlet #284 to Vm #15
0.01: MET_Broker: Sending Cloudlet #285 to Vm #15
0.01: MET_Broker: Sending Cloudlet #286 to Vm #15
0.01: MET_Broker: Sending Cloudlet #287 to Vm #15
0.01: MET_Broker: Sending Cloudlet #288 to Vm #15
0.01: MET_Broker: Sending Cloudlet #289 to Vm #15
0.01: MET_Broker: Sending Cloudlet #290 to Vm #15
0.01: MET_Broker: Sending Cloudlet #291 to Vm #15
0.01: MET_Broker: Sending Cloudlet #292 to Vm #15
0.01: MET_Broker: Sending Cloudlet #293 to Vm #15
0.01: MET_Broker: Sending Cloudlet #294 to Vm #15
0.01: MET_Broker: Sending Cloudlet #295 to Vm #15
0.01: MET_Broker: Sending Cloudlet #296 to Vm #15
0.01: MET_Broker: Sending Cloudlet #297 to Vm #15
0.01: MET_Broker: Sending Cloudlet #298 to Vm #15
0.01: MET_Broker: Sending Cloudlet #299 to Vm #15
16.01: MET_Broker: Cloudlet #1 return received
16.01: MET_Broker: The number of finished Cloudlets is:1
16.01: MET_Broker: Cloudlet #3 return received
16.01: MET_Broker: The number of finished Cloudlets is:2
24.41: MET_Broker: Cloudlet #2 return received
24.41: MET_Broker: The number of finished Cloudlets is:3
32.01: MET_Broker: Cloudlet #4 return received
32.01: MET_Broker: The number of finished Cloudlets is:4
42.809999999999995: MET_Broker: Cloudlet #0 return received
42.809999999999995: MET_Broker: The number of finished Cloudlets is:5
56.809999999999995: MET_Broker: Cloudlet #5 return received
56.809999999999995: MET_Broker: The number of finished Cloudlets is:6
75.61: MET_Broker: Cloudlet #6 return received
75.61: MET_Broker: The number of finished Cloudlets is:7
84.81: MET_Broker: Cloudlet #7 return received
84.81: MET_Broker: The number of finished Cloudlets is:8
106.81: MET_Broker: Cloudlet #8 return received
106.81: MET_Broker: The number of finished Cloudlets is:9
124.01: MET_Broker: Cloudlet #9 return received
124.01: MET_Broker: The number of finished Cloudlets is:10
131.61: MET_Broker: Cloudlet #10 return received
131.61: MET_Broker: The number of finished Cloudlets is:11
153.61: MET_Broker: Cloudlet #11 return received
153.61: MET_Broker: The number of finished Cloudlets is:12
156.01000000000002: MET_Broker: Cloudlet #13 return received
156.01000000000002: MET_Broker: The number of finished Cloudlets is:13
163.61: MET_Broker: Cloudlet #12 return received
163.61: MET_Broker: The number of finished Cloudlets is:14
188.81: MET_Broker: Cloudlet #16 return received
188.81: MET_Broker: The number of finished Cloudlets is:15
189.21: MET_Broker: Cloudlet #14 return received
189.21: MET_Broker: The number of finished Cloudlets is:16
209.21: MET_Broker: Cloudlet #17 return received
209.21: MET_Broker: The number of finished Cloudlets is:17
210.41: MET_Broker: Cloudlet #18 return received
210.41: MET_Broker: The number of finished Cloudlets is:18
227.21: MET_Broker: Cloudlet #19 return received
227.21: MET_Broker: The number of finished Cloudlets is:19
255.61: MET_Broker: Cloudlet #20 return received
255.61: MET_Broker: The number of finished Cloudlets is:20
270.01: MET_Broker: Cloudlet #21 return received
270.01: MET_Broker: The number of finished Cloudlets is:21
280.01: MET_Broker: Cloudlet #22 return received
280.01: MET_Broker: The number of finished Cloudlets is:22
288.01: MET_Broker: Cloudlet #23 return received
288.01: MET_Broker: The number of finished Cloudlets is:23
320.40999999999997: MET_Broker: Cloudlet #25 return received
320.40999999999997: MET_Broker: The number of finished Cloudlets is:24
323.60999999999996: MET_Broker: Cloudlet #24 return received
323.60999999999996: MET_Broker: The number of finished Cloudlets is:25
340.80999999999995: MET_Broker: Cloudlet #26 return received
340.80999999999995: MET_Broker: The number of finished Cloudlets is:26
385.2099999999999: MET_Broker: Cloudlet #28 return received
385.2099999999999: MET_Broker: The number of finished Cloudlets is:27
412.00999999999993: MET_Broker: Cloudlet #29 return received
412.00999999999993: MET_Broker: The number of finished Cloudlets is:28
456.4099999999999: MET_Broker: Cloudlet #30 return received
456.4099999999999: MET_Broker: The number of finished Cloudlets is:29
498.4099999999999: MET_Broker: Cloudlet #31 return received
498.4099999999999: MET_Broker: The number of finished Cloudlets is:30
516.0099999999999: MET_Broker: Cloudlet #15 return received
516.0099999999999: MET_Broker: The number of finished Cloudlets is:31
549.2099999999999: MET_Broker: Cloudlet #32 return received
549.2099999999999: MET_Broker: The number of finished Cloudlets is:32
550.0099999999999: MET_Broker: Cloudlet #33 return received
550.0099999999999: MET_Broker: The number of finished Cloudlets is:33
591.2099999999999: MET_Broker: Cloudlet #34 return received
591.2099999999999: MET_Broker: The number of finished Cloudlets is:34
596.81: MET_Broker: Cloudlet #35 return received
596.81: MET_Broker: The number of finished Cloudlets is:35
608.6099999999999: MET_Broker: Cloudlet #27 return received
608.6099999999999: MET_Broker: The number of finished Cloudlets is:36
635.6099999999999: MET_Broker: Cloudlet #36 return received
635.6099999999999: MET_Broker: The number of finished Cloudlets is:37
637.0099999999999: MET_Broker: Cloudlet #38 return received
637.0099999999999: MET_Broker: The number of finished Cloudlets is:38
845.6099999999999: MET_Broker: Cloudlet #39 return received
845.6099999999999: MET_Broker: The number of finished Cloudlets is:39
881.81: MET_Broker: Cloudlet #37 return received
881.81: MET_Broker: The number of finished Cloudlets is:40
885.2099999999999: MET_Broker: Cloudlet #41 return received
885.2099999999999: MET_Broker: The number of finished Cloudlets is:41
919.81: MET_Broker: Cloudlet #42 return received
919.81: MET_Broker: The number of finished Cloudlets is:42
922.01: MET_Broker: Cloudlet #40 return received
922.01: MET_Broker: The number of finished Cloudlets is:43
928.01: MET_Broker: Cloudlet #43 return received
928.01: MET_Broker: The number of finished Cloudlets is:44
940.01: MET_Broker: Cloudlet #45 return received
940.01: MET_Broker: The number of finished Cloudlets is:45
953.81: MET_Broker: Cloudlet #44 return received
953.81: MET_Broker: The number of finished Cloudlets is:46
954.01: MET_Broker: Cloudlet #46 return received
954.01: MET_Broker: The number of finished Cloudlets is:47
958.01: MET_Broker: Cloudlet #47 return received
958.01: MET_Broker: The number of finished Cloudlets is:48
964.81: MET_Broker: Cloudlet #48 return received
964.81: MET_Broker: The number of finished Cloudlets is:49
980.81: MET_Broker: Cloudlet #51 return received
980.81: MET_Broker: The number of finished Cloudlets is:50
988.81: MET_Broker: Cloudlet #49 return received
988.81: MET_Broker: The number of finished Cloudlets is:51
996.81: MET_Broker: Cloudlet #50 return received
996.81: MET_Broker: The number of finished Cloudlets is:52
1015.6099999999999: MET_Broker: Cloudlet #52 return received
1015.6099999999999: MET_Broker: The number of finished Cloudlets is:53
1026.81: MET_Broker: Cloudlet #53 return received
1026.81: MET_Broker: The number of finished Cloudlets is:54
1050.4099999999999: MET_Broker: Cloudlet #55 return received
1050.4099999999999: MET_Broker: The number of finished Cloudlets is:55
1056.0099999999998: MET_Broker: Cloudlet #56 return received
1056.0099999999998: MET_Broker: The number of finished Cloudlets is:56
1075.6099999999997: MET_Broker: Cloudlet #57 return received
1075.6099999999997: MET_Broker: The number of finished Cloudlets is:57
1099.2099999999996: MET_Broker: Cloudlet #59 return received
1099.2099999999996: MET_Broker: The number of finished Cloudlets is:58
1107.6099999999997: MET_Broker: Cloudlet #58 return received
1107.6099999999997: MET_Broker: The number of finished Cloudlets is:59
1134.8099999999997: MET_Broker: Cloudlet #60 return received
1134.8099999999997: MET_Broker: The number of finished Cloudlets is:60
1188.8099999999997: MET_Broker: Cloudlet #62 return received
1188.8099999999997: MET_Broker: The number of finished Cloudlets is:61
1242.6099999999997: MET_Broker: Cloudlet #61 return received
1242.6099999999997: MET_Broker: The number of finished Cloudlets is:62
1293.4099999999996: MET_Broker: Cloudlet #64 return received
1293.4099999999996: MET_Broker: The number of finished Cloudlets is:63
1323.8099999999997: MET_Broker: Cloudlet #63 return received
1323.8099999999997: MET_Broker: The number of finished Cloudlets is:64
1324.2099999999998: MET_Broker: Cloudlet #65 return received
1324.2099999999998: MET_Broker: The number of finished Cloudlets is:65
1330.2099999999998: MET_Broker: Cloudlet #67 return received
1330.2099999999998: MET_Broker: The number of finished Cloudlets is:66
1345.0099999999998: MET_Broker: Cloudlet #66 return received
1345.0099999999998: MET_Broker: The number of finished Cloudlets is:67
1356.8099999999997: MET_Broker: Cloudlet #54 return received
1356.8099999999997: MET_Broker: The number of finished Cloudlets is:68
1371.4099999999996: MET_Broker: Cloudlet #68 return received
1371.4099999999996: MET_Broker: The number of finished Cloudlets is:69
1377.2099999999996: MET_Broker: Cloudlet #70 return received
1377.2099999999996: MET_Broker: The number of finished Cloudlets is:70
1395.0099999999995: MET_Broker: Cloudlet #69 return received
1395.0099999999995: MET_Broker: The number of finished Cloudlets is:71
1395.0099999999995: MET_Broker: Cloudlet #71 return received
1395.0099999999995: MET_Broker: The number of finished Cloudlets is:72
1420.8099999999995: MET_Broker: Cloudlet #72 return received
1420.8099999999995: MET_Broker: The number of finished Cloudlets is:73
1433.0099999999995: MET_Broker: Cloudlet #73 return received
1433.0099999999995: MET_Broker: The number of finished Cloudlets is:74
1439.6099999999994: MET_Broker: Cloudlet #74 return received
1439.6099999999994: MET_Broker: The number of finished Cloudlets is:75
1465.4099999999994: MET_Broker: Cloudlet #75 return received
1465.4099999999994: MET_Broker: The number of finished Cloudlets is:76
1466.4099999999994: MET_Broker: Cloudlet #76 return received
1466.4099999999994: MET_Broker: The number of finished Cloudlets is:77
1494.6099999999994: MET_Broker: Cloudlet #77 return received
1494.6099999999994: MET_Broker: The number of finished Cloudlets is:78
1515.0099999999995: MET_Broker: Cloudlet #79 return received
1515.0099999999995: MET_Broker: The number of finished Cloudlets is:79
1538.6099999999994: MET_Broker: Cloudlet #80 return received
1538.6099999999994: MET_Broker: The number of finished Cloudlets is:80
1574.2099999999994: MET_Broker: Cloudlet #81 return received
1574.2099999999994: MET_Broker: The number of finished Cloudlets is:81
1609.8099999999993: MET_Broker: Cloudlet #82 return received
1609.8099999999993: MET_Broker: The number of finished Cloudlets is:82
1660.6099999999992: MET_Broker: Cloudlet #83 return received
1660.6099999999992: MET_Broker: The number of finished Cloudlets is:83
1685.8099999999993: MET_Broker: Cloudlet #84 return received
1685.8099999999993: MET_Broker: The number of finished Cloudlets is:84
1729.4099999999992: MET_Broker: Cloudlet #85 return received
1729.4099999999992: MET_Broker: The number of finished Cloudlets is:85
1779.4099999999992: MET_Broker: Cloudlet #86 return received
1779.4099999999992: MET_Broker: The number of finished Cloudlets is:86
1811.009999999999: MET_Broker: Cloudlet #87 return received
1811.009999999999: MET_Broker: The number of finished Cloudlets is:87
1826.4099999999992: MET_Broker: Cloudlet #78 return received
1826.4099999999992: MET_Broker: The number of finished Cloudlets is:88
1844.2099999999991: MET_Broker: Cloudlet #88 return received
1844.2099999999991: MET_Broker: The number of finished Cloudlets is:89
1867.6099999999992: MET_Broker: Cloudlet #89 return received
1867.6099999999992: MET_Broker: The number of finished Cloudlets is:90
1887.8099999999993: MET_Broker: Cloudlet #90 return received
1887.8099999999993: MET_Broker: The number of finished Cloudlets is:91
1896.8099999999993: MET_Broker: Cloudlet #91 return received
1896.8099999999993: MET_Broker: The number of finished Cloudlets is:92
1925.0099999999993: MET_Broker: Cloudlet #92 return received
1925.0099999999993: MET_Broker: The number of finished Cloudlets is:93
1937.2099999999994: MET_Broker: Cloudlet #93 return received
1937.2099999999994: MET_Broker: The number of finished Cloudlets is:94
1975.0099999999993: MET_Broker: Cloudlet #94 return received
1975.0099999999993: MET_Broker: The number of finished Cloudlets is:95
1981.6099999999992: MET_Broker: Cloudlet #95 return received
1981.6099999999992: MET_Broker: The number of finished Cloudlets is:96
2003.6099999999992: MET_Broker: Cloudlet #97 return received
2003.6099999999992: MET_Broker: The number of finished Cloudlets is:97
2012.2099999999991: MET_Broker: Cloudlet #96 return received
2012.2099999999991: MET_Broker: The number of finished Cloudlets is:98
2041.4099999999992: MET_Broker: Cloudlet #99 return received
2041.4099999999992: MET_Broker: The number of finished Cloudlets is:99
2045.6099999999992: MET_Broker: Cloudlet #98 return received
2045.6099999999992: MET_Broker: The number of finished Cloudlets is:100
2060.209999999999: MET_Broker: Cloudlet #100 return received
2060.209999999999: MET_Broker: The number of finished Cloudlets is:101
2075.609999999999: MET_Broker: Cloudlet #101 return received
2075.609999999999: MET_Broker: The number of finished Cloudlets is:102
2101.4099999999994: MET_Broker: Cloudlet #102 return received
2101.4099999999994: MET_Broker: The number of finished Cloudlets is:103
2112.0099999999993: MET_Broker: Cloudlet #103 return received
2112.0099999999993: MET_Broker: The number of finished Cloudlets is:104
2122.609999999999: MET_Broker: Cloudlet #104 return received
2122.609999999999: MET_Broker: The number of finished Cloudlets is:105
2149.4099999999994: MET_Broker: Cloudlet #106 return received
2149.4099999999994: MET_Broker: The number of finished Cloudlets is:106
2175.4099999999994: MET_Broker: Cloudlet #107 return received
2175.4099999999994: MET_Broker: The number of finished Cloudlets is:107
2194.2099999999996: MET_Broker: Cloudlet #108 return received
2194.2099999999996: MET_Broker: The number of finished Cloudlets is:108
2205.2099999999996: MET_Broker: Cloudlet #109 return received
2205.2099999999996: MET_Broker: The number of finished Cloudlets is:109
2244.0099999999998: MET_Broker: Cloudlet #110 return received
2244.0099999999998: MET_Broker: The number of finished Cloudlets is:110
2290.0099999999998: MET_Broker: Cloudlet #111 return received
2290.0099999999998: MET_Broker: The number of finished Cloudlets is:111
2336.81: MET_Broker: Cloudlet #112 return received
2336.81: MET_Broker: The number of finished Cloudlets is:112
2358.81: MET_Broker: Cloudlet #113 return received
2358.81: MET_Broker: The number of finished Cloudlets is:113
2412.81: MET_Broker: Cloudlet #114 return received
2412.81: MET_Broker: The number of finished Cloudlets is:114
2472.0099999999998: MET_Broker: Cloudlet #105 return received
2472.0099999999998: MET_Broker: The number of finished Cloudlets is:115
2490.81: MET_Broker: Cloudlet #116 return received
2490.81: MET_Broker: The number of finished Cloudlets is:116
2501.81: MET_Broker: Cloudlet #117 return received
2501.81: MET_Broker: The number of finished Cloudlets is:117
2538.21: MET_Broker: Cloudlet #118 return received
2538.21: MET_Broker: The number of finished Cloudlets is:118
2547.81: MET_Broker: Cloudlet #115 return received
2547.81: MET_Broker: The number of finished Cloudlets is:119
2569.81: MET_Broker: Cloudlet #120 return received
2569.81: MET_Broker: The number of finished Cloudlets is:120
2571.41: MET_Broker: Cloudlet #119 return received
2571.41: MET_Broker: The number of finished Cloudlets is:121
2575.81: MET_Broker: Cloudlet #121 return received
2575.81: MET_Broker: The number of finished Cloudlets is:122
2611.0099999999998: MET_Broker: Cloudlet #122 return received
2611.0099999999998: MET_Broker: The number of finished Cloudlets is:123
2635.81: MET_Broker: Cloudlet #123 return received
2635.81: MET_Broker: The number of finished Cloudlets is:124
2649.0099999999998: MET_Broker: Cloudlet #124 return received
2649.0099999999998: MET_Broker: The number of finished Cloudlets is:125
2662.6099999999997: MET_Broker: Cloudlet #125 return received
2662.6099999999997: MET_Broker: The number of finished Cloudlets is:126
2668.6099999999997: MET_Broker: Cloudlet #127 return received
2668.6099999999997: MET_Broker: The number of finished Cloudlets is:127
2674.2099999999996: MET_Broker: Cloudlet #126 return received
2674.2099999999996: MET_Broker: The number of finished Cloudlets is:128
2706.6099999999997: MET_Broker: Cloudlet #128 return received
2706.6099999999997: MET_Broker: The number of finished Cloudlets is:129
2721.0099999999998: MET_Broker: Cloudlet #129 return received
2721.0099999999998: MET_Broker: The number of finished Cloudlets is:130
2746.2099999999996: MET_Broker: Cloudlet #131 return received
2746.2099999999996: MET_Broker: The number of finished Cloudlets is:131
2991.6099999999997: MET_Broker: Cloudlet #130 return received
2991.6099999999997: MET_Broker: The number of finished Cloudlets is:132
3011.2099999999996: MET_Broker: Cloudlet #133 return received
3011.2099999999996: MET_Broker: The number of finished Cloudlets is:133
3027.2099999999996: MET_Broker: Cloudlet #134 return received
3027.2099999999996: MET_Broker: The number of finished Cloudlets is:134
3031.2099999999996: MET_Broker: Cloudlet #132 return received
3031.2099999999996: MET_Broker: The number of finished Cloudlets is:135
3048.4099999999994: MET_Broker: Cloudlet #135 return received
3048.4099999999994: MET_Broker: The number of finished Cloudlets is:136
3054.8099999999995: MET_Broker: Cloudlet #136 return received
3054.8099999999995: MET_Broker: The number of finished Cloudlets is:137
3080.8099999999995: MET_Broker: Cloudlet #138 return received
3080.8099999999995: MET_Broker: The number of finished Cloudlets is:138
3093.6099999999997: MET_Broker: Cloudlet #137 return received
3093.6099999999997: MET_Broker: The number of finished Cloudlets is:139
3101.2099999999996: MET_Broker: Cloudlet #139 return received
3101.2099999999996: MET_Broker: The number of finished Cloudlets is:140
3131.2099999999996: MET_Broker: Cloudlet #141 return received
3131.2099999999996: MET_Broker: The number of finished Cloudlets is:141
3181.2099999999996: MET_Broker: Cloudlet #142 return received
3181.2099999999996: MET_Broker: The number of finished Cloudlets is:142
3199.2099999999996: MET_Broker: Cloudlet #143 return received
3199.2099999999996: MET_Broker: The number of finished Cloudlets is:143
3228.6099999999997: MET_Broker: Cloudlet #140 return received
3228.6099999999997: MET_Broker: The number of finished Cloudlets is:144
3246.6099999999997: MET_Broker: Cloudlet #145 return received
3246.6099999999997: MET_Broker: The number of finished Cloudlets is:145
3559.2099999999996: MET_Broker: Cloudlet #144 return received
3559.2099999999996: MET_Broker: The number of finished Cloudlets is:146
3606.6099999999997: MET_Broker: Cloudlet #146 return received
3606.6099999999997: MET_Broker: The number of finished Cloudlets is:147
3609.2099999999996: MET_Broker: Cloudlet #147 return received
3609.2099999999996: MET_Broker: The number of finished Cloudlets is:148
3636.6099999999997: MET_Broker: Cloudlet #148 return received
3636.6099999999997: MET_Broker: The number of finished Cloudlets is:149
3652.8099999999995: MET_Broker: Cloudlet #149 return received
3652.8099999999995: MET_Broker: The number of finished Cloudlets is:150
3662.6099999999997: MET_Broker: Cloudlet #150 return received
3662.6099999999997: MET_Broker: The number of finished Cloudlets is:151
3684.41: MET_Broker: Cloudlet #151 return received
3684.41: MET_Broker: The number of finished Cloudlets is:152
3712.6099999999997: MET_Broker: Cloudlet #152 return received
3712.6099999999997: MET_Broker: The number of finished Cloudlets is:153
3754.6099999999997: MET_Broker: Cloudlet #154 return received
3754.6099999999997: MET_Broker: The number of finished Cloudlets is:154
3774.2099999999996: MET_Broker: Cloudlet #155 return received
3774.2099999999996: MET_Broker: The number of finished Cloudlets is:155
3822.6099999999997: MET_Broker: Cloudlet #156 return received
3822.6099999999997: MET_Broker: The number of finished Cloudlets is:156
3861.41: MET_Broker: Cloudlet #157 return received
3861.41: MET_Broker: The number of finished Cloudlets is:157
3969.41: MET_Broker: Cloudlet #153 return received
3969.41: MET_Broker: The number of finished Cloudlets is:158
4010.6099999999997: MET_Broker: Cloudlet #159 return received
4010.6099999999997: MET_Broker: The number of finished Cloudlets is:159
4056.6099999999997: MET_Broker: Cloudlet #160 return received
4056.6099999999997: MET_Broker: The number of finished Cloudlets is:160
4146.41: MET_Broker: Cloudlet #158 return received
4146.41: MET_Broker: The number of finished Cloudlets is:161
4176.41: MET_Broker: Cloudlet #162 return received
4176.41: MET_Broker: The number of finished Cloudlets is:162
4198.41: MET_Broker: Cloudlet #163 return received
4198.41: MET_Broker: The number of finished Cloudlets is:163
4250.01: MET_Broker: Cloudlet #164 return received
4250.01: MET_Broker: The number of finished Cloudlets is:164
4280.81: MET_Broker: Cloudlet #165 return received
4280.81: MET_Broker: The number of finished Cloudlets is:165
4300.410000000001: MET_Broker: Cloudlet #166 return received
4300.410000000001: MET_Broker: The number of finished Cloudlets is:166
4332.81: MET_Broker: Cloudlet #167 return received
4332.81: MET_Broker: The number of finished Cloudlets is:167
4359.610000000001: MET_Broker: Cloudlet #168 return received
4359.610000000001: MET_Broker: The number of finished Cloudlets is:168
4394.410000000001: MET_Broker: Cloudlet #169 return received
4394.410000000001: MET_Broker: The number of finished Cloudlets is:169
4416.610000000001: MET_Broker: Cloudlet #161 return received
4416.610000000001: MET_Broker: The number of finished Cloudlets is:170
4420.410000000001: MET_Broker: Cloudlet #170 return received
4420.410000000001: MET_Broker: The number of finished Cloudlets is:171
4456.81: MET_Broker: Cloudlet #172 return received
4456.81: MET_Broker: The number of finished Cloudlets is:172
4457.01: MET_Broker: Cloudlet #171 return received
4457.01: MET_Broker: The number of finished Cloudlets is:173
4472.81: MET_Broker: Cloudlet #173 return received
4472.81: MET_Broker: The number of finished Cloudlets is:174
4489.410000000001: MET_Broker: Cloudlet #174 return received
4489.410000000001: MET_Broker: The number of finished Cloudlets is:175
4518.010000000001: MET_Broker: Cloudlet #175 return received
4518.010000000001: MET_Broker: The number of finished Cloudlets is:176
4518.6100000000015: MET_Broker: Cloudlet #176 return received
4518.6100000000015: MET_Broker: The number of finished Cloudlets is:177
4552.6100000000015: MET_Broker: Cloudlet #178 return received
4552.6100000000015: MET_Broker: The number of finished Cloudlets is:178
4598.6100000000015: MET_Broker: Cloudlet #179 return received
4598.6100000000015: MET_Broker: The number of finished Cloudlets is:179
4632.6100000000015: MET_Broker: Cloudlet #180 return received
4632.6100000000015: MET_Broker: The number of finished Cloudlets is:180
4686.6100000000015: MET_Broker: Cloudlet #181 return received
4686.6100000000015: MET_Broker: The number of finished Cloudlets is:181
4803.010000000001: MET_Broker: Cloudlet #177 return received
4803.010000000001: MET_Broker: The number of finished Cloudlets is:182
4857.010000000001: MET_Broker: Cloudlet #183 return received
4857.010000000001: MET_Broker: The number of finished Cloudlets is:183
4887.010000000001: MET_Broker: Cloudlet #184 return received
4887.010000000001: MET_Broker: The number of finished Cloudlets is:184
4931.410000000001: MET_Broker: Cloudlet #185 return received
4931.410000000001: MET_Broker: The number of finished Cloudlets is:185
4937.410000000001: MET_Broker: Cloudlet #186 return received
4937.410000000001: MET_Broker: The number of finished Cloudlets is:186
4971.610000000001: MET_Broker: Cloudlet #182 return received
4971.610000000001: MET_Broker: The number of finished Cloudlets is:187
4986.610000000001: MET_Broker: Cloudlet #187 return received
4986.610000000001: MET_Broker: The number of finished Cloudlets is:188
5012.01: MET_Broker: Cloudlet #188 return received
5012.01: MET_Broker: The number of finished Cloudlets is:189
5057.21: MET_Broker: Cloudlet #190 return received
5057.21: MET_Broker: The number of finished Cloudlets is:190
5075.21: MET_Broker: Cloudlet #191 return received
5075.21: MET_Broker: The number of finished Cloudlets is:191
5100.41: MET_Broker: Cloudlet #192 return received
5100.41: MET_Broker: The number of finished Cloudlets is:192
5160.41: MET_Broker: Cloudlet #193 return received
5160.41: MET_Broker: The number of finished Cloudlets is:193
5187.21: MET_Broker: Cloudlet #194 return received
5187.21: MET_Broker: The number of finished Cloudlets is:194
5203.21: MET_Broker: Cloudlet #195 return received
5203.21: MET_Broker: The number of finished Cloudlets is:195
5250.81: MET_Broker: Cloudlet #196 return received
5250.81: MET_Broker: The number of finished Cloudlets is:196
5271.610000000001: MET_Broker: Cloudlet #189 return received
5271.610000000001: MET_Broker: The number of finished Cloudlets is:197
5304.01: MET_Broker: Cloudlet #198 return received
5304.01: MET_Broker: The number of finished Cloudlets is:198
5304.81: MET_Broker: Cloudlet #197 return received
5304.81: MET_Broker: The number of finished Cloudlets is:199
5322.81: MET_Broker: Cloudlet #200 return received
5322.81: MET_Broker: The number of finished Cloudlets is:200
5323.610000000001: MET_Broker: Cloudlet #199 return received
5323.610000000001: MET_Broker: The number of finished Cloudlets is:201
5532.81: MET_Broker: Cloudlet #201 return received
5532.81: MET_Broker: The number of finished Cloudlets is:202
5533.610000000001: MET_Broker: Cloudlet #202 return received
5533.610000000001: MET_Broker: The number of finished Cloudlets is:203
5551.610000000001: MET_Broker: Cloudlet #203 return received
5551.610000000001: MET_Broker: The number of finished Cloudlets is:204
5552.410000000001: MET_Broker: Cloudlet #204 return received
5552.410000000001: MET_Broker: The number of finished Cloudlets is:205
5577.610000000001: MET_Broker: Cloudlet #206 return received
5577.610000000001: MET_Broker: The number of finished Cloudlets is:206
5592.81: MET_Broker: Cloudlet #205 return received
5592.81: MET_Broker: The number of finished Cloudlets is:207
5593.610000000001: MET_Broker: Cloudlet #207 return received
5593.610000000001: MET_Broker: The number of finished Cloudlets is:208
5613.210000000001: MET_Broker: Cloudlet #208 return received
5613.210000000001: MET_Broker: The number of finished Cloudlets is:209
5630.010000000001: MET_Broker: Cloudlet #209 return received
5630.010000000001: MET_Broker: The number of finished Cloudlets is:210
5635.210000000001: MET_Broker: Cloudlet #210 return received
5635.210000000001: MET_Broker: The number of finished Cloudlets is:211
5676.810000000001: MET_Broker: Cloudlet #211 return received
5676.810000000001: MET_Broker: The number of finished Cloudlets is:212
5714.810000000001: MET_Broker: Cloudlet #213 return received
5714.810000000001: MET_Broker: The number of finished Cloudlets is:213
5740.010000000001: MET_Broker: Cloudlet #214 return received
5740.010000000001: MET_Broker: The number of finished Cloudlets is:214
5770.210000000001: MET_Broker: Cloudlet #212 return received
5770.210000000001: MET_Broker: The number of finished Cloudlets is:215
5791.610000000001: MET_Broker: Cloudlet #215 return received
5791.610000000001: MET_Broker: The number of finished Cloudlets is:216
5794.610000000001: MET_Broker: Cloudlet #216 return received
5794.610000000001: MET_Broker: The number of finished Cloudlets is:217
5805.610000000001: MET_Broker: Cloudlet #218 return received
5805.610000000001: MET_Broker: The number of finished Cloudlets is:218
5838.410000000001: MET_Broker: Cloudlet #217 return received
5838.410000000001: MET_Broker: The number of finished Cloudlets is:219
5839.610000000001: MET_Broker: Cloudlet #219 return received
5839.610000000001: MET_Broker: The number of finished Cloudlets is:220
5857.610000000001: MET_Broker: Cloudlet #221 return received
5857.610000000001: MET_Broker: The number of finished Cloudlets is:221
5881.210000000001: MET_Broker: Cloudlet #220 return received
5881.210000000001: MET_Broker: The number of finished Cloudlets is:222
5887.210000000001: MET_Broker: Cloudlet #223 return received
5887.210000000001: MET_Broker: The number of finished Cloudlets is:223
5890.010000000001: MET_Broker: Cloudlet #222 return received
5890.010000000001: MET_Broker: The number of finished Cloudlets is:224
5910.810000000001: MET_Broker: Cloudlet #224 return received
5910.810000000001: MET_Broker: The number of finished Cloudlets is:225
5918.410000000002: MET_Broker: Cloudlet #225 return received
5918.410000000002: MET_Broker: The number of finished Cloudlets is:226
5950.010000000002: MET_Broker: Cloudlet #227 return received
5950.010000000002: MET_Broker: The number of finished Cloudlets is:227
5955.210000000002: MET_Broker: Cloudlet #226 return received
5955.210000000002: MET_Broker: The number of finished Cloudlets is:228
5990.810000000002: MET_Broker: Cloudlet #229 return received
5990.810000000002: MET_Broker: The number of finished Cloudlets is:229
5992.010000000002: MET_Broker: Cloudlet #228 return received
5992.010000000002: MET_Broker: The number of finished Cloudlets is:230
6018.810000000002: MET_Broker: Cloudlet #231 return received
6018.810000000002: MET_Broker: The number of finished Cloudlets is:231
6067.210000000002: MET_Broker: Cloudlet #232 return received
6067.210000000002: MET_Broker: The number of finished Cloudlets is:232
6115.6100000000015: MET_Broker: Cloudlet #233 return received
6115.6100000000015: MET_Broker: The number of finished Cloudlets is:233
6145.6100000000015: MET_Broker: Cloudlet #234 return received
6145.6100000000015: MET_Broker: The number of finished Cloudlets is:234
6187.6100000000015: MET_Broker: Cloudlet #235 return received
6187.6100000000015: MET_Broker: The number of finished Cloudlets is:235
6200.810000000001: MET_Broker: Cloudlet #230 return received
6200.810000000001: MET_Broker: The number of finished Cloudlets is:236
6239.210000000001: MET_Broker: Cloudlet #236 return received
6239.210000000001: MET_Broker: The number of finished Cloudlets is:237
6250.010000000001: MET_Broker: Cloudlet #237 return received
6250.010000000001: MET_Broker: The number of finished Cloudlets is:238
6258.010000000001: MET_Broker: Cloudlet #238 return received
6258.010000000001: MET_Broker: The number of finished Cloudlets is:239
6284.010000000001: MET_Broker: Cloudlet #240 return received
6284.010000000001: MET_Broker: The number of finished Cloudlets is:240
6334.810000000001: MET_Broker: Cloudlet #241 return received
6334.810000000001: MET_Broker: The number of finished Cloudlets is:241
6356.810000000001: MET_Broker: Cloudlet #242 return received
6356.810000000001: MET_Broker: The number of finished Cloudlets is:242
6410.810000000001: MET_Broker: Cloudlet #243 return received
6410.810000000001: MET_Broker: The number of finished Cloudlets is:243
6454.410000000002: MET_Broker: Cloudlet #244 return received
6454.410000000002: MET_Broker: The number of finished Cloudlets is:244
6460.010000000002: MET_Broker: Cloudlet #239 return received
6460.010000000002: MET_Broker: The number of finished Cloudlets is:245
6490.010000000002: MET_Broker: Cloudlet #245 return received
6490.010000000002: MET_Broker: The number of finished Cloudlets is:246
6510.010000000002: MET_Broker: Cloudlet #246 return received
6510.010000000002: MET_Broker: The number of finished Cloudlets is:247
6535.210000000002: MET_Broker: Cloudlet #247 return received
6535.210000000002: MET_Broker: The number of finished Cloudlets is:248
6557.6100000000015: MET_Broker: Cloudlet #248 return received
6557.6100000000015: MET_Broker: The number of finished Cloudlets is:249
6585.210000000002: MET_Broker: Cloudlet #249 return received
6585.210000000002: MET_Broker: The number of finished Cloudlets is:250
6592.410000000002: MET_Broker: Cloudlet #250 return received
6592.410000000002: MET_Broker: The number of finished Cloudlets is:251
6614.410000000002: MET_Broker: Cloudlet #251 return received
6614.410000000002: MET_Broker: The number of finished Cloudlets is:252
6630.410000000002: MET_Broker: Cloudlet #252 return received
6630.410000000002: MET_Broker: The number of finished Cloudlets is:253
6644.410000000002: MET_Broker: Cloudlet #253 return received
6644.410000000002: MET_Broker: The number of finished Cloudlets is:254
6677.210000000002: MET_Broker: Cloudlet #254 return received
6677.210000000002: MET_Broker: The number of finished Cloudlets is:255
6688.010000000002: MET_Broker: Cloudlet #255 return received
6688.010000000002: MET_Broker: The number of finished Cloudlets is:256
6688.210000000002: MET_Broker: Cloudlet #256 return received
6688.210000000002: MET_Broker: The number of finished Cloudlets is:257
6718.010000000002: MET_Broker: Cloudlet #257 return received
6718.010000000002: MET_Broker: The number of finished Cloudlets is:258
6734.210000000002: MET_Broker: Cloudlet #258 return received
6734.210000000002: MET_Broker: The number of finished Cloudlets is:259
6755.210000000002: MET_Broker: Cloudlet #259 return received
6755.210000000002: MET_Broker: The number of finished Cloudlets is:260
6772.210000000002: MET_Broker: Cloudlet #260 return received
6772.210000000002: MET_Broker: The number of finished Cloudlets is:261
6798.010000000002: MET_Broker: Cloudlet #261 return received
6798.010000000002: MET_Broker: The number of finished Cloudlets is:262
6801.410000000002: MET_Broker: Cloudlet #262 return received
6801.410000000002: MET_Broker: The number of finished Cloudlets is:263
6817.6100000000015: MET_Broker: Cloudlet #263 return received
6817.6100000000015: MET_Broker: The number of finished Cloudlets is:264
6841.010000000001: MET_Broker: Cloudlet #264 return received
6841.010000000001: MET_Broker: The number of finished Cloudlets is:265
6850.010000000001: MET_Broker: Cloudlet #265 return received
6850.010000000001: MET_Broker: The number of finished Cloudlets is:266
6856.010000000001: MET_Broker: Cloudlet #267 return received
6856.010000000001: MET_Broker: The number of finished Cloudlets is:267
6890.210000000001: MET_Broker: Cloudlet #266 return received
6890.210000000001: MET_Broker: The number of finished Cloudlets is:268
6895.610000000001: MET_Broker: Cloudlet #268 return received
6895.610000000001: MET_Broker: The number of finished Cloudlets is:269
6916.01: MET_Broker: Cloudlet #270 return received
6916.01: MET_Broker: The number of finished Cloudlets is:270
6927.41: MET_Broker: Cloudlet #269 return received
6927.41: MET_Broker: The number of finished Cloudlets is:271
6958.01: MET_Broker: Cloudlet #271 return received
6958.01: MET_Broker: The number of finished Cloudlets is:272
6978.21: MET_Broker: Cloudlet #272 return received
6978.21: MET_Broker: The number of finished Cloudlets is:273
6987.21: MET_Broker: Cloudlet #273 return received
6987.21: MET_Broker: The number of finished Cloudlets is:274
7008.21: MET_Broker: Cloudlet #274 return received
7008.21: MET_Broker: The number of finished Cloudlets is:275
7030.81: MET_Broker: Cloudlet #275 return received
7030.81: MET_Broker: The number of finished Cloudlets is:276
7038.21: MET_Broker: Cloudlet #276 return received
7038.21: MET_Broker: The number of finished Cloudlets is:277
7060.81: MET_Broker: Cloudlet #277 return received
7060.81: MET_Broker: The number of finished Cloudlets is:278
7089.81: MET_Broker: Cloudlet #278 return received
7089.81: MET_Broker: The number of finished Cloudlets is:279
7096.410000000001: MET_Broker: Cloudlet #279 return received
7096.410000000001: MET_Broker: The number of finished Cloudlets is:280
7136.610000000001: MET_Broker: Cloudlet #280 return received
7136.610000000001: MET_Broker: The number of finished Cloudlets is:281
7139.210000000001: MET_Broker: Cloudlet #281 return received
7139.210000000001: MET_Broker: The number of finished Cloudlets is:282
7169.210000000001: MET_Broker: Cloudlet #283 return received
7169.210000000001: MET_Broker: The number of finished Cloudlets is:283
7181.010000000001: MET_Broker: Cloudlet #282 return received
7181.010000000001: MET_Broker: The number of finished Cloudlets is:284
7191.210000000001: MET_Broker: Cloudlet #284 return received
7191.210000000001: MET_Broker: The number of finished Cloudlets is:285
7210.210000000001: MET_Broker: Cloudlet #285 return received
7210.210000000001: MET_Broker: The number of finished Cloudlets is:286
7211.610000000001: MET_Broker: Cloudlet #286 return received
7211.610000000001: MET_Broker: The number of finished Cloudlets is:287
7236.01: MET_Broker: Cloudlet #288 return received
7236.01: MET_Broker: The number of finished Cloudlets is:288
7268.41: MET_Broker: Cloudlet #289 return received
7268.41: MET_Broker: The number of finished Cloudlets is:289
7288.8099999999995: MET_Broker: Cloudlet #290 return received
7288.8099999999995: MET_Broker: The number of finished Cloudlets is:290
7335.61: MET_Broker: Cloudlet #291 return received
7335.61: MET_Broker: The number of finished Cloudlets is:291
7389.61: MET_Broker: Cloudlet #292 return received
7389.61: MET_Broker: The number of finished Cloudlets is:292
7418.009999999999: MET_Broker: Cloudlet #293 return received
7418.009999999999: MET_Broker: The number of finished Cloudlets is:293
7460.009999999999: MET_Broker: Cloudlet #294 return received
7460.009999999999: MET_Broker: The number of finished Cloudlets is:294
7478.009999999999: MET_Broker: Cloudlet #295 return received
7478.009999999999: MET_Broker: The number of finished Cloudlets is:295
7509.61: MET_Broker: Cloudlet #296 return received
7509.61: MET_Broker: The number of finished Cloudlets is:296
7542.009999999999: MET_Broker: Cloudlet #297 return received
7542.009999999999: MET_Broker: The number of finished Cloudlets is:297
7570.209999999999: MET_Broker: Cloudlet #287 return received
7570.209999999999: MET_Broker: The number of finished Cloudlets is:298
7587.209999999999: MET_Broker: Cloudlet #298 return received
7587.209999999999: MET_Broker: The number of finished Cloudlets is:299
7612.209999999999: MET_Broker: Cloudlet #299 return received
7612.209999999999: MET_Broker: The number of finished Cloudlets is:300
7612.209999999999: MET_Broker: All Cloudlets executed. Finishing...
7612.209999999999: MET_Broker: Destroying Vm #0
7612.209999999999: MET_Broker: Destroying Vm #1
7612.209999999999: MET_Broker: Destroying Vm #2
7612.209999999999: MET_Broker: Destroying Vm #3
7612.209999999999: MET_Broker: Destroying Vm #4
7612.209999999999: MET_Broker: Destroying Vm #5
7612.209999999999: MET_Broker: Destroying Vm #6
7612.209999999999: MET_Broker: Destroying Vm #7
7612.209999999999: MET_Broker: Destroying Vm #8
7612.209999999999: MET_Broker: Destroying Vm #9
7612.209999999999: MET_Broker: Destroying Vm #10
7612.209999999999: MET_Broker: Destroying Vm #11
7612.209999999999: MET_Broker: Destroying Vm #12
7612.209999999999: MET_Broker: Destroying Vm #13
7612.209999999999: MET_Broker: Destroying Vm #14
7612.209999999999: MET_Broker: Destroying Vm #15
7612.209999999999: MET_Broker: Destroying Vm #16
7612.209999999999: MET_Broker: Destroying Vm #17
7612.209999999999: MET_Broker: Destroying Vm #18
7612.209999999999: MET_Broker: Destroying Vm #19
7612.209999999999: MET_Broker is shutting down...
7612.209999999999: Simulation: No more future events
7612.209999999999: CloudInformationService is shutting down...
7612.209999999999: CloudInformationService: Notify all CloudSim entities for shutting down.
7612.209999999999: Datacenter_0 is shutting down...
7612.209999999999: MET_Broker is shutting down...
Simulation completed.
Simulation completed.

========== CLOUDLET RESULTS ==========
(only the first 20 successful Cloudlets are shown; METRICS below are still computed from all 300 results)
Cloudlet ID	Status	VM ID	Exec Time	Start Time	Finish Time
1	SUCCESS	15	16	0.01	16.01
3	SUCCESS	15	16	0.01	16.01
2	SUCCESS	15	24.4	0.01	24.41
4	SUCCESS	15	16	16.01	32.01
0	SUCCESS	15	42.8	0.01	42.81
5	SUCCESS	15	32.4	24.41	56.81
6	SUCCESS	15	43.6	32.01	75.61
7	SUCCESS	15	42	42.81	84.81
8	SUCCESS	15	50	56.81	106.81
9	SUCCESS	15	48.4	75.61	124.01
10	SUCCESS	15	46.8	84.81	131.61
11	SUCCESS	15	46.8	106.81	153.61
13	SUCCESS	15	24.4	131.61	156.01
12	SUCCESS	15	39.6	124.01	163.61
16	SUCCESS	15	25.2	163.61	188.81
14	SUCCESS	15	35.6	153.61	189.21
17	SUCCESS	15	20.4	188.81	209.21
18	SUCCESS	15	21.2	189.21	210.41
19	SUCCESS	15	18	209.21	227.21
20	SUCCESS	15	45.2	210.41	255.61

========== METRICS ==========
Completed Cloudlets      : 300
Makespan                 : 7612.21 s
Degree of Imbalance      : 20
Average Waiting Time     : 3653.2327 s
Throughput               : 0.0394 cloudlets/s
Average VM Utilization*  : 10.9104 %

* Utilization is calculated from aggregate Cloudlet CPU time
  over the available VM time in this simplified model.
Week4_MET_TaskScheduling finished!
[INFO] ------------------------------------------------------------------------
[INFO] BUILD SUCCESS
[INFO] ------------------------------------------------------------------------
[INFO] Total time:  0.862 s
[INFO] Finished at: 2026-10-05T12:09:13+07:00
[INFO] ------------------------------------------------------------------------
