[INFO] Scanning for projects...
[INFO] 
[INFO] --------------< org.cloudbus.cloudsim:cloudsim-examples >---------------
[INFO] Building cloudsim-examples 7.0.1
[INFO]   from pom.xml
[INFO] --------------------------------[ jar ]---------------------------------
[INFO] 
[INFO] --- exec:3.6.4:java (default-cli) @ cloudsim-examples ---
Starting Week4_MET_TaskScheduling...
Initialising...
Dataset loaded: dataset/GoCJ_Dataset_100.txt

========== CONFIGURATION ==========
Datacenters : 1
Hosts       : 10 (5 Class A + 5 Class B)
VMs         : 20
Cloudlets   : 100
Algorithm   : Minimum Execution Time (MET)

VM assignment distribution:
VM 0 -> 0 cloudlets
VM 1 -> 0 cloudlets
VM 2 -> 0 cloudlets
VM 3 -> 0 cloudlets
VM 4 -> 0 cloudlets
VM 5 -> 0 cloudlets
VM 6 -> 0 cloudlets
VM 7 -> 0 cloudlets
VM 8 -> 0 cloudlets
VM 9 -> 0 cloudlets
VM 10 -> 0 cloudlets
VM 11 -> 0 cloudlets
VM 12 -> 0 cloudlets
VM 13 -> 0 cloudlets
VM 14 -> 0 cloudlets
VM 15 -> 100 cloudlets
VM 16 -> 0 cloudlets
VM 17 -> 0 cloudlets
VM 18 -> 0 cloudlets
VM 19 -> 0 cloudlets

First 20 MET assignments:
Cloudlet 0 -> VM 15
Cloudlet 1 -> VM 15
Cloudlet 2 -> VM 15
Cloudlet 3 -> VM 15
Cloudlet 4 -> VM 15
Cloudlet 5 -> VM 15
Cloudlet 6 -> VM 15
Cloudlet 7 -> VM 15
Cloudlet 8 -> VM 15
Cloudlet 9 -> VM 15
Cloudlet 10 -> VM 15
Cloudlet 11 -> VM 15
Cloudlet 12 -> VM 15
Cloudlet 13 -> VM 15
Cloudlet 14 -> VM 15
Cloudlet 15 -> VM 15
Cloudlet 16 -> VM 15
Cloudlet 17 -> VM 15
Cloudlet 18 -> VM 15
Cloudlet 19 -> VM 15
Starting CloudSim version 7.0
0.0: Datacenter_0 is starting...
0.0: MET_Broker is starting...
Entities started.
0.0: MET_Broker: Cloud Resource List received with 1 datacenter(s)
0.0: MET_Broker: Trying to Create Vm #0 in Datacenter_0
0.0: MET_Broker: Trying to Create Vm #1 in Datacenter_0
0.0: MET_Broker: Trying to Create Vm #2 in Datacenter_0
0.0: MET_Broker: Trying to Create Vm #3 in Datacenter_0
0.0: MET_Broker: Trying to Create Vm #4 in Datacenter_0
0.0: MET_Broker: Trying to Create Vm #5 in Datacenter_0
0.0: MET_Broker: Trying to Create Vm #6 in Datacenter_0
0.0: MET_Broker: Trying to Create Vm #7 in Datacenter_0
0.0: MET_Broker: Trying to Create Vm #8 in Datacenter_0
0.0: MET_Broker: Trying to Create Vm #9 in Datacenter_0
0.0: MET_Broker: Trying to Create Vm #10 in Datacenter_0
0.0: MET_Broker: Trying to Create Vm #11 in Datacenter_0
0.0: MET_Broker: Trying to Create Vm #12 in Datacenter_0
0.0: MET_Broker: Trying to Create Vm #13 in Datacenter_0
0.0: MET_Broker: Trying to Create Vm #14 in Datacenter_0
0.0: MET_Broker: Trying to Create Vm #15 in Datacenter_0
0.0: MET_Broker: Trying to Create Vm #16 in Datacenter_0
0.0: MET_Broker: Trying to Create Vm #17 in Datacenter_0
0.0: MET_Broker: Trying to Create Vm #18 in Datacenter_0
0.0: MET_Broker: Trying to Create Vm #19 in Datacenter_0
0.0: Datacenter_0.guestAllocator: Vm #0 has been allocated to Host #5
0.0: Datacenter_0.guestAllocator: Vm #1 has been allocated to Host #6
0.0: Datacenter_0.guestAllocator: Vm #2 has been allocated to Host #7
0.0: Datacenter_0.guestAllocator: Vm #3 has been allocated to Host #8
0.0: Datacenter_0.guestAllocator: Vm #4 has been allocated to Host #9
0.0: Datacenter_0.guestAllocator: Vm #5 has been allocated to Host #5
0.0: Datacenter_0.guestAllocator: Vm #6 has been allocated to Host #6
0.0: Datacenter_0.guestAllocator: Vm #7 has been allocated to Host #7
0.0: Datacenter_0.guestAllocator: Vm #8 has been allocated to Host #8
0.0: Datacenter_0.guestAllocator: Vm #9 has been allocated to Host #9
0.0: Datacenter_0.guestAllocator: Vm #10 has been allocated to Host #5
0.0: Datacenter_0.guestAllocator: Vm #11 has been allocated to Host #6
0.0: Datacenter_0.guestAllocator: Vm #12 has been allocated to Host #7
0.0: Datacenter_0.guestAllocator: Vm #13 has been allocated to Host #8
0.0: Datacenter_0.guestAllocator: Vm #14 has been allocated to Host #9
0.0: Datacenter_0.guestAllocator: Vm #15 has been allocated to Host #5
0.0: Datacenter_0.guestAllocator: Vm #16 has been allocated to Host #6
0.0: Datacenter_0.guestAllocator: Vm #17 has been allocated to Host #7
0.0: Datacenter_0.guestAllocator: Vm #18 has been allocated to Host #8
0.0: Datacenter_0.guestAllocator: Vm #19 has been allocated to Host #9
0.01: MET_Broker: Vm #0 has been created in Datacenter #2, Host #5
0.01: MET_Broker: Vm #1 has been created in Datacenter #2, Host #6
0.01: MET_Broker: Vm #2 has been created in Datacenter #2, Host #7
0.01: MET_Broker: Vm #3 has been created in Datacenter #2, Host #8
0.01: MET_Broker: Vm #4 has been created in Datacenter #2, Host #9
0.01: MET_Broker: Vm #5 has been created in Datacenter #2, Host #5
0.01: MET_Broker: Vm #6 has been created in Datacenter #2, Host #6
0.01: MET_Broker: Vm #7 has been created in Datacenter #2, Host #7
0.01: MET_Broker: Vm #8 has been created in Datacenter #2, Host #8
0.01: MET_Broker: Vm #9 has been created in Datacenter #2, Host #9
0.01: MET_Broker: Vm #10 has been created in Datacenter #2, Host #5
0.01: MET_Broker: Vm #11 has been created in Datacenter #2, Host #6
0.01: MET_Broker: Vm #12 has been created in Datacenter #2, Host #7
0.01: MET_Broker: Vm #13 has been created in Datacenter #2, Host #8
0.01: MET_Broker: Vm #14 has been created in Datacenter #2, Host #9
0.01: MET_Broker: Vm #15 has been created in Datacenter #2, Host #5
0.01: MET_Broker: Vm #16 has been created in Datacenter #2, Host #6
0.01: MET_Broker: Vm #17 has been created in Datacenter #2, Host #7
0.01: MET_Broker: Vm #18 has been created in Datacenter #2, Host #8
0.01: MET_Broker: Vm #19 has been created in Datacenter #2, Host #9
0.01: MET_Broker: Sending Cloudlet #0 to Vm #15
0.01: MET_Broker: Sending Cloudlet #1 to Vm #15
0.01: MET_Broker: Sending Cloudlet #2 to Vm #15
0.01: MET_Broker: Sending Cloudlet #3 to Vm #15
0.01: MET_Broker: Sending Cloudlet #4 to Vm #15
0.01: MET_Broker: Sending Cloudlet #5 to Vm #15
0.01: MET_Broker: Sending Cloudlet #6 to Vm #15
0.01: MET_Broker: Sending Cloudlet #7 to Vm #15
0.01: MET_Broker: Sending Cloudlet #8 to Vm #15
0.01: MET_Broker: Sending Cloudlet #9 to Vm #15
0.01: MET_Broker: Sending Cloudlet #10 to Vm #15
0.01: MET_Broker: Sending Cloudlet #11 to Vm #15
0.01: MET_Broker: Sending Cloudlet #12 to Vm #15
0.01: MET_Broker: Sending Cloudlet #13 to Vm #15
0.01: MET_Broker: Sending Cloudlet #14 to Vm #15
0.01: MET_Broker: Sending Cloudlet #15 to Vm #15
0.01: MET_Broker: Sending Cloudlet #16 to Vm #15
0.01: MET_Broker: Sending Cloudlet #17 to Vm #15
0.01: MET_Broker: Sending Cloudlet #18 to Vm #15
0.01: MET_Broker: Sending Cloudlet #19 to Vm #15
0.01: MET_Broker: Sending Cloudlet #20 to Vm #15
0.01: MET_Broker: Sending Cloudlet #21 to Vm #15
0.01: MET_Broker: Sending Cloudlet #22 to Vm #15
0.01: MET_Broker: Sending Cloudlet #23 to Vm #15
0.01: MET_Broker: Sending Cloudlet #24 to Vm #15
0.01: MET_Broker: Sending Cloudlet #25 to Vm #15
0.01: MET_Broker: Sending Cloudlet #26 to Vm #15
0.01: MET_Broker: Sending Cloudlet #27 to Vm #15
0.01: MET_Broker: Sending Cloudlet #28 to Vm #15
0.01: MET_Broker: Sending Cloudlet #29 to Vm #15
0.01: MET_Broker: Sending Cloudlet #30 to Vm #15
0.01: MET_Broker: Sending Cloudlet #31 to Vm #15
0.01: MET_Broker: Sending Cloudlet #32 to Vm #15
0.01: MET_Broker: Sending Cloudlet #33 to Vm #15
0.01: MET_Broker: Sending Cloudlet #34 to Vm #15
0.01: MET_Broker: Sending Cloudlet #35 to Vm #15
0.01: MET_Broker: Sending Cloudlet #36 to Vm #15
0.01: MET_Broker: Sending Cloudlet #37 to Vm #15
0.01: MET_Broker: Sending Cloudlet #38 to Vm #15
0.01: MET_Broker: Sending Cloudlet #39 to Vm #15
0.01: MET_Broker: Sending Cloudlet #40 to Vm #15
0.01: MET_Broker: Sending Cloudlet #41 to Vm #15
0.01: MET_Broker: Sending Cloudlet #42 to Vm #15
0.01: MET_Broker: Sending Cloudlet #43 to Vm #15
0.01: MET_Broker: Sending Cloudlet #44 to Vm #15
0.01: MET_Broker: Sending Cloudlet #45 to Vm #15
0.01: MET_Broker: Sending Cloudlet #46 to Vm #15
0.01: MET_Broker: Sending Cloudlet #47 to Vm #15
0.01: MET_Broker: Sending Cloudlet #48 to Vm #15
0.01: MET_Broker: Sending Cloudlet #49 to Vm #15
0.01: MET_Broker: Sending Cloudlet #50 to Vm #15
0.01: MET_Broker: Sending Cloudlet #51 to Vm #15
0.01: MET_Broker: Sending Cloudlet #52 to Vm #15
0.01: MET_Broker: Sending Cloudlet #53 to Vm #15
0.01: MET_Broker: Sending Cloudlet #54 to Vm #15
0.01: MET_Broker: Sending Cloudlet #55 to Vm #15
0.01: MET_Broker: Sending Cloudlet #56 to Vm #15
0.01: MET_Broker: Sending Cloudlet #57 to Vm #15
0.01: MET_Broker: Sending Cloudlet #58 to Vm #15
0.01: MET_Broker: Sending Cloudlet #59 to Vm #15
0.01: MET_Broker: Sending Cloudlet #60 to Vm #15
0.01: MET_Broker: Sending Cloudlet #61 to Vm #15
0.01: MET_Broker: Sending Cloudlet #62 to Vm #15
0.01: MET_Broker: Sending Cloudlet #63 to Vm #15
0.01: MET_Broker: Sending Cloudlet #64 to Vm #15
0.01: MET_Broker: Sending Cloudlet #65 to Vm #15
0.01: MET_Broker: Sending Cloudlet #66 to Vm #15
0.01: MET_Broker: Sending Cloudlet #67 to Vm #15
0.01: MET_Broker: Sending Cloudlet #68 to Vm #15
0.01: MET_Broker: Sending Cloudlet #69 to Vm #15
0.01: MET_Broker: Sending Cloudlet #70 to Vm #15
0.01: MET_Broker: Sending Cloudlet #71 to Vm #15
0.01: MET_Broker: Sending Cloudlet #72 to Vm #15
0.01: MET_Broker: Sending Cloudlet #73 to Vm #15
0.01: MET_Broker: Sending Cloudlet #74 to Vm #15
0.01: MET_Broker: Sending Cloudlet #75 to Vm #15
0.01: MET_Broker: Sending Cloudlet #76 to Vm #15
0.01: MET_Broker: Sending Cloudlet #77 to Vm #15
0.01: MET_Broker: Sending Cloudlet #78 to Vm #15
0.01: MET_Broker: Sending Cloudlet #79 to Vm #15
0.01: MET_Broker: Sending Cloudlet #80 to Vm #15
0.01: MET_Broker: Sending Cloudlet #81 to Vm #15
0.01: MET_Broker: Sending Cloudlet #82 to Vm #15
0.01: MET_Broker: Sending Cloudlet #83 to Vm #15
0.01: MET_Broker: Sending Cloudlet #84 to Vm #15
0.01: MET_Broker: Sending Cloudlet #85 to Vm #15
0.01: MET_Broker: Sending Cloudlet #86 to Vm #15
0.01: MET_Broker: Sending Cloudlet #87 to Vm #15
0.01: MET_Broker: Sending Cloudlet #88 to Vm #15
0.01: MET_Broker: Sending Cloudlet #89 to Vm #15
0.01: MET_Broker: Sending Cloudlet #90 to Vm #15
0.01: MET_Broker: Sending Cloudlet #91 to Vm #15
0.01: MET_Broker: Sending Cloudlet #92 to Vm #15
0.01: MET_Broker: Sending Cloudlet #93 to Vm #15
0.01: MET_Broker: Sending Cloudlet #94 to Vm #15
0.01: MET_Broker: Sending Cloudlet #95 to Vm #15
0.01: MET_Broker: Sending Cloudlet #96 to Vm #15
0.01: MET_Broker: Sending Cloudlet #97 to Vm #15
0.01: MET_Broker: Sending Cloudlet #98 to Vm #15
0.01: MET_Broker: Sending Cloudlet #99 to Vm #15
25.21: MET_Broker: Cloudlet #2 return received
25.21: MET_Broker: The number of finished Cloudlets is:1
25.21: MET_Broker: Cloudlet #3 return received
25.21: MET_Broker: The number of finished Cloudlets is:2
33.21: MET_Broker: Cloudlet #1 return received
33.21: MET_Broker: The number of finished Cloudlets is:3
39.21: MET_Broker: Cloudlet #5 return received
39.21: MET_Broker: The number of finished Cloudlets is:4
50.809999999999995: MET_Broker: Cloudlet #0 return received
50.809999999999995: MET_Broker: The number of finished Cloudlets is:5
51.209999999999994: MET_Broker: Cloudlet #4 return received
51.209999999999994: MET_Broker: The number of finished Cloudlets is:6
75.60999999999999: MET_Broker: Cloudlet #6 return received
75.60999999999999: MET_Broker: The number of finished Cloudlets is:7
84.80999999999999: MET_Broker: Cloudlet #7 return received
84.80999999999999: MET_Broker: The number of finished Cloudlets is:8
91.60999999999999: MET_Broker: Cloudlet #8 return received
91.60999999999999: MET_Broker: The number of finished Cloudlets is:9
91.60999999999999: MET_Broker: Cloudlet #9 return received
91.60999999999999: MET_Broker: The number of finished Cloudlets is:10
100.80999999999999: MET_Broker: Cloudlet #10 return received
100.80999999999999: MET_Broker: The number of finished Cloudlets is:11
124.41: MET_Broker: Cloudlet #12 return received
124.41: MET_Broker: The number of finished Cloudlets is:12
169.61: MET_Broker: Cloudlet #13 return received
169.61: MET_Broker: The number of finished Cloudlets is:13
204.41000000000003: MET_Broker: Cloudlet #14 return received
204.41000000000003: MET_Broker: The number of finished Cloudlets is:14
225.61: MET_Broker: Cloudlet #15 return received
225.61: MET_Broker: The number of finished Cloudlets is:15
244.41000000000003: MET_Broker: Cloudlet #16 return received
244.41000000000003: MET_Broker: The number of finished Cloudlets is:16
295.21000000000004: MET_Broker: Cloudlet #17 return received
295.21000000000004: MET_Broker: The number of finished Cloudlets is:17
313.21000000000004: MET_Broker: Cloudlet #18 return received
313.21000000000004: MET_Broker: The number of finished Cloudlets is:18
324.21000000000004: MET_Broker: Cloudlet #19 return received
324.21000000000004: MET_Broker: The number of finished Cloudlets is:19
370.21000000000004: MET_Broker: Cloudlet #20 return received
370.21000000000004: MET_Broker: The number of finished Cloudlets is:20
376.61: MET_Broker: Cloudlet #11 return received
376.61: MET_Broker: The number of finished Cloudlets is:21
423.41: MET_Broker: Cloudlet #22 return received
423.41: MET_Broker: The number of finished Cloudlets is:22
465.41: MET_Broker: Cloudlet #23 return received
465.41: MET_Broker: The number of finished Cloudlets is:23
491.41: MET_Broker: Cloudlet #24 return received
491.41: MET_Broker: The number of finished Cloudlets is:24
522.21: MET_Broker: Cloudlet #25 return received
522.21: MET_Broker: The number of finished Cloudlets is:25
541.01: MET_Broker: Cloudlet #26 return received
541.01: MET_Broker: The number of finished Cloudlets is:26
576.61: MET_Broker: Cloudlet #27 return received
576.61: MET_Broker: The number of finished Cloudlets is:27
580.21: MET_Broker: Cloudlet #21 return received
580.21: MET_Broker: The number of finished Cloudlets is:28
613.01: MET_Broker: Cloudlet #28 return received
613.01: MET_Broker: The number of finished Cloudlets is:29
622.21: MET_Broker: Cloudlet #29 return received
622.21: MET_Broker: The number of finished Cloudlets is:30
642.61: MET_Broker: Cloudlet #31 return received
642.61: MET_Broker: The number of finished Cloudlets is:31
648.61: MET_Broker: Cloudlet #32 return received
648.61: MET_Broker: The number of finished Cloudlets is:32
659.8100000000001: MET_Broker: Cloudlet #30 return received
659.8100000000001: MET_Broker: The number of finished Cloudlets is:33
711.4100000000001: MET_Broker: Cloudlet #34 return received
711.4100000000001: MET_Broker: The number of finished Cloudlets is:34
730.21: MET_Broker: Cloudlet #35 return received
730.21: MET_Broker: The number of finished Cloudlets is:35
773.8100000000001: MET_Broker: Cloudlet #36 return received
773.8100000000001: MET_Broker: The number of finished Cloudlets is:36
783.61: MET_Broker: Cloudlet #33 return received
783.61: MET_Broker: The number of finished Cloudlets is:37
817.41: MET_Broker: Cloudlet #37 return received
817.41: MET_Broker: The number of finished Cloudlets is:38
837.61: MET_Broker: Cloudlet #38 return received
837.61: MET_Broker: The number of finished Cloudlets is:39
853.01: MET_Broker: Cloudlet #39 return received
853.01: MET_Broker: The number of finished Cloudlets is:40
878.01: MET_Broker: Cloudlet #40 return received
878.01: MET_Broker: The number of finished Cloudlets is:41
891.01: MET_Broker: Cloudlet #41 return received
891.01: MET_Broker: The number of finished Cloudlets is:42
928.01: MET_Broker: Cloudlet #42 return received
928.01: MET_Broker: The number of finished Cloudlets is:43
941.81: MET_Broker: Cloudlet #43 return received
941.81: MET_Broker: The number of finished Cloudlets is:44
961.2099999999999: MET_Broker: Cloudlet #44 return received
961.2099999999999: MET_Broker: The number of finished Cloudlets is:45
1246.21: MET_Broker: Cloudlet #46 return received
1246.21: MET_Broker: The number of finished Cloudlets is:46
1279.41: MET_Broker: Cloudlet #47 return received
1279.41: MET_Broker: The number of finished Cloudlets is:47
1301.8100000000002: MET_Broker: Cloudlet #45 return received
1301.8100000000002: MET_Broker: The number of finished Cloudlets is:48
1319.8100000000002: MET_Broker: Cloudlet #48 return received
1319.8100000000002: MET_Broker: The number of finished Cloudlets is:49
1325.41: MET_Broker: Cloudlet #49 return received
1325.41: MET_Broker: The number of finished Cloudlets is:50
1349.01: MET_Broker: Cloudlet #51 return received
1349.01: MET_Broker: The number of finished Cloudlets is:51
1361.81: MET_Broker: Cloudlet #50 return received
1361.81: MET_Broker: The number of finished Cloudlets is:52
1367.81: MET_Broker: Cloudlet #52 return received
1367.81: MET_Broker: The number of finished Cloudlets is:53
1409.81: MET_Broker: Cloudlet #54 return received
1409.81: MET_Broker: The number of finished Cloudlets is:54
1411.81: MET_Broker: Cloudlet #53 return received
1411.81: MET_Broker: The number of finished Cloudlets is:55
1429.81: MET_Broker: Cloudlet #56 return received
1429.81: MET_Broker: The number of finished Cloudlets is:56
1473.4099999999999: MET_Broker: Cloudlet #57 return received
1473.4099999999999: MET_Broker: The number of finished Cloudlets is:57
1500.2099999999998: MET_Broker: Cloudlet #58 return received
1500.2099999999998: MET_Broker: The number of finished Cloudlets is:58
1524.61: MET_Broker: Cloudlet #59 return received
1524.61: MET_Broker: The number of finished Cloudlets is:59
1551.4099999999999: MET_Broker: Cloudlet #60 return received
1551.4099999999999: MET_Broker: The number of finished Cloudlets is:60
1602.2099999999998: MET_Broker: Cloudlet #61 return received
1602.2099999999998: MET_Broker: The number of finished Cloudlets is:61
1637.0099999999998: MET_Broker: Cloudlet #62 return received
1637.0099999999998: MET_Broker: The number of finished Cloudlets is:62
1679.8099999999997: MET_Broker: Cloudlet #63 return received
1679.8099999999997: MET_Broker: The number of finished Cloudlets is:63
1694.8099999999997: MET_Broker: Cloudlet #55 return received
1694.8099999999997: MET_Broker: The number of finished Cloudlets is:64
1733.8099999999997: MET_Broker: Cloudlet #64 return received
1733.8099999999997: MET_Broker: The number of finished Cloudlets is:65
1735.2099999999998: MET_Broker: Cloudlet #65 return received
1735.2099999999998: MET_Broker: The number of finished Cloudlets is:66
1771.8099999999997: MET_Broker: Cloudlet #66 return received
1771.8099999999997: MET_Broker: The number of finished Cloudlets is:67
1786.0099999999998: MET_Broker: Cloudlet #67 return received
1786.0099999999998: MET_Broker: The number of finished Cloudlets is:68
1806.4099999999999: MET_Broker: Cloudlet #69 return received
1806.4099999999999: MET_Broker: The number of finished Cloudlets is:69
1842.81: MET_Broker: Cloudlet #70 return received
1842.81: MET_Broker: The number of finished Cloudlets is:70
1879.21: MET_Broker: Cloudlet #71 return received
1879.21: MET_Broker: The number of finished Cloudlets is:71
1916.41: MET_Broker: Cloudlet #72 return received
1916.41: MET_Broker: The number of finished Cloudlets is:72
1941.6100000000001: MET_Broker: Cloudlet #73 return received
1941.6100000000001: MET_Broker: The number of finished Cloudlets is:73
1962.0100000000002: MET_Broker: Cloudlet #74 return received
1962.0100000000002: MET_Broker: The number of finished Cloudlets is:74
1981.8100000000002: MET_Broker: Cloudlet #68 return received
1981.8100000000002: MET_Broker: The number of finished Cloudlets is:75
1998.41: MET_Broker: Cloudlet #75 return received
1998.41: MET_Broker: The number of finished Cloudlets is:76
2013.41: MET_Broker: Cloudlet #76 return received
2013.41: MET_Broker: The number of finished Cloudlets is:77
2029.21: MET_Broker: Cloudlet #77 return received
2029.21: MET_Broker: The number of finished Cloudlets is:78
2049.81: MET_Broker: Cloudlet #78 return received
2049.81: MET_Broker: The number of finished Cloudlets is:79
2073.61: MET_Broker: Cloudlet #79 return received
2073.61: MET_Broker: The number of finished Cloudlets is:80
2083.81: MET_Broker: Cloudlet #80 return received
2083.81: MET_Broker: The number of finished Cloudlets is:81
2102.0099999999998: MET_Broker: Cloudlet #81 return received
2102.0099999999998: MET_Broker: The number of finished Cloudlets is:82
2133.81: MET_Broker: Cloudlet #82 return received
2133.81: MET_Broker: The number of finished Cloudlets is:83
2153.41: MET_Broker: Cloudlet #84 return received
2153.41: MET_Broker: The number of finished Cloudlets is:84
2172.21: MET_Broker: Cloudlet #85 return received
2172.21: MET_Broker: The number of finished Cloudlets is:85
2188.21: MET_Broker: Cloudlet #86 return received
2188.21: MET_Broker: The number of finished Cloudlets is:86
2223.01: MET_Broker: Cloudlet #87 return received
2223.01: MET_Broker: The number of finished Cloudlets is:87
2273.01: MET_Broker: Cloudlet #88 return received
2273.01: MET_Broker: The number of finished Cloudlets is:88
2303.01: MET_Broker: Cloudlet #89 return received
2303.01: MET_Broker: The number of finished Cloudlets is:89
2387.01: MET_Broker: Cloudlet #83 return received
2387.01: MET_Broker: The number of finished Cloudlets is:90
2411.4100000000003: MET_Broker: Cloudlet #91 return received
2411.4100000000003: MET_Broker: The number of finished Cloudlets is:91
2438.01: MET_Broker: Cloudlet #90 return received
2438.01: MET_Broker: The number of finished Cloudlets is:92
2448.61: MET_Broker: Cloudlet #92 return received
2448.61: MET_Broker: The number of finished Cloudlets is:93
2457.61: MET_Broker: Cloudlet #93 return received
2457.61: MET_Broker: The number of finished Cloudlets is:94
2493.81: MET_Broker: Cloudlet #94 return received
2493.81: MET_Broker: The number of finished Cloudlets is:95
2503.61: MET_Broker: Cloudlet #95 return received
2503.61: MET_Broker: The number of finished Cloudlets is:96
2525.61: MET_Broker: Cloudlet #97 return received
2525.61: MET_Broker: The number of finished Cloudlets is:97
2551.61: MET_Broker: Cloudlet #98 return received
2551.61: MET_Broker: The number of finished Cloudlets is:98
2583.21: MET_Broker: Cloudlet #99 return received
2583.21: MET_Broker: The number of finished Cloudlets is:99
2703.81: MET_Broker: Cloudlet #96 return received
2703.81: MET_Broker: The number of finished Cloudlets is:100
2703.81: MET_Broker: All Cloudlets executed. Finishing...
2703.81: MET_Broker: Destroying Vm #0
2703.81: MET_Broker: Destroying Vm #1
2703.81: MET_Broker: Destroying Vm #2
2703.81: MET_Broker: Destroying Vm #3
2703.81: MET_Broker: Destroying Vm #4
2703.81: MET_Broker: Destroying Vm #5
2703.81: MET_Broker: Destroying Vm #6
2703.81: MET_Broker: Destroying Vm #7
2703.81: MET_Broker: Destroying Vm #8
2703.81: MET_Broker: Destroying Vm #9
2703.81: MET_Broker: Destroying Vm #10
2703.81: MET_Broker: Destroying Vm #11
2703.81: MET_Broker: Destroying Vm #12
2703.81: MET_Broker: Destroying Vm #13
2703.81: MET_Broker: Destroying Vm #14
2703.81: MET_Broker: Destroying Vm #15
2703.81: MET_Broker: Destroying Vm #16
2703.81: MET_Broker: Destroying Vm #17
2703.81: MET_Broker: Destroying Vm #18
2703.81: MET_Broker: Destroying Vm #19
2703.81: MET_Broker is shutting down...
2703.81: Simulation: No more future events
2703.81: CloudInformationService is shutting down...
2703.81: CloudInformationService: Notify all CloudSim entities for shutting down.
2703.81: Datacenter_0 is shutting down...
2703.81: MET_Broker is shutting down...
Simulation completed.
Simulation completed.

========== CLOUDLET RESULTS ==========
(only the first 20 successful Cloudlets are shown; METRICS below are still computed from all 100 results)
Cloudlet ID	Status	VM ID	Exec Time	Start Time	Finish Time
2	SUCCESS	15	25.2	0.01	25.21
3	SUCCESS	15	25.2	0.01	25.21
1	SUCCESS	15	33.2	0.01	33.21
5	SUCCESS	15	6	33.21	39.21
0	SUCCESS	15	50.8	0.01	50.81
4	SUCCESS	15	26	25.21	51.21
6	SUCCESS	15	36.4	39.21	75.61
7	SUCCESS	15	34	50.81	84.81
8	SUCCESS	15	40.4	51.21	91.61
9	SUCCESS	15	16	75.61	91.61
10	SUCCESS	15	16	84.81	100.81
12	SUCCESS	15	23.6	100.81	124.41
13	SUCCESS	15	45.2	124.41	169.61
14	SUCCESS	15	34.8	169.61	204.41
15	SUCCESS	15	21.2	204.41	225.61
16	SUCCESS	15	18.8	225.61	244.41
17	SUCCESS	15	50.8	244.41	295.21
18	SUCCESS	15	18	295.21	313.21
19	SUCCESS	15	11	313.21	324.21
20	SUCCESS	15	46	324.21	370.21

========== METRICS ==========
Completed Cloudlets      : 100
Makespan                 : 2703.81 s
Degree of Imbalance      : 20
Average Waiting Time     : 1199.316 s
Throughput               : 0.037 cloudlets/s
Average VM Utilization*  : 9.9929 %

* Utilization is calculated from aggregate Cloudlet CPU time
  over the available VM time in this simplified model.
Week4_MET_TaskScheduling finished!
[INFO] ------------------------------------------------------------------------
[INFO] BUILD SUCCESS
[INFO] ------------------------------------------------------------------------
[INFO] Total time:  0.781 s
[INFO] Finished at: 2026-10-05T12:08:59+07:00
[INFO] ------------------------------------------------------------------------
