[INFO] Scanning for projects...
[INFO] 
[INFO] --------------< org.cloudbus.cloudsim:cloudsim-examples >---------------
[INFO] Building cloudsim-examples 7.0.1
[INFO]   from pom.xml
[INFO] --------------------------------[ jar ]---------------------------------
[INFO] 
[INFO] --- exec:3.6.4:java (default-cli) @ cloudsim-examples ---
Starting Week4_MET_TaskScheduling...
Initialising...
Dataset loaded: dataset/GoCJ_Dataset_400.txt

========== CONFIGURATION ==========
Datacenters : 1
Hosts       : 10 (5 Class A + 5 Class B)
VMs         : 20
Cloudlets   : 400
Algorithm   : Minimum Execution Time (MET)

VM assignment distribution:
VM 0 -> 0 cloudlets
VM 1 -> 0 cloudlets
VM 2 -> 0 cloudlets
VM 3 -> 0 cloudlets
VM 4 -> 0 cloudlets
VM 5 -> 0 cloudlets
VM 6 -> 0 cloudlets
VM 7 -> 0 cloudlets
VM 8 -> 0 cloudlets
VM 9 -> 0 cloudlets
VM 10 -> 0 cloudlets
VM 11 -> 0 cloudlets
VM 12 -> 0 cloudlets
VM 13 -> 0 cloudlets
VM 14 -> 0 cloudlets
VM 15 -> 400 cloudlets
VM 16 -> 0 cloudlets
VM 17 -> 0 cloudlets
VM 18 -> 0 cloudlets
VM 19 -> 0 cloudlets

First 20 MET assignments:
Cloudlet 0 -> VM 15
Cloudlet 1 -> VM 15
Cloudlet 2 -> VM 15
Cloudlet 3 -> VM 15
Cloudlet 4 -> VM 15
Cloudlet 5 -> VM 15
Cloudlet 6 -> VM 15
Cloudlet 7 -> VM 15
Cloudlet 8 -> VM 15
Cloudlet 9 -> VM 15
Cloudlet 10 -> VM 15
Cloudlet 11 -> VM 15
Cloudlet 12 -> VM 15
Cloudlet 13 -> VM 15
Cloudlet 14 -> VM 15
Cloudlet 15 -> VM 15
Cloudlet 16 -> VM 15
Cloudlet 17 -> VM 15
Cloudlet 18 -> VM 15
Cloudlet 19 -> VM 15
Starting CloudSim version 7.0
0.0: Datacenter_0 is starting...
0.0: MET_Broker is starting...
Entities started.
0.0: MET_Broker: Cloud Resource List received with 1 datacenter(s)
0.0: MET_Broker: Trying to Create Vm #0 in Datacenter_0
0.0: MET_Broker: Trying to Create Vm #1 in Datacenter_0
0.0: MET_Broker: Trying to Create Vm #2 in Datacenter_0
0.0: MET_Broker: Trying to Create Vm #3 in Datacenter_0
0.0: MET_Broker: Trying to Create Vm #4 in Datacenter_0
0.0: MET_Broker: Trying to Create Vm #5 in Datacenter_0
0.0: MET_Broker: Trying to Create Vm #6 in Datacenter_0
0.0: MET_Broker: Trying to Create Vm #7 in Datacenter_0
0.0: MET_Broker: Trying to Create Vm #8 in Datacenter_0
0.0: MET_Broker: Trying to Create Vm #9 in Datacenter_0
0.0: MET_Broker: Trying to Create Vm #10 in Datacenter_0
0.0: MET_Broker: Trying to Create Vm #11 in Datacenter_0
0.0: MET_Broker: Trying to Create Vm #12 in Datacenter_0
0.0: MET_Broker: Trying to Create Vm #13 in Datacenter_0
0.0: MET_Broker: Trying to Create Vm #14 in Datacenter_0
0.0: MET_Broker: Trying to Create Vm #15 in Datacenter_0
0.0: MET_Broker: Trying to Create Vm #16 in Datacenter_0
0.0: MET_Broker: Trying to Create Vm #17 in Datacenter_0
0.0: MET_Broker: Trying to Create Vm #18 in Datacenter_0
0.0: MET_Broker: Trying to Create Vm #19 in Datacenter_0
0.0: Datacenter_0.guestAllocator: Vm #0 has been allocated to Host #5
0.0: Datacenter_0.guestAllocator: Vm #1 has been allocated to Host #6
0.0: Datacenter_0.guestAllocator: Vm #2 has been allocated to Host #7
0.0: Datacenter_0.guestAllocator: Vm #3 has been allocated to Host #8
0.0: Datacenter_0.guestAllocator: Vm #4 has been allocated to Host #9
0.0: Datacenter_0.guestAllocator: Vm #5 has been allocated to Host #5
0.0: Datacenter_0.guestAllocator: Vm #6 has been allocated to Host #6
0.0: Datacenter_0.guestAllocator: Vm #7 has been allocated to Host #7
0.0: Datacenter_0.guestAllocator: Vm #8 has been allocated to Host #8
0.0: Datacenter_0.guestAllocator: Vm #9 has been allocated to Host #9
0.0: Datacenter_0.guestAllocator: Vm #10 has been allocated to Host #5
0.0: Datacenter_0.guestAllocator: Vm #11 has been allocated to Host #6
0.0: Datacenter_0.guestAllocator: Vm #12 has been allocated to Host #7
0.0: Datacenter_0.guestAllocator: Vm #13 has been allocated to Host #8
0.0: Datacenter_0.guestAllocator: Vm #14 has been allocated to Host #9
0.0: Datacenter_0.guestAllocator: Vm #15 has been allocated to Host #5
0.0: Datacenter_0.guestAllocator: Vm #16 has been allocated to Host #6
0.0: Datacenter_0.guestAllocator: Vm #17 has been allocated to Host #7
0.0: Datacenter_0.guestAllocator: Vm #18 has been allocated to Host #8
0.0: Datacenter_0.guestAllocator: Vm #19 has been allocated to Host #9
0.01: MET_Broker: Vm #0 has been created in Datacenter #2, Host #5
0.01: MET_Broker: Vm #1 has been created in Datacenter #2, Host #6
0.01: MET_Broker: Vm #2 has been created in Datacenter #2, Host #7
0.01: MET_Broker: Vm #3 has been created in Datacenter #2, Host #8
0.01: MET_Broker: Vm #4 has been created in Datacenter #2, Host #9
0.01: MET_Broker: Vm #5 has been created in Datacenter #2, Host #5
0.01: MET_Broker: Vm #6 has been created in Datacenter #2, Host #6
0.01: MET_Broker: Vm #7 has been created in Datacenter #2, Host #7
0.01: MET_Broker: Vm #8 has been created in Datacenter #2, Host #8
0.01: MET_Broker: Vm #9 has been created in Datacenter #2, Host #9
0.01: MET_Broker: Vm #10 has been created in Datacenter #2, Host #5
0.01: MET_Broker: Vm #11 has been created in Datacenter #2, Host #6
0.01: MET_Broker: Vm #12 has been created in Datacenter #2, Host #7
0.01: MET_Broker: Vm #13 has been created in Datacenter #2, Host #8
0.01: MET_Broker: Vm #14 has been created in Datacenter #2, Host #9
0.01: MET_Broker: Vm #15 has been created in Datacenter #2, Host #5
0.01: MET_Broker: Vm #16 has been created in Datacenter #2, Host #6
0.01: MET_Broker: Vm #17 has been created in Datacenter #2, Host #7
0.01: MET_Broker: Vm #18 has been created in Datacenter #2, Host #8
0.01: MET_Broker: Vm #19 has been created in Datacenter #2, Host #9
0.01: MET_Broker: Sending Cloudlet #0 to Vm #15
0.01: MET_Broker: Sending Cloudlet #1 to Vm #15
0.01: MET_Broker: Sending Cloudlet #2 to Vm #15
0.01: MET_Broker: Sending Cloudlet #3 to Vm #15
0.01: MET_Broker: Sending Cloudlet #4 to Vm #15
0.01: MET_Broker: Sending Cloudlet #5 to Vm #15
0.01: MET_Broker: Sending Cloudlet #6 to Vm #15
0.01: MET_Broker: Sending Cloudlet #7 to Vm #15
0.01: MET_Broker: Sending Cloudlet #8 to Vm #15
0.01: MET_Broker: Sending Cloudlet #9 to Vm #15
0.01: MET_Broker: Sending Cloudlet #10 to Vm #15
0.01: MET_Broker: Sending Cloudlet #11 to Vm #15
0.01: MET_Broker: Sending Cloudlet #12 to Vm #15
0.01: MET_Broker: Sending Cloudlet #13 to Vm #15
0.01: MET_Broker: Sending Cloudlet #14 to Vm #15
0.01: MET_Broker: Sending Cloudlet #15 to Vm #15
0.01: MET_Broker: Sending Cloudlet #16 to Vm #15
0.01: MET_Broker: Sending Cloudlet #17 to Vm #15
0.01: MET_Broker: Sending Cloudlet #18 to Vm #15
0.01: MET_Broker: Sending Cloudlet #19 to Vm #15
0.01: MET_Broker: Sending Cloudlet #20 to Vm #15
0.01: MET_Broker: Sending Cloudlet #21 to Vm #15
0.01: MET_Broker: Sending Cloudlet #22 to Vm #15
0.01: MET_Broker: Sending Cloudlet #23 to Vm #15
0.01: MET_Broker: Sending Cloudlet #24 to Vm #15
0.01: MET_Broker: Sending Cloudlet #25 to Vm #15
0.01: MET_Broker: Sending Cloudlet #26 to Vm #15
0.01: MET_Broker: Sending Cloudlet #27 to Vm #15
0.01: MET_Broker: Sending Cloudlet #28 to Vm #15
0.01: MET_Broker: Sending Cloudlet #29 to Vm #15
0.01: MET_Broker: Sending Cloudlet #30 to Vm #15
0.01: MET_Broker: Sending Cloudlet #31 to Vm #15
0.01: MET_Broker: Sending Cloudlet #32 to Vm #15
0.01: MET_Broker: Sending Cloudlet #33 to Vm #15
0.01: MET_Broker: Sending Cloudlet #34 to Vm #15
0.01: MET_Broker: Sending Cloudlet #35 to Vm #15
0.01: MET_Broker: Sending Cloudlet #36 to Vm #15
0.01: MET_Broker: Sending Cloudlet #37 to Vm #15
0.01: MET_Broker: Sending Cloudlet #38 to Vm #15
0.01: MET_Broker: Sending Cloudlet #39 to Vm #15
0.01: MET_Broker: Sending Cloudlet #40 to Vm #15
0.01: MET_Broker: Sending Cloudlet #41 to Vm #15
0.01: MET_Broker: Sending Cloudlet #42 to Vm #15
0.01: MET_Broker: Sending Cloudlet #43 to Vm #15
0.01: MET_Broker: Sending Cloudlet #44 to Vm #15
0.01: MET_Broker: Sending Cloudlet #45 to Vm #15
0.01: MET_Broker: Sending Cloudlet #46 to Vm #15
0.01: MET_Broker: Sending Cloudlet #47 to Vm #15
0.01: MET_Broker: Sending Cloudlet #48 to Vm #15
0.01: MET_Broker: Sending Cloudlet #49 to Vm #15
0.01: MET_Broker: Sending Cloudlet #50 to Vm #15
0.01: MET_Broker: Sending Cloudlet #51 to Vm #15
0.01: MET_Broker: Sending Cloudlet #52 to Vm #15
0.01: MET_Broker: Sending Cloudlet #53 to Vm #15
0.01: MET_Broker: Sending Cloudlet #54 to Vm #15
0.01: MET_Broker: Sending Cloudlet #55 to Vm #15
0.01: MET_Broker: Sending Cloudlet #56 to Vm #15
0.01: MET_Broker: Sending Cloudlet #57 to Vm #15
0.01: MET_Broker: Sending Cloudlet #58 to Vm #15
0.01: MET_Broker: Sending Cloudlet #59 to Vm #15
0.01: MET_Broker: Sending Cloudlet #60 to Vm #15
0.01: MET_Broker: Sending Cloudlet #61 to Vm #15
0.01: MET_Broker: Sending Cloudlet #62 to Vm #15
0.01: MET_Broker: Sending Cloudlet #63 to Vm #15
0.01: MET_Broker: Sending Cloudlet #64 to Vm #15
0.01: MET_Broker: Sending Cloudlet #65 to Vm #15
0.01: MET_Broker: Sending Cloudlet #66 to Vm #15
0.01: MET_Broker: Sending Cloudlet #67 to Vm #15
0.01: MET_Broker: Sending Cloudlet #68 to Vm #15
0.01: MET_Broker: Sending Cloudlet #69 to Vm #15
0.01: MET_Broker: Sending Cloudlet #70 to Vm #15
0.01: MET_Broker: Sending Cloudlet #71 to Vm #15
0.01: MET_Broker: Sending Cloudlet #72 to Vm #15
0.01: MET_Broker: Sending Cloudlet #73 to Vm #15
0.01: MET_Broker: Sending Cloudlet #74 to Vm #15
0.01: MET_Broker: Sending Cloudlet #75 to Vm #15
0.01: MET_Broker: Sending Cloudlet #76 to Vm #15
0.01: MET_Broker: Sending Cloudlet #77 to Vm #15
0.01: MET_Broker: Sending Cloudlet #78 to Vm #15
0.01: MET_Broker: Sending Cloudlet #79 to Vm #15
0.01: MET_Broker: Sending Cloudlet #80 to Vm #15
0.01: MET_Broker: Sending Cloudlet #81 to Vm #15
0.01: MET_Broker: Sending Cloudlet #82 to Vm #15
0.01: MET_Broker: Sending Cloudlet #83 to Vm #15
0.01: MET_Broker: Sending Cloudlet #84 to Vm #15
0.01: MET_Broker: Sending Cloudlet #85 to Vm #15
0.01: MET_Broker: Sending Cloudlet #86 to Vm #15
0.01: MET_Broker: Sending Cloudlet #87 to Vm #15
0.01: MET_Broker: Sending Cloudlet #88 to Vm #15
0.01: MET_Broker: Sending Cloudlet #89 to Vm #15
0.01: MET_Broker: Sending Cloudlet #90 to Vm #15
0.01: MET_Broker: Sending Cloudlet #91 to Vm #15
0.01: MET_Broker: Sending Cloudlet #92 to Vm #15
0.01: MET_Broker: Sending Cloudlet #93 to Vm #15
0.01: MET_Broker: Sending Cloudlet #94 to Vm #15
0.01: MET_Broker: Sending Cloudlet #95 to Vm #15
0.01: MET_Broker: Sending Cloudlet #96 to Vm #15
0.01: MET_Broker: Sending Cloudlet #97 to Vm #15
0.01: MET_Broker: Sending Cloudlet #98 to Vm #15
0.01: MET_Broker: Sending Cloudlet #99 to Vm #15
0.01: MET_Broker: Sending Cloudlet #100 to Vm #15
0.01: MET_Broker: Sending Cloudlet #101 to Vm #15
0.01: MET_Broker: Sending Cloudlet #102 to Vm #15
0.01: MET_Broker: Sending Cloudlet #103 to Vm #15
0.01: MET_Broker: Sending Cloudlet #104 to Vm #15
0.01: MET_Broker: Sending Cloudlet #105 to Vm #15
0.01: MET_Broker: Sending Cloudlet #106 to Vm #15
0.01: MET_Broker: Sending Cloudlet #107 to Vm #15
0.01: MET_Broker: Sending Cloudlet #108 to Vm #15
0.01: MET_Broker: Sending Cloudlet #109 to Vm #15
0.01: MET_Broker: Sending Cloudlet #110 to Vm #15
0.01: MET_Broker: Sending Cloudlet #111 to Vm #15
0.01: MET_Broker: Sending Cloudlet #112 to Vm #15
0.01: MET_Broker: Sending Cloudlet #113 to Vm #15
0.01: MET_Broker: Sending Cloudlet #114 to Vm #15
0.01: MET_Broker: Sending Cloudlet #115 to Vm #15
0.01: MET_Broker: Sending Cloudlet #116 to Vm #15
0.01: MET_Broker: Sending Cloudlet #117 to Vm #15
0.01: MET_Broker: Sending Cloudlet #118 to Vm #15
0.01: MET_Broker: Sending Cloudlet #119 to Vm #15
0.01: MET_Broker: Sending Cloudlet #120 to Vm #15
0.01: MET_Broker: Sending Cloudlet #121 to Vm #15
0.01: MET_Broker: Sending Cloudlet #122 to Vm #15
0.01: MET_Broker: Sending Cloudlet #123 to Vm #15
0.01: MET_Broker: Sending Cloudlet #124 to Vm #15
0.01: MET_Broker: Sending Cloudlet #125 to Vm #15
0.01: MET_Broker: Sending Cloudlet #126 to Vm #15
0.01: MET_Broker: Sending Cloudlet #127 to Vm #15
0.01: MET_Broker: Sending Cloudlet #128 to Vm #15
0.01: MET_Broker: Sending Cloudlet #129 to Vm #15
0.01: MET_Broker: Sending Cloudlet #130 to Vm #15
0.01: MET_Broker: Sending Cloudlet #131 to Vm #15
0.01: MET_Broker: Sending Cloudlet #132 to Vm #15
0.01: MET_Broker: Sending Cloudlet #133 to Vm #15
0.01: MET_Broker: Sending Cloudlet #134 to Vm #15
0.01: MET_Broker: Sending Cloudlet #135 to Vm #15
0.01: MET_Broker: Sending Cloudlet #136 to Vm #15
0.01: MET_Broker: Sending Cloudlet #137 to Vm #15
0.01: MET_Broker: Sending Cloudlet #138 to Vm #15
0.01: MET_Broker: Sending Cloudlet #139 to Vm #15
0.01: MET_Broker: Sending Cloudlet #140 to Vm #15
0.01: MET_Broker: Sending Cloudlet #141 to Vm #15
0.01: MET_Broker: Sending Cloudlet #142 to Vm #15
0.01: MET_Broker: Sending Cloudlet #143 to Vm #15
0.01: MET_Broker: Sending Cloudlet #144 to Vm #15
0.01: MET_Broker: Sending Cloudlet #145 to Vm #15
0.01: MET_Broker: Sending Cloudlet #146 to Vm #15
0.01: MET_Broker: Sending Cloudlet #147 to Vm #15
0.01: MET_Broker: Sending Cloudlet #148 to Vm #15
0.01: MET_Broker: Sending Cloudlet #149 to Vm #15
0.01: MET_Broker: Sending Cloudlet #150 to Vm #15
0.01: MET_Broker: Sending Cloudlet #151 to Vm #15
0.01: MET_Broker: Sending Cloudlet #152 to Vm #15
0.01: MET_Broker: Sending Cloudlet #153 to Vm #15
0.01: MET_Broker: Sending Cloudlet #154 to Vm #15
0.01: MET_Broker: Sending Cloudlet #155 to Vm #15
0.01: MET_Broker: Sending Cloudlet #156 to Vm #15
0.01: MET_Broker: Sending Cloudlet #157 to Vm #15
0.01: MET_Broker: Sending Cloudlet #158 to Vm #15
0.01: MET_Broker: Sending Cloudlet #159 to Vm #15
0.01: MET_Broker: Sending Cloudlet #160 to Vm #15
0.01: MET_Broker: Sending Cloudlet #161 to Vm #15
0.01: MET_Broker: Sending Cloudlet #162 to Vm #15
0.01: MET_Broker: Sending Cloudlet #163 to Vm #15
0.01: MET_Broker: Sending Cloudlet #164 to Vm #15
0.01: MET_Broker: Sending Cloudlet #165 to Vm #15
0.01: MET_Broker: Sending Cloudlet #166 to Vm #15
0.01: MET_Broker: Sending Cloudlet #167 to Vm #15
0.01: MET_Broker: Sending Cloudlet #168 to Vm #15
0.01: MET_Broker: Sending Cloudlet #169 to Vm #15
0.01: MET_Broker: Sending Cloudlet #170 to Vm #15
0.01: MET_Broker: Sending Cloudlet #171 to Vm #15
0.01: MET_Broker: Sending Cloudlet #172 to Vm #15
0.01: MET_Broker: Sending Cloudlet #173 to Vm #15
0.01: MET_Broker: Sending Cloudlet #174 to Vm #15
0.01: MET_Broker: Sending Cloudlet #175 to Vm #15
0.01: MET_Broker: Sending Cloudlet #176 to Vm #15
0.01: MET_Broker: Sending Cloudlet #177 to Vm #15
0.01: MET_Broker: Sending Cloudlet #178 to Vm #15
0.01: MET_Broker: Sending Cloudlet #179 to Vm #15
0.01: MET_Broker: Sending Cloudlet #180 to Vm #15
0.01: MET_Broker: Sending Cloudlet #181 to Vm #15
0.01: MET_Broker: Sending Cloudlet #182 to Vm #15
0.01: MET_Broker: Sending Cloudlet #183 to Vm #15
0.01: MET_Broker: Sending Cloudlet #184 to Vm #15
0.01: MET_Broker: Sending Cloudlet #185 to Vm #15
0.01: MET_Broker: Sending Cloudlet #186 to Vm #15
0.01: MET_Broker: Sending Cloudlet #187 to Vm #15
0.01: MET_Broker: Sending Cloudlet #188 to Vm #15
0.01: MET_Broker: Sending Cloudlet #189 to Vm #15
0.01: MET_Broker: Sending Cloudlet #190 to Vm #15
0.01: MET_Broker: Sending Cloudlet #191 to Vm #15
0.01: MET_Broker: Sending Cloudlet #192 to Vm #15
0.01: MET_Broker: Sending Cloudlet #193 to Vm #15
0.01: MET_Broker: Sending Cloudlet #194 to Vm #15
0.01: MET_Broker: Sending Cloudlet #195 to Vm #15
0.01: MET_Broker: Sending Cloudlet #196 to Vm #15
0.01: MET_Broker: Sending Cloudlet #197 to Vm #15
0.01: MET_Broker: Sending Cloudlet #198 to Vm #15
0.01: MET_Broker: Sending Cloudlet #199 to Vm #15
0.01: MET_Broker: Sending Cloudlet #200 to Vm #15
0.01: MET_Broker: Sending Cloudlet #201 to Vm #15
0.01: MET_Broker: Sending Cloudlet #202 to Vm #15
0.01: MET_Broker: Sending Cloudlet #203 to Vm #15
0.01: MET_Broker: Sending Cloudlet #204 to Vm #15
0.01: MET_Broker: Sending Cloudlet #205 to Vm #15
0.01: MET_Broker: Sending Cloudlet #206 to Vm #15
0.01: MET_Broker: Sending Cloudlet #207 to Vm #15
0.01: MET_Broker: Sending Cloudlet #208 to Vm #15
0.01: MET_Broker: Sending Cloudlet #209 to Vm #15
0.01: MET_Broker: Sending Cloudlet #210 to Vm #15
0.01: MET_Broker: Sending Cloudlet #211 to Vm #15
0.01: MET_Broker: Sending Cloudlet #212 to Vm #15
0.01: MET_Broker: Sending Cloudlet #213 to Vm #15
0.01: MET_Broker: Sending Cloudlet #214 to Vm #15
0.01: MET_Broker: Sending Cloudlet #215 to Vm #15
0.01: MET_Broker: Sending Cloudlet #216 to Vm #15
0.01: MET_Broker: Sending Cloudlet #217 to Vm #15
0.01: MET_Broker: Sending Cloudlet #218 to Vm #15
0.01: MET_Broker: Sending Cloudlet #219 to Vm #15
0.01: MET_Broker: Sending Cloudlet #220 to Vm #15
0.01: MET_Broker: Sending Cloudlet #221 to Vm #15
0.01: MET_Broker: Sending Cloudlet #222 to Vm #15
0.01: MET_Broker: Sending Cloudlet #223 to Vm #15
0.01: MET_Broker: Sending Cloudlet #224 to Vm #15
0.01: MET_Broker: Sending Cloudlet #225 to Vm #15
0.01: MET_Broker: Sending Cloudlet #226 to Vm #15
0.01: MET_Broker: Sending Cloudlet #227 to Vm #15
0.01: MET_Broker: Sending Cloudlet #228 to Vm #15
0.01: MET_Broker: Sending Cloudlet #229 to Vm #15
0.01: MET_Broker: Sending Cloudlet #230 to Vm #15
0.01: MET_Broker: Sending Cloudlet #231 to Vm #15
0.01: MET_Broker: Sending Cloudlet #232 to Vm #15
0.01: MET_Broker: Sending Cloudlet #233 to Vm #15
0.01: MET_Broker: Sending Cloudlet #234 to Vm #15
0.01: MET_Broker: Sending Cloudlet #235 to Vm #15
0.01: MET_Broker: Sending Cloudlet #236 to Vm #15
0.01: MET_Broker: Sending Cloudlet #237 to Vm #15
0.01: MET_Broker: Sending Cloudlet #238 to Vm #15
0.01: MET_Broker: Sending Cloudlet #239 to Vm #15
0.01: MET_Broker: Sending Cloudlet #240 to Vm #15
0.01: MET_Broker: Sending Cloudlet #241 to Vm #15
0.01: MET_Broker: Sending Cloudlet #242 to Vm #15
0.01: MET_Broker: Sending Cloudlet #243 to Vm #15
0.01: MET_Broker: Sending Cloudlet #244 to Vm #15
0.01: MET_Broker: Sending Cloudlet #245 to Vm #15
0.01: MET_Broker: Sending Cloudlet #246 to Vm #15
0.01: MET_Broker: Sending Cloudlet #247 to Vm #15
0.01: MET_Broker: Sending Cloudlet #248 to Vm #15
0.01: MET_Broker: Sending Cloudlet #249 to Vm #15
0.01: MET_Broker: Sending Cloudlet #250 to Vm #15
0.01: MET_Broker: Sending Cloudlet #251 to Vm #15
0.01: MET_Broker: Sending Cloudlet #252 to Vm #15
0.01: MET_Broker: Sending Cloudlet #253 to Vm #15
0.01: MET_Broker: Sending Cloudlet #254 to Vm #15
0.01: MET_Broker: Sending Cloudlet #255 to Vm #15
0.01: MET_Broker: Sending Cloudlet #256 to Vm #15
0.01: MET_Broker: Sending Cloudlet #257 to Vm #15
0.01: MET_Broker: Sending Cloudlet #258 to Vm #15
0.01: MET_Broker: Sending Cloudlet #259 to Vm #15
0.01: MET_Broker: Sending Cloudlet #260 to Vm #15
0.01: MET_Broker: Sending Cloudlet #261 to Vm #15
0.01: MET_Broker: Sending Cloudlet #262 to Vm #15
0.01: MET_Broker: Sending Cloudlet #263 to Vm #15
0.01: MET_Broker: Sending Cloudlet #264 to Vm #15
0.01: MET_Broker: Sending Cloudlet #265 to Vm #15
0.01: MET_Broker: Sending Cloudlet #266 to Vm #15
0.01: MET_Broker: Sending Cloudlet #267 to Vm #15
0.01: MET_Broker: Sending Cloudlet #268 to Vm #15
0.01: MET_Broker: Sending Cloudlet #269 to Vm #15
0.01: MET_Broker: Sending Cloudlet #270 to Vm #15
0.01: MET_Broker: Sending Cloudlet #271 to Vm #15
0.01: MET_Broker: Sending Cloudlet #272 to Vm #15
0.01: MET_Broker: Sending Cloudlet #273 to Vm #15
0.01: MET_Broker: Sending Cloudlet #274 to Vm #15
0.01: MET_Broker: Sending Cloudlet #275 to Vm #15
0.01: MET_Broker: Sending Cloudlet #276 to Vm #15
0.01: MET_Broker: Sending Cloudlet #277 to Vm #15
0.01: MET_Broker: Sending Cloudlet #278 to Vm #15
0.01: MET_Broker: Sending Cloudlet #279 to Vm #15
0.01: MET_Broker: Sending Cloudlet #280 to Vm #15
0.01: MET_Broker: Sending Cloudlet #281 to Vm #15
0.01: MET_Broker: Sending Cloudlet #282 to Vm #15
0.01: MET_Broker: Sending Cloudlet #283 to Vm #15
0.01: MET_Broker: Sending Cloudlet #284 to Vm #15
0.01: MET_Broker: Sending Cloudlet #285 to Vm #15
0.01: MET_Broker: Sending Cloudlet #286 to Vm #15
0.01: MET_Broker: Sending Cloudlet #287 to Vm #15
0.01: MET_Broker: Sending Cloudlet #288 to Vm #15
0.01: MET_Broker: Sending Cloudlet #289 to Vm #15
0.01: MET_Broker: Sending Cloudlet #290 to Vm #15
0.01: MET_Broker: Sending Cloudlet #291 to Vm #15
0.01: MET_Broker: Sending Cloudlet #292 to Vm #15
0.01: MET_Broker: Sending Cloudlet #293 to Vm #15
0.01: MET_Broker: Sending Cloudlet #294 to Vm #15
0.01: MET_Broker: Sending Cloudlet #295 to Vm #15
0.01: MET_Broker: Sending Cloudlet #296 to Vm #15
0.01: MET_Broker: Sending Cloudlet #297 to Vm #15
0.01: MET_Broker: Sending Cloudlet #298 to Vm #15
0.01: MET_Broker: Sending Cloudlet #299 to Vm #15
0.01: MET_Broker: Sending Cloudlet #300 to Vm #15
0.01: MET_Broker: Sending Cloudlet #301 to Vm #15
0.01: MET_Broker: Sending Cloudlet #302 to Vm #15
0.01: MET_Broker: Sending Cloudlet #303 to Vm #15
0.01: MET_Broker: Sending Cloudlet #304 to Vm #15
0.01: MET_Broker: Sending Cloudlet #305 to Vm #15
0.01: MET_Broker: Sending Cloudlet #306 to Vm #15
0.01: MET_Broker: Sending Cloudlet #307 to Vm #15
0.01: MET_Broker: Sending Cloudlet #308 to Vm #15
0.01: MET_Broker: Sending Cloudlet #309 to Vm #15
0.01: MET_Broker: Sending Cloudlet #310 to Vm #15
0.01: MET_Broker: Sending Cloudlet #311 to Vm #15
0.01: MET_Broker: Sending Cloudlet #312 to Vm #15
0.01: MET_Broker: Sending Cloudlet #313 to Vm #15
0.01: MET_Broker: Sending Cloudlet #314 to Vm #15
0.01: MET_Broker: Sending Cloudlet #315 to Vm #15
0.01: MET_Broker: Sending Cloudlet #316 to Vm #15
0.01: MET_Broker: Sending Cloudlet #317 to Vm #15
0.01: MET_Broker: Sending Cloudlet #318 to Vm #15
0.01: MET_Broker: Sending Cloudlet #319 to Vm #15
0.01: MET_Broker: Sending Cloudlet #320 to Vm #15
0.01: MET_Broker: Sending Cloudlet #321 to Vm #15
0.01: MET_Broker: Sending Cloudlet #322 to Vm #15
0.01: MET_Broker: Sending Cloudlet #323 to Vm #15
0.01: MET_Broker: Sending Cloudlet #324 to Vm #15
0.01: MET_Broker: Sending Cloudlet #325 to Vm #15
0.01: MET_Broker: Sending Cloudlet #326 to Vm #15
0.01: MET_Broker: Sending Cloudlet #327 to Vm #15
0.01: MET_Broker: Sending Cloudlet #328 to Vm #15
0.01: MET_Broker: Sending Cloudlet #329 to Vm #15
0.01: MET_Broker: Sending Cloudlet #330 to Vm #15
0.01: MET_Broker: Sending Cloudlet #331 to Vm #15
0.01: MET_Broker: Sending Cloudlet #332 to Vm #15
0.01: MET_Broker: Sending Cloudlet #333 to Vm #15
0.01: MET_Broker: Sending Cloudlet #334 to Vm #15
0.01: MET_Broker: Sending Cloudlet #335 to Vm #15
0.01: MET_Broker: Sending Cloudlet #336 to Vm #15
0.01: MET_Broker: Sending Cloudlet #337 to Vm #15
0.01: MET_Broker: Sending Cloudlet #338 to Vm #15
0.01: MET_Broker: Sending Cloudlet #339 to Vm #15
0.01: MET_Broker: Sending Cloudlet #340 to Vm #15
0.01: MET_Broker: Sending Cloudlet #341 to Vm #15
0.01: MET_Broker: Sending Cloudlet #342 to Vm #15
0.01: MET_Broker: Sending Cloudlet #343 to Vm #15
0.01: MET_Broker: Sending Cloudlet #344 to Vm #15
0.01: MET_Broker: Sending Cloudlet #345 to Vm #15
0.01: MET_Broker: Sending Cloudlet #346 to Vm #15
0.01: MET_Broker: Sending Cloudlet #347 to Vm #15
0.01: MET_Broker: Sending Cloudlet #348 to Vm #15
0.01: MET_Broker: Sending Cloudlet #349 to Vm #15
0.01: MET_Broker: Sending Cloudlet #350 to Vm #15
0.01: MET_Broker: Sending Cloudlet #351 to Vm #15
0.01: MET_Broker: Sending Cloudlet #352 to Vm #15
0.01: MET_Broker: Sending Cloudlet #353 to Vm #15
0.01: MET_Broker: Sending Cloudlet #354 to Vm #15
0.01: MET_Broker: Sending Cloudlet #355 to Vm #15
0.01: MET_Broker: Sending Cloudlet #356 to Vm #15
0.01: MET_Broker: Sending Cloudlet #357 to Vm #15
0.01: MET_Broker: Sending Cloudlet #358 to Vm #15
0.01: MET_Broker: Sending Cloudlet #359 to Vm #15
0.01: MET_Broker: Sending Cloudlet #360 to Vm #15
0.01: MET_Broker: Sending Cloudlet #361 to Vm #15
0.01: MET_Broker: Sending Cloudlet #362 to Vm #15
0.01: MET_Broker: Sending Cloudlet #363 to Vm #15
0.01: MET_Broker: Sending Cloudlet #364 to Vm #15
0.01: MET_Broker: Sending Cloudlet #365 to Vm #15
0.01: MET_Broker: Sending Cloudlet #366 to Vm #15
0.01: MET_Broker: Sending Cloudlet #367 to Vm #15
0.01: MET_Broker: Sending Cloudlet #368 to Vm #15
0.01: MET_Broker: Sending Cloudlet #369 to Vm #15
0.01: MET_Broker: Sending Cloudlet #370 to Vm #15
0.01: MET_Broker: Sending Cloudlet #371 to Vm #15
0.01: MET_Broker: Sending Cloudlet #372 to Vm #15
0.01: MET_Broker: Sending Cloudlet #373 to Vm #15
0.01: MET_Broker: Sending Cloudlet #374 to Vm #15
0.01: MET_Broker: Sending Cloudlet #375 to Vm #15
0.01: MET_Broker: Sending Cloudlet #376 to Vm #15
0.01: MET_Broker: Sending Cloudlet #377 to Vm #15
0.01: MET_Broker: Sending Cloudlet #378 to Vm #15
0.01: MET_Broker: Sending Cloudlet #379 to Vm #15
0.01: MET_Broker: Sending Cloudlet #380 to Vm #15
0.01: MET_Broker: Sending Cloudlet #381 to Vm #15
0.01: MET_Broker: Sending Cloudlet #382 to Vm #15
0.01: MET_Broker: Sending Cloudlet #383 to Vm #15
0.01: MET_Broker: Sending Cloudlet #384 to Vm #15
0.01: MET_Broker: Sending Cloudlet #385 to Vm #15
0.01: MET_Broker: Sending Cloudlet #386 to Vm #15
0.01: MET_Broker: Sending Cloudlet #387 to Vm #15
0.01: MET_Broker: Sending Cloudlet #388 to Vm #15
0.01: MET_Broker: Sending Cloudlet #389 to Vm #15
0.01: MET_Broker: Sending Cloudlet #390 to Vm #15
0.01: MET_Broker: Sending Cloudlet #391 to Vm #15
0.01: MET_Broker: Sending Cloudlet #392 to Vm #15
0.01: MET_Broker: Sending Cloudlet #393 to Vm #15
0.01: MET_Broker: Sending Cloudlet #394 to Vm #15
0.01: MET_Broker: Sending Cloudlet #395 to Vm #15
0.01: MET_Broker: Sending Cloudlet #396 to Vm #15
0.01: MET_Broker: Sending Cloudlet #397 to Vm #15
0.01: MET_Broker: Sending Cloudlet #398 to Vm #15
0.01: MET_Broker: Sending Cloudlet #399 to Vm #15
33.21: MET_Broker: Cloudlet #2 return received
33.21: MET_Broker: The number of finished Cloudlets is:1
33.21: MET_Broker: Cloudlet #3 return received
33.21: MET_Broker: The number of finished Cloudlets is:2
37.21: MET_Broker: Cloudlet #0 return received
37.21: MET_Broker: The number of finished Cloudlets is:3
41.21: MET_Broker: Cloudlet #1 return received
41.21: MET_Broker: The number of finished Cloudlets is:4
62.41: MET_Broker: Cloudlet #6 return received
62.41: MET_Broker: The number of finished Cloudlets is:5
72.81: MET_Broker: Cloudlet #4 return received
72.81: MET_Broker: The number of finished Cloudlets is:6
75.21000000000001: MET_Broker: Cloudlet #5 return received
75.21000000000001: MET_Broker: The number of finished Cloudlets is:7
102.81: MET_Broker: Cloudlet #7 return received
102.81: MET_Broker: The number of finished Cloudlets is:8
119.61: MET_Broker: Cloudlet #8 return received
119.61: MET_Broker: The number of finished Cloudlets is:9
123.61: MET_Broker: Cloudlet #9 return received
123.61: MET_Broker: The number of finished Cloudlets is:10
146.41: MET_Broker: Cloudlet #10 return received
146.41: MET_Broker: The number of finished Cloudlets is:11
150.41: MET_Broker: Cloudlet #11 return received
150.41: MET_Broker: The number of finished Cloudlets is:12
164.01: MET_Broker: Cloudlet #12 return received
164.01: MET_Broker: The number of finished Cloudlets is:13
168.41: MET_Broker: Cloudlet #13 return received
168.41: MET_Broker: The number of finished Cloudlets is:14
170.01: MET_Broker: Cloudlet #14 return received
170.01: MET_Broker: The number of finished Cloudlets is:15
187.60999999999999: MET_Broker: Cloudlet #15 return received
187.60999999999999: MET_Broker: The number of finished Cloudlets is:16
188.01: MET_Broker: Cloudlet #16 return received
188.01: MET_Broker: The number of finished Cloudlets is:17
193.60999999999999: MET_Broker: Cloudlet #18 return received
193.60999999999999: MET_Broker: The number of finished Cloudlets is:18
206.80999999999997: MET_Broker: Cloudlet #19 return received
206.80999999999997: MET_Broker: The number of finished Cloudlets is:19
210.40999999999997: MET_Broker: Cloudlet #17 return received
210.40999999999997: MET_Broker: The number of finished Cloudlets is:20
231.60999999999996: MET_Broker: Cloudlet #20 return received
231.60999999999996: MET_Broker: The number of finished Cloudlets is:21
236.00999999999996: MET_Broker: Cloudlet #21 return received
236.00999999999996: MET_Broker: The number of finished Cloudlets is:22
262.01: MET_Broker: Cloudlet #24 return received
262.01: MET_Broker: The number of finished Cloudlets is:23
292.01: MET_Broker: Cloudlet #25 return received
292.01: MET_Broker: The number of finished Cloudlets is:24
338.81: MET_Broker: Cloudlet #26 return received
338.81: MET_Broker: The number of finished Cloudlets is:25
366.61: MET_Broker: Cloudlet #23 return received
366.61: MET_Broker: The number of finished Cloudlets is:26
372.81: MET_Broker: Cloudlet #27 return received
372.81: MET_Broker: The number of finished Cloudlets is:27
413.21: MET_Broker: Cloudlet #29 return received
413.21: MET_Broker: The number of finished Cloudlets is:28
420.40999999999997: MET_Broker: Cloudlet #22 return received
420.40999999999997: MET_Broker: The number of finished Cloudlets is:29
436.80999999999995: MET_Broker: Cloudlet #30 return received
436.80999999999995: MET_Broker: The number of finished Cloudlets is:30
455.60999999999996: MET_Broker: Cloudlet #32 return received
455.60999999999996: MET_Broker: The number of finished Cloudlets is:31
468.80999999999995: MET_Broker: Cloudlet #31 return received
468.80999999999995: MET_Broker: The number of finished Cloudlets is:32
494.00999999999993: MET_Broker: Cloudlet #34 return received
494.00999999999993: MET_Broker: The number of finished Cloudlets is:33
501.60999999999996: MET_Broker: Cloudlet #28 return received
501.60999999999996: MET_Broker: The number of finished Cloudlets is:34
507.21: MET_Broker: Cloudlet #33 return received
507.21: MET_Broker: The number of finished Cloudlets is:35
516.01: MET_Broker: Cloudlet #35 return received
516.01: MET_Broker: The number of finished Cloudlets is:36
527.01: MET_Broker: Cloudlet #38 return received
527.01: MET_Broker: The number of finished Cloudlets is:37
527.61: MET_Broker: Cloudlet #37 return received
527.61: MET_Broker: The number of finished Cloudlets is:38
535.61: MET_Broker: Cloudlet #36 return received
535.61: MET_Broker: The number of finished Cloudlets is:39
564.01: MET_Broker: Cloudlet #40 return received
564.01: MET_Broker: The number of finished Cloudlets is:40
566.61: MET_Broker: Cloudlet #39 return received
566.61: MET_Broker: The number of finished Cloudlets is:41
568.01: MET_Broker: Cloudlet #41 return received
568.01: MET_Broker: The number of finished Cloudlets is:42
589.21: MET_Broker: Cloudlet #42 return received
589.21: MET_Broker: The number of finished Cloudlets is:43
608.61: MET_Broker: Cloudlet #43 return received
608.61: MET_Broker: The number of finished Cloudlets is:44
618.01: MET_Broker: Cloudlet #44 return received
618.01: MET_Broker: The number of finished Cloudlets is:45
624.81: MET_Broker: Cloudlet #45 return received
624.81: MET_Broker: The number of finished Cloudlets is:46
637.81: MET_Broker: Cloudlet #46 return received
637.81: MET_Broker: The number of finished Cloudlets is:47
667.2099999999999: MET_Broker: Cloudlet #47 return received
667.2099999999999: MET_Broker: The number of finished Cloudlets is:48
671.0099999999999: MET_Broker: Cloudlet #49 return received
671.0099999999999: MET_Broker: The number of finished Cloudlets is:49
710.0099999999999: MET_Broker: Cloudlet #50 return received
710.0099999999999: MET_Broker: The number of finished Cloudlets is:50
722.6099999999999: MET_Broker: Cloudlet #51 return received
722.6099999999999: MET_Broker: The number of finished Cloudlets is:51
758.2099999999999: MET_Broker: Cloudlet #53 return received
758.2099999999999: MET_Broker: The number of finished Cloudlets is:52
760.0099999999999: MET_Broker: Cloudlet #52 return received
760.0099999999999: MET_Broker: The number of finished Cloudlets is:53
787.4099999999999: MET_Broker: Cloudlet #54 return received
787.4099999999999: MET_Broker: The number of finished Cloudlets is:54
798.0099999999999: MET_Broker: Cloudlet #55 return received
798.0099999999999: MET_Broker: The number of finished Cloudlets is:55
831.0099999999999: MET_Broker: Cloudlet #56 return received
831.0099999999999: MET_Broker: The number of finished Cloudlets is:56
834.8099999999998: MET_Broker: Cloudlet #48 return received
834.8099999999998: MET_Broker: The number of finished Cloudlets is:57
839.2099999999998: MET_Broker: Cloudlet #57 return received
839.2099999999998: MET_Broker: The number of finished Cloudlets is:58
842.0099999999998: MET_Broker: Cloudlet #58 return received
842.0099999999998: MET_Broker: The number of finished Cloudlets is:59
857.2099999999998: MET_Broker: Cloudlet #60 return received
857.2099999999998: MET_Broker: The number of finished Cloudlets is:60
865.6099999999998: MET_Broker: Cloudlet #59 return received
865.6099999999998: MET_Broker: The number of finished Cloudlets is:61
879.2099999999998: MET_Broker: Cloudlet #62 return received
879.2099999999998: MET_Broker: The number of finished Cloudlets is:62
881.6099999999998: MET_Broker: Cloudlet #61 return received
881.6099999999998: MET_Broker: The number of finished Cloudlets is:63
901.2099999999998: MET_Broker: Cloudlet #63 return received
901.2099999999998: MET_Broker: The number of finished Cloudlets is:64
924.4099999999999: MET_Broker: Cloudlet #64 return received
924.4099999999999: MET_Broker: The number of finished Cloudlets is:65
924.4099999999999: MET_Broker: Cloudlet #65 return received
924.4099999999999: MET_Broker: The number of finished Cloudlets is:66
926.4099999999999: MET_Broker: Cloudlet #66 return received
926.4099999999999: MET_Broker: The number of finished Cloudlets is:67
957.6099999999999: MET_Broker: Cloudlet #67 return received
957.6099999999999: MET_Broker: The number of finished Cloudlets is:68
970.0099999999999: MET_Broker: Cloudlet #68 return received
970.0099999999999: MET_Broker: The number of finished Cloudlets is:69
1009.2099999999999: MET_Broker: Cloudlet #69 return received
1009.2099999999999: MET_Broker: The number of finished Cloudlets is:70
1018.41: MET_Broker: Cloudlet #70 return received
1018.41: MET_Broker: The number of finished Cloudlets is:71
1043.21: MET_Broker: Cloudlet #71 return received
1043.21: MET_Broker: The number of finished Cloudlets is:72
1051.6100000000001: MET_Broker: Cloudlet #72 return received
1051.6100000000001: MET_Broker: The number of finished Cloudlets is:73
1081.21: MET_Broker: Cloudlet #73 return received
1081.21: MET_Broker: The number of finished Cloudlets is:74
1083.21: MET_Broker: Cloudlet #74 return received
1083.21: MET_Broker: The number of finished Cloudlets is:75
1108.01: MET_Broker: Cloudlet #75 return received
1108.01: MET_Broker: The number of finished Cloudlets is:76
1123.61: MET_Broker: Cloudlet #76 return received
1123.61: MET_Broker: The number of finished Cloudlets is:77
1143.61: MET_Broker: Cloudlet #77 return received
1143.61: MET_Broker: The number of finished Cloudlets is:78
1148.01: MET_Broker: Cloudlet #78 return received
1148.01: MET_Broker: The number of finished Cloudlets is:79
1154.61: MET_Broker: Cloudlet #79 return received
1154.61: MET_Broker: The number of finished Cloudlets is:80
1176.4099999999999: MET_Broker: Cloudlet #80 return received
1176.4099999999999: MET_Broker: The number of finished Cloudlets is:81
1200.61: MET_Broker: Cloudlet #81 return received
1200.61: MET_Broker: The number of finished Cloudlets is:82
1206.4099999999999: MET_Broker: Cloudlet #82 return received
1206.4099999999999: MET_Broker: The number of finished Cloudlets is:83
1241.81: MET_Broker: Cloudlet #83 return received
1241.81: MET_Broker: The number of finished Cloudlets is:84
1252.4099999999999: MET_Broker: Cloudlet #84 return received
1252.4099999999999: MET_Broker: The number of finished Cloudlets is:85
1266.2099999999998: MET_Broker: Cloudlet #85 return received
1266.2099999999998: MET_Broker: The number of finished Cloudlets is:86
1279.2099999999998: MET_Broker: Cloudlet #86 return received
1279.2099999999998: MET_Broker: The number of finished Cloudlets is:87
1291.4099999999999: MET_Broker: Cloudlet #87 return received
1291.4099999999999: MET_Broker: The number of finished Cloudlets is:88
1330.0099999999998: MET_Broker: Cloudlet #88 return received
1330.0099999999998: MET_Broker: The number of finished Cloudlets is:89
1334.2099999999998: MET_Broker: Cloudlet #89 return received
1334.2099999999998: MET_Broker: The number of finished Cloudlets is:90
1370.4099999999999: MET_Broker: Cloudlet #90 return received
1370.4099999999999: MET_Broker: The number of finished Cloudlets is:91
1388.2099999999998: MET_Broker: Cloudlet #91 return received
1388.2099999999998: MET_Broker: The number of finished Cloudlets is:92
1410.8099999999997: MET_Broker: Cloudlet #92 return received
1410.8099999999997: MET_Broker: The number of finished Cloudlets is:93
1423.0099999999998: MET_Broker: Cloudlet #93 return received
1423.0099999999998: MET_Broker: The number of finished Cloudlets is:94
1450.4099999999999: MET_Broker: Cloudlet #94 return received
1450.4099999999999: MET_Broker: The number of finished Cloudlets is:95
1504.4099999999999: MET_Broker: Cloudlet #96 return received
1504.4099999999999: MET_Broker: The number of finished Cloudlets is:96
1540.81: MET_Broker: Cloudlet #97 return received
1540.81: MET_Broker: The number of finished Cloudlets is:97
1581.21: MET_Broker: Cloudlet #98 return received
1581.21: MET_Broker: The number of finished Cloudlets is:98
1611.21: MET_Broker: Cloudlet #99 return received
1611.21: MET_Broker: The number of finished Cloudlets is:99
1662.01: MET_Broker: Cloudlet #100 return received
1662.01: MET_Broker: The number of finished Cloudlets is:100
1704.81: MET_Broker: Cloudlet #101 return received
1704.81: MET_Broker: The number of finished Cloudlets is:101
1708.01: MET_Broker: Cloudlet #95 return received
1708.01: MET_Broker: The number of finished Cloudlets is:102
1754.81: MET_Broker: Cloudlet #102 return received
1754.81: MET_Broker: The number of finished Cloudlets is:103
1754.81: MET_Broker: Cloudlet #103 return received
1754.81: MET_Broker: The number of finished Cloudlets is:104
1773.61: MET_Broker: Cloudlet #104 return received
1773.61: MET_Broker: The number of finished Cloudlets is:105
1784.61: MET_Broker: Cloudlet #105 return received
1784.61: MET_Broker: The number of finished Cloudlets is:106
1831.4099999999999: MET_Broker: Cloudlet #106 return received
1831.4099999999999: MET_Broker: The number of finished Cloudlets is:107
1866.2099999999998: MET_Broker: Cloudlet #107 return received
1866.2099999999998: MET_Broker: The number of finished Cloudlets is:108
1904.2099999999998: MET_Broker: Cloudlet #108 return received
1904.2099999999998: MET_Broker: The number of finished Cloudlets is:109
1944.61: MET_Broker: Cloudlet #109 return received
1944.61: MET_Broker: The number of finished Cloudlets is:110
1996.2099999999998: MET_Broker: Cloudlet #110 return received
1996.2099999999998: MET_Broker: The number of finished Cloudlets is:111
2206.21: MET_Broker: Cloudlet #111 return received
2206.21: MET_Broker: The number of finished Cloudlets is:112
2227.41: MET_Broker: Cloudlet #112 return received
2227.41: MET_Broker: The number of finished Cloudlets is:113
2238.41: MET_Broker: Cloudlet #113 return received
2238.41: MET_Broker: The number of finished Cloudlets is:114
2274.81: MET_Broker: Cloudlet #114 return received
2274.81: MET_Broker: The number of finished Cloudlets is:115
2313.61: MET_Broker: Cloudlet #115 return received
2313.61: MET_Broker: The number of finished Cloudlets is:116
2342.81: MET_Broker: Cloudlet #116 return received
2342.81: MET_Broker: The number of finished Cloudlets is:117
2379.21: MET_Broker: Cloudlet #117 return received
2379.21: MET_Broker: The number of finished Cloudlets is:118
2422.01: MET_Broker: Cloudlet #118 return received
2422.01: MET_Broker: The number of finished Cloudlets is:119
2468.8100000000004: MET_Broker: Cloudlet #119 return received
2468.8100000000004: MET_Broker: The number of finished Cloudlets is:120
2514.8100000000004: MET_Broker: Cloudlet #120 return received
2514.8100000000004: MET_Broker: The number of finished Cloudlets is:121
2541.6100000000006: MET_Broker: Cloudlet #121 return received
2541.6100000000006: MET_Broker: The number of finished Cloudlets is:122
2568.4100000000008: MET_Broker: Cloudlet #122 return received
2568.4100000000008: MET_Broker: The number of finished Cloudlets is:123
2928.4100000000008: MET_Broker: Cloudlet #123 return received
2928.4100000000008: MET_Broker: The number of finished Cloudlets is:124
2976.0100000000007: MET_Broker: Cloudlet #124 return received
2976.0100000000007: MET_Broker: The number of finished Cloudlets is:125
3010.810000000001: MET_Broker: Cloudlet #125 return received
3010.810000000001: MET_Broker: The number of finished Cloudlets is:126
3056.0100000000007: MET_Broker: Cloudlet #126 return received
3056.0100000000007: MET_Broker: The number of finished Cloudlets is:127
3082.0100000000007: MET_Broker: Cloudlet #127 return received
3082.0100000000007: MET_Broker: The number of finished Cloudlets is:128
3133.6100000000006: MET_Broker: Cloudlet #128 return received
3133.6100000000006: MET_Broker: The number of finished Cloudlets is:129
3153.2100000000005: MET_Broker: Cloudlet #129 return received
3153.2100000000005: MET_Broker: The number of finished Cloudlets is:130
3186.4100000000003: MET_Broker: Cloudlet #130 return received
3186.4100000000003: MET_Broker: The number of finished Cloudlets is:131
3224.4100000000003: MET_Broker: Cloudlet #131 return received
3224.4100000000003: MET_Broker: The number of finished Cloudlets is:132
3269.61: MET_Broker: Cloudlet #132 return received
3269.61: MET_Broker: The number of finished Cloudlets is:133
3318.81: MET_Broker: Cloudlet #133 return received
3318.81: MET_Broker: The number of finished Cloudlets is:134
3361.61: MET_Broker: Cloudlet #134 return received
3361.61: MET_Broker: The number of finished Cloudlets is:135
3571.61: MET_Broker: Cloudlet #135 return received
3571.61: MET_Broker: The number of finished Cloudlets is:136
3706.61: MET_Broker: Cloudlet #136 return received
3706.61: MET_Broker: The number of finished Cloudlets is:137
3748.61: MET_Broker: Cloudlet #137 return received
3748.61: MET_Broker: The number of finished Cloudlets is:138
3781.81: MET_Broker: Cloudlet #138 return received
3781.81: MET_Broker: The number of finished Cloudlets is:139
3823.0099999999998: MET_Broker: Cloudlet #139 return received
3823.0099999999998: MET_Broker: The number of finished Cloudlets is:140
3846.6099999999997: MET_Broker: Cloudlet #140 return received
3846.6099999999997: MET_Broker: The number of finished Cloudlets is:141
3894.2099999999996: MET_Broker: Cloudlet #141 return received
3894.2099999999996: MET_Broker: The number of finished Cloudlets is:142
3944.2099999999996: MET_Broker: Cloudlet #142 return received
3944.2099999999996: MET_Broker: The number of finished Cloudlets is:143
3993.4099999999994: MET_Broker: Cloudlet #143 return received
3993.4099999999994: MET_Broker: The number of finished Cloudlets is:144
4045.0099999999993: MET_Broker: Cloudlet #144 return received
4045.0099999999993: MET_Broker: The number of finished Cloudlets is:145
4095.0099999999993: MET_Broker: Cloudlet #145 return received
4095.0099999999993: MET_Broker: The number of finished Cloudlets is:146
4305.009999999999: MET_Broker: Cloudlet #146 return received
4305.009999999999: MET_Broker: The number of finished Cloudlets is:147
4338.209999999999: MET_Broker: Cloudlet #147 return received
4338.209999999999: MET_Broker: The number of finished Cloudlets is:148
4398.209999999999: MET_Broker: Cloudlet #148 return received
4398.209999999999: MET_Broker: The number of finished Cloudlets is:149
4445.8099999999995: MET_Broker: Cloudlet #149 return received
4445.8099999999995: MET_Broker: The number of finished Cloudlets is:150
4463.8099999999995: MET_Broker: Cloudlet #150 return received
4463.8099999999995: MET_Broker: The number of finished Cloudlets is:151
4484.209999999999: MET_Broker: Cloudlet #151 return received
4484.209999999999: MET_Broker: The number of finished Cloudlets is:152
4515.009999999999: MET_Broker: Cloudlet #152 return received
4515.009999999999: MET_Broker: The number of finished Cloudlets is:153
4531.009999999999: MET_Broker: Cloudlet #153 return received
4531.009999999999: MET_Broker: The number of finished Cloudlets is:154
4537.009999999999: MET_Broker: Cloudlet #154 return received
4537.009999999999: MET_Broker: The number of finished Cloudlets is:155
4579.8099999999995: MET_Broker: Cloudlet #155 return received
4579.8099999999995: MET_Broker: The number of finished Cloudlets is:156
4627.41: MET_Broker: Cloudlet #156 return received
4627.41: MET_Broker: The number of finished Cloudlets is:157
4987.41: MET_Broker: Cloudlet #157 return received
4987.41: MET_Broker: The number of finished Cloudlets is:158
5032.61: MET_Broker: Cloudlet #158 return received
5032.61: MET_Broker: The number of finished Cloudlets is:159
5080.21: MET_Broker: Cloudlet #159 return received
5080.21: MET_Broker: The number of finished Cloudlets is:160
5107.01: MET_Broker: Cloudlet #160 return received
5107.01: MET_Broker: The number of finished Cloudlets is:161
5151.41: MET_Broker: Cloudlet #161 return received
5151.41: MET_Broker: The number of finished Cloudlets is:162
5361.41: MET_Broker: Cloudlet #162 return received
5361.41: MET_Broker: The number of finished Cloudlets is:163
5412.21: MET_Broker: Cloudlet #163 return received
5412.21: MET_Broker: The number of finished Cloudlets is:164
5460.61: MET_Broker: Cloudlet #164 return received
5460.61: MET_Broker: The number of finished Cloudlets is:165
5745.61: MET_Broker: Cloudlet #165 return received
5745.61: MET_Broker: The number of finished Cloudlets is:166
5799.61: MET_Broker: Cloudlet #166 return received
5799.61: MET_Broker: The number of finished Cloudlets is:167
5843.21: MET_Broker: Cloudlet #167 return received
5843.21: MET_Broker: The number of finished Cloudlets is:168
5869.21: MET_Broker: Cloudlet #168 return received
5869.21: MET_Broker: The number of finished Cloudlets is:169
5905.61: MET_Broker: Cloudlet #169 return received
5905.61: MET_Broker: The number of finished Cloudlets is:170
5957.21: MET_Broker: Cloudlet #170 return received
5957.21: MET_Broker: The number of finished Cloudlets is:171
6004.01: MET_Broker: Cloudlet #171 return received
6004.01: MET_Broker: The number of finished Cloudlets is:172
6364.01: MET_Broker: Cloudlet #172 return received
6364.01: MET_Broker: The number of finished Cloudlets is:173
6380.01: MET_Broker: Cloudlet #173 return received
6380.01: MET_Broker: The number of finished Cloudlets is:174
6406.81: MET_Broker: Cloudlet #174 return received
6406.81: MET_Broker: The number of finished Cloudlets is:175
6442.410000000001: MET_Broker: Cloudlet #175 return received
6442.410000000001: MET_Broker: The number of finished Cloudlets is:176
6652.410000000001: MET_Broker: Cloudlet #176 return received
6652.410000000001: MET_Broker: The number of finished Cloudlets is:177
6678.410000000001: MET_Broker: Cloudlet #177 return received
6678.410000000001: MET_Broker: The number of finished Cloudlets is:178
6721.210000000001: MET_Broker: Cloudlet #178 return received
6721.210000000001: MET_Broker: The number of finished Cloudlets is:179
6772.010000000001: MET_Broker: Cloudlet #179 return received
6772.010000000001: MET_Broker: The number of finished Cloudlets is:180
6778.010000000001: MET_Broker: Cloudlet #180 return received
6778.010000000001: MET_Broker: The number of finished Cloudlets is:181
6784.010000000001: MET_Broker: Cloudlet #181 return received
6784.010000000001: MET_Broker: The number of finished Cloudlets is:182
6823.6100000000015: MET_Broker: Cloudlet #182 return received
6823.6100000000015: MET_Broker: The number of finished Cloudlets is:183
6883.6100000000015: MET_Broker: Cloudlet #183 return received
6883.6100000000015: MET_Broker: The number of finished Cloudlets is:184
6926.410000000002: MET_Broker: Cloudlet #184 return received
6926.410000000002: MET_Broker: The number of finished Cloudlets is:185
6970.810000000001: MET_Broker: Cloudlet #185 return received
6970.810000000001: MET_Broker: The number of finished Cloudlets is:186
6990.410000000002: MET_Broker: Cloudlet #186 return received
6990.410000000002: MET_Broker: The number of finished Cloudlets is:187
7041.210000000002: MET_Broker: Cloudlet #187 return received
7041.210000000002: MET_Broker: The number of finished Cloudlets is:188
7080.810000000002: MET_Broker: Cloudlet #188 return received
7080.810000000002: MET_Broker: The number of finished Cloudlets is:189
7109.210000000002: MET_Broker: Cloudlet #189 return received
7109.210000000002: MET_Broker: The number of finished Cloudlets is:190
7144.010000000002: MET_Broker: Cloudlet #190 return received
7144.010000000002: MET_Broker: The number of finished Cloudlets is:191
7182.010000000002: MET_Broker: Cloudlet #191 return received
7182.010000000002: MET_Broker: The number of finished Cloudlets is:192
7210.410000000002: MET_Broker: Cloudlet #192 return received
7210.410000000002: MET_Broker: The number of finished Cloudlets is:193
7242.810000000001: MET_Broker: Cloudlet #193 return received
7242.810000000001: MET_Broker: The number of finished Cloudlets is:194
7294.410000000002: MET_Broker: Cloudlet #194 return received
7294.410000000002: MET_Broker: The number of finished Cloudlets is:195
7331.6100000000015: MET_Broker: Cloudlet #195 return received
7331.6100000000015: MET_Broker: The number of finished Cloudlets is:196
7347.6100000000015: MET_Broker: Cloudlet #196 return received
7347.6100000000015: MET_Broker: The number of finished Cloudlets is:197
7482.6100000000015: MET_Broker: Cloudlet #197 return received
7482.6100000000015: MET_Broker: The number of finished Cloudlets is:198
7519.810000000001: MET_Broker: Cloudlet #198 return received
7519.810000000001: MET_Broker: The number of finished Cloudlets is:199
7546.6100000000015: MET_Broker: Cloudlet #199 return received
7546.6100000000015: MET_Broker: The number of finished Cloudlets is:200
7600.6100000000015: MET_Broker: Cloudlet #200 return received
7600.6100000000015: MET_Broker: The number of finished Cloudlets is:201
7649.810000000001: MET_Broker: Cloudlet #201 return received
7649.810000000001: MET_Broker: The number of finished Cloudlets is:202
7699.810000000001: MET_Broker: Cloudlet #202 return received
7699.810000000001: MET_Broker: The number of finished Cloudlets is:203
7715.810000000001: MET_Broker: Cloudlet #203 return received
7715.810000000001: MET_Broker: The number of finished Cloudlets is:204
7766.6100000000015: MET_Broker: Cloudlet #204 return received
7766.6100000000015: MET_Broker: The number of finished Cloudlets is:205
7804.6100000000015: MET_Broker: Cloudlet #205 return received
7804.6100000000015: MET_Broker: The number of finished Cloudlets is:206
7849.810000000001: MET_Broker: Cloudlet #206 return received
7849.810000000001: MET_Broker: The number of finished Cloudlets is:207
7883.810000000001: MET_Broker: Cloudlet #207 return received
7883.810000000001: MET_Broker: The number of finished Cloudlets is:208
7913.810000000001: MET_Broker: Cloudlet #208 return received
7913.810000000001: MET_Broker: The number of finished Cloudlets is:209
7957.410000000002: MET_Broker: Cloudlet #209 return received
7957.410000000002: MET_Broker: The number of finished Cloudlets is:210
7986.6100000000015: MET_Broker: Cloudlet #210 return received
7986.6100000000015: MET_Broker: The number of finished Cloudlets is:211
7997.6100000000015: MET_Broker: Cloudlet #211 return received
7997.6100000000015: MET_Broker: The number of finished Cloudlets is:212
8357.61: MET_Broker: Cloudlet #212 return received
8357.61: MET_Broker: The number of finished Cloudlets is:213
8403.61: MET_Broker: Cloudlet #213 return received
8403.61: MET_Broker: The number of finished Cloudlets is:214
8445.61: MET_Broker: Cloudlet #214 return received
8445.61: MET_Broker: The number of finished Cloudlets is:215
8475.61: MET_Broker: Cloudlet #215 return received
8475.61: MET_Broker: The number of finished Cloudlets is:216
8529.61: MET_Broker: Cloudlet #216 return received
8529.61: MET_Broker: The number of finished Cloudlets is:217
8574.01: MET_Broker: Cloudlet #217 return received
8574.01: MET_Broker: The number of finished Cloudlets is:218
8606.41: MET_Broker: Cloudlet #218 return received
8606.41: MET_Broker: The number of finished Cloudlets is:219
8650.01: MET_Broker: Cloudlet #219 return received
8650.01: MET_Broker: The number of finished Cloudlets is:220
8668.81: MET_Broker: Cloudlet #220 return received
8668.81: MET_Broker: The number of finished Cloudlets is:221
8710.81: MET_Broker: Cloudlet #221 return received
8710.81: MET_Broker: The number of finished Cloudlets is:222
8760.81: MET_Broker: Cloudlet #222 return received
8760.81: MET_Broker: The number of finished Cloudlets is:223
8806.81: MET_Broker: Cloudlet #223 return received
8806.81: MET_Broker: The number of finished Cloudlets is:224
8856.81: MET_Broker: Cloudlet #224 return received
8856.81: MET_Broker: The number of finished Cloudlets is:225
8991.81: MET_Broker: Cloudlet #225 return received
8991.81: MET_Broker: The number of finished Cloudlets is:226
9038.609999999999: MET_Broker: Cloudlet #226 return received
9038.609999999999: MET_Broker: The number of finished Cloudlets is:227
9049.609999999999: MET_Broker: Cloudlet #227 return received
9049.609999999999: MET_Broker: The number of finished Cloudlets is:228
9097.21: MET_Broker: Cloudlet #228 return received
9097.21: MET_Broker: The number of finished Cloudlets is:229
9457.21: MET_Broker: Cloudlet #229 return received
9457.21: MET_Broker: The number of finished Cloudlets is:230
9511.21: MET_Broker: Cloudlet #230 return received
9511.21: MET_Broker: The number of finished Cloudlets is:231
9522.21: MET_Broker: Cloudlet #231 return received
9522.21: MET_Broker: The number of finished Cloudlets is:232
9540.21: MET_Broker: Cloudlet #232 return received
9540.21: MET_Broker: The number of finished Cloudlets is:233
9582.21: MET_Broker: Cloudlet #233 return received
9582.21: MET_Broker: The number of finished Cloudlets is:234
9617.009999999998: MET_Broker: Cloudlet #234 return received
9617.009999999998: MET_Broker: The number of finished Cloudlets is:235
9650.21: MET_Broker: Cloudlet #235 return received
9650.21: MET_Broker: The number of finished Cloudlets is:236
9683.41: MET_Broker: Cloudlet #236 return received
9683.41: MET_Broker: The number of finished Cloudlets is:237
9707.01: MET_Broker: Cloudlet #237 return received
9707.01: MET_Broker: The number of finished Cloudlets is:238
9745.81: MET_Broker: Cloudlet #238 return received
9745.81: MET_Broker: The number of finished Cloudlets is:239
9764.609999999999: MET_Broker: Cloudlet #239 return received
9764.609999999999: MET_Broker: The number of finished Cloudlets is:240
9788.21: MET_Broker: Cloudlet #240 return received
9788.21: MET_Broker: The number of finished Cloudlets is:241
9826.21: MET_Broker: Cloudlet #241 return received
9826.21: MET_Broker: The number of finished Cloudlets is:242
9873.009999999998: MET_Broker: Cloudlet #242 return received
9873.009999999998: MET_Broker: The number of finished Cloudlets is:243
9899.809999999998: MET_Broker: Cloudlet #243 return received
9899.809999999998: MET_Broker: The number of finished Cloudlets is:244
10109.809999999998: MET_Broker: Cloudlet #244 return received
10109.809999999998: MET_Broker: The number of finished Cloudlets is:245
10148.609999999997: MET_Broker: Cloudlet #245 return received
10148.609999999997: MET_Broker: The number of finished Cloudlets is:246
10159.609999999997: MET_Broker: Cloudlet #246 return received
10159.609999999997: MET_Broker: The number of finished Cloudlets is:247
10203.209999999997: MET_Broker: Cloudlet #247 return received
10203.209999999997: MET_Broker: The number of finished Cloudlets is:248
10236.409999999998: MET_Broker: Cloudlet #248 return received
10236.409999999998: MET_Broker: The number of finished Cloudlets is:249
10271.209999999997: MET_Broker: Cloudlet #249 return received
10271.209999999997: MET_Broker: The number of finished Cloudlets is:250
10297.209999999997: MET_Broker: Cloudlet #250 return received
10297.209999999997: MET_Broker: The number of finished Cloudlets is:251
10339.209999999997: MET_Broker: Cloudlet #251 return received
10339.209999999997: MET_Broker: The number of finished Cloudlets is:252
10549.209999999997: MET_Broker: Cloudlet #252 return received
10549.209999999997: MET_Broker: The number of finished Cloudlets is:253
10592.809999999998: MET_Broker: Cloudlet #253 return received
10592.809999999998: MET_Broker: The number of finished Cloudlets is:254
10626.009999999998: MET_Broker: Cloudlet #254 return received
10626.009999999998: MET_Broker: The number of finished Cloudlets is:255
10667.21: MET_Broker: Cloudlet #255 return received
10667.21: MET_Broker: The number of finished Cloudlets is:256
10702.009999999998: MET_Broker: Cloudlet #256 return received
10702.009999999998: MET_Broker: The number of finished Cloudlets is:257
10744.009999999998: MET_Broker: Cloudlet #257 return received
10744.009999999998: MET_Broker: The number of finished Cloudlets is:258
11029.009999999998: MET_Broker: Cloudlet #258 return received
11029.009999999998: MET_Broker: The number of finished Cloudlets is:259
11067.009999999998: MET_Broker: Cloudlet #259 return received
11067.009999999998: MET_Broker: The number of finished Cloudlets is:260
11105.009999999998: MET_Broker: Cloudlet #260 return received
11105.009999999998: MET_Broker: The number of finished Cloudlets is:261
11154.21: MET_Broker: Cloudlet #261 return received
11154.21: MET_Broker: The number of finished Cloudlets is:262
11200.21: MET_Broker: Cloudlet #262 return received
11200.21: MET_Broker: The number of finished Cloudlets is:263
11242.21: MET_Broker: Cloudlet #263 return received
11242.21: MET_Broker: The number of finished Cloudlets is:264
11262.609999999999: MET_Broker: Cloudlet #264 return received
11262.609999999999: MET_Broker: The number of finished Cloudlets is:265
11306.21: MET_Broker: Cloudlet #265 return received
11306.21: MET_Broker: The number of finished Cloudlets is:266
11357.81: MET_Broker: Cloudlet #266 return received
11357.81: MET_Broker: The number of finished Cloudlets is:267
11396.609999999999: MET_Broker: Cloudlet #267 return received
11396.609999999999: MET_Broker: The number of finished Cloudlets is:268
11756.609999999999: MET_Broker: Cloudlet #268 return received
11756.609999999999: MET_Broker: The number of finished Cloudlets is:269
11774.609999999999: MET_Broker: Cloudlet #269 return received
11774.609999999999: MET_Broker: The number of finished Cloudlets is:270
11816.609999999999: MET_Broker: Cloudlet #270 return received
11816.609999999999: MET_Broker: The number of finished Cloudlets is:271
11855.409999999998: MET_Broker: Cloudlet #271 return received
11855.409999999998: MET_Broker: The number of finished Cloudlets is:272
11907.009999999998: MET_Broker: Cloudlet #272 return received
11907.009999999998: MET_Broker: The number of finished Cloudlets is:273
11930.609999999999: MET_Broker: Cloudlet #273 return received
11930.609999999999: MET_Broker: The number of finished Cloudlets is:274
12140.609999999999: MET_Broker: Cloudlet #274 return received
12140.609999999999: MET_Broker: The number of finished Cloudlets is:275
12176.21: MET_Broker: Cloudlet #275 return received
12176.21: MET_Broker: The number of finished Cloudlets is:276
12207.009999999998: MET_Broker: Cloudlet #276 return received
12207.009999999998: MET_Broker: The number of finished Cloudlets is:277
12235.409999999998: MET_Broker: Cloudlet #277 return received
12235.409999999998: MET_Broker: The number of finished Cloudlets is:278
12261.409999999998: MET_Broker: Cloudlet #278 return received
12261.409999999998: MET_Broker: The number of finished Cloudlets is:279
12292.209999999997: MET_Broker: Cloudlet #279 return received
12292.209999999997: MET_Broker: The number of finished Cloudlets is:280
12342.209999999997: MET_Broker: Cloudlet #280 return received
12342.209999999997: MET_Broker: The number of finished Cloudlets is:281
12389.009999999997: MET_Broker: Cloudlet #281 return received
12389.009999999997: MET_Broker: The number of finished Cloudlets is:282
12423.809999999996: MET_Broker: Cloudlet #282 return received
12423.809999999996: MET_Broker: The number of finished Cloudlets is:283
12455.409999999996: MET_Broker: Cloudlet #283 return received
12455.409999999996: MET_Broker: The number of finished Cloudlets is:284
12461.409999999996: MET_Broker: Cloudlet #284 return received
12461.409999999996: MET_Broker: The number of finished Cloudlets is:285
12489.809999999996: MET_Broker: Cloudlet #285 return received
12489.809999999996: MET_Broker: The number of finished Cloudlets is:286
12521.409999999996: MET_Broker: Cloudlet #286 return received
12521.409999999996: MET_Broker: The number of finished Cloudlets is:287
12532.409999999996: MET_Broker: Cloudlet #287 return received
12532.409999999996: MET_Broker: The number of finished Cloudlets is:288
12538.409999999996: MET_Broker: Cloudlet #288 return received
12538.409999999996: MET_Broker: The number of finished Cloudlets is:289
12573.209999999995: MET_Broker: Cloudlet #289 return received
12573.209999999995: MET_Broker: The number of finished Cloudlets is:290
12612.809999999996: MET_Broker: Cloudlet #290 return received
12612.809999999996: MET_Broker: The number of finished Cloudlets is:291
12632.409999999996: MET_Broker: Cloudlet #291 return received
12632.409999999996: MET_Broker: The number of finished Cloudlets is:292
12676.809999999996: MET_Broker: Cloudlet #292 return received
12676.809999999996: MET_Broker: The number of finished Cloudlets is:293
12695.609999999995: MET_Broker: Cloudlet #293 return received
12695.609999999995: MET_Broker: The number of finished Cloudlets is:294
12830.609999999995: MET_Broker: Cloudlet #294 return received
12830.609999999995: MET_Broker: The number of finished Cloudlets is:295
12862.209999999995: MET_Broker: Cloudlet #295 return received
12862.209999999995: MET_Broker: The number of finished Cloudlets is:296
12997.209999999995: MET_Broker: Cloudlet #296 return received
12997.209999999995: MET_Broker: The number of finished Cloudlets is:297
13015.209999999995: MET_Broker: Cloudlet #297 return received
13015.209999999995: MET_Broker: The number of finished Cloudlets is:298
13062.009999999995: MET_Broker: Cloudlet #298 return received
13062.009999999995: MET_Broker: The number of finished Cloudlets is:299
13085.609999999995: MET_Broker: Cloudlet #299 return received
13085.609999999995: MET_Broker: The number of finished Cloudlets is:300
13104.409999999994: MET_Broker: Cloudlet #300 return received
13104.409999999994: MET_Broker: The number of finished Cloudlets is:301
13239.409999999994: MET_Broker: Cloudlet #301 return received
13239.409999999994: MET_Broker: The number of finished Cloudlets is:302
13275.009999999995: MET_Broker: Cloudlet #302 return received
13275.009999999995: MET_Broker: The number of finished Cloudlets is:303
13306.609999999995: MET_Broker: Cloudlet #303 return received
13306.609999999995: MET_Broker: The number of finished Cloudlets is:304
13331.009999999995: MET_Broker: Cloudlet #304 return received
13331.009999999995: MET_Broker: The number of finished Cloudlets is:305
13362.609999999995: MET_Broker: Cloudlet #305 return received
13362.609999999995: MET_Broker: The number of finished Cloudlets is:306
13387.809999999996: MET_Broker: Cloudlet #306 return received
13387.809999999996: MET_Broker: The number of finished Cloudlets is:307
13447.809999999996: MET_Broker: Cloudlet #307 return received
13447.809999999996: MET_Broker: The number of finished Cloudlets is:308
13484.209999999995: MET_Broker: Cloudlet #308 return received
13484.209999999995: MET_Broker: The number of finished Cloudlets is:309
13520.609999999995: MET_Broker: Cloudlet #309 return received
13520.609999999995: MET_Broker: The number of finished Cloudlets is:310
13571.409999999994: MET_Broker: Cloudlet #310 return received
13571.409999999994: MET_Broker: The number of finished Cloudlets is:311
13618.209999999994: MET_Broker: Cloudlet #311 return received
13618.209999999994: MET_Broker: The number of finished Cloudlets is:312
13649.009999999993: MET_Broker: Cloudlet #312 return received
13649.009999999993: MET_Broker: The number of finished Cloudlets is:313
13675.809999999992: MET_Broker: Cloudlet #313 return received
13675.809999999992: MET_Broker: The number of finished Cloudlets is:314
13810.809999999992: MET_Broker: Cloudlet #314 return received
13810.809999999992: MET_Broker: The number of finished Cloudlets is:315
13852.009999999993: MET_Broker: Cloudlet #315 return received
13852.009999999993: MET_Broker: The number of finished Cloudlets is:316
13858.009999999993: MET_Broker: Cloudlet #316 return received
13858.009999999993: MET_Broker: The number of finished Cloudlets is:317
13896.009999999993: MET_Broker: Cloudlet #317 return received
13896.009999999993: MET_Broker: The number of finished Cloudlets is:318
13920.409999999993: MET_Broker: Cloudlet #318 return received
13920.409999999993: MET_Broker: The number of finished Cloudlets is:319
13936.409999999993: MET_Broker: Cloudlet #319 return received
13936.409999999993: MET_Broker: The number of finished Cloudlets is:320
13984.809999999992: MET_Broker: Cloudlet #320 return received
13984.809999999992: MET_Broker: The number of finished Cloudlets is:321
14194.809999999992: MET_Broker: Cloudlet #321 return received
14194.809999999992: MET_Broker: The number of finished Cloudlets is:322
14232.009999999993: MET_Broker: Cloudlet #322 return received
14232.009999999993: MET_Broker: The number of finished Cloudlets is:323
14268.409999999993: MET_Broker: Cloudlet #323 return received
14268.409999999993: MET_Broker: The number of finished Cloudlets is:324
14305.609999999993: MET_Broker: Cloudlet #324 return received
14305.609999999993: MET_Broker: The number of finished Cloudlets is:325
14346.009999999993: MET_Broker: Cloudlet #325 return received
14346.009999999993: MET_Broker: The number of finished Cloudlets is:326
14385.609999999993: MET_Broker: Cloudlet #326 return received
14385.609999999993: MET_Broker: The number of finished Cloudlets is:327
14421.209999999994: MET_Broker: Cloudlet #327 return received
14421.209999999994: MET_Broker: The number of finished Cloudlets is:328
14454.409999999994: MET_Broker: Cloudlet #328 return received
14454.409999999994: MET_Broker: The number of finished Cloudlets is:329
14500.409999999994: MET_Broker: Cloudlet #329 return received
14500.409999999994: MET_Broker: The number of finished Cloudlets is:330
14533.609999999995: MET_Broker: Cloudlet #330 return received
14533.609999999995: MET_Broker: The number of finished Cloudlets is:331
14582.009999999995: MET_Broker: Cloudlet #331 return received
14582.009999999995: MET_Broker: The number of finished Cloudlets is:332
14622.409999999994: MET_Broker: Cloudlet #332 return received
14622.409999999994: MET_Broker: The number of finished Cloudlets is:333
14644.409999999994: MET_Broker: Cloudlet #333 return received
14644.409999999994: MET_Broker: The number of finished Cloudlets is:334
14681.609999999995: MET_Broker: Cloudlet #334 return received
14681.609999999995: MET_Broker: The number of finished Cloudlets is:335
14717.209999999995: MET_Broker: Cloudlet #335 return received
14717.209999999995: MET_Broker: The number of finished Cloudlets is:336
14747.209999999995: MET_Broker: Cloudlet #336 return received
14747.209999999995: MET_Broker: The number of finished Cloudlets is:337
14789.209999999995: MET_Broker: Cloudlet #337 return received
14789.209999999995: MET_Broker: The number of finished Cloudlets is:338
14819.209999999995: MET_Broker: Cloudlet #338 return received
14819.209999999995: MET_Broker: The number of finished Cloudlets is:339
14849.209999999995: MET_Broker: Cloudlet #339 return received
14849.209999999995: MET_Broker: The number of finished Cloudlets is:340
14874.409999999996: MET_Broker: Cloudlet #340 return received
14874.409999999996: MET_Broker: The number of finished Cloudlets is:341
14922.809999999996: MET_Broker: Cloudlet #341 return received
14922.809999999996: MET_Broker: The number of finished Cloudlets is:342
14933.809999999996: MET_Broker: Cloudlet #342 return received
14933.809999999996: MET_Broker: The number of finished Cloudlets is:343
14975.009999999997: MET_Broker: Cloudlet #343 return received
14975.009999999997: MET_Broker: The number of finished Cloudlets is:344
14993.809999999996: MET_Broker: Cloudlet #344 return received
14993.809999999996: MET_Broker: The number of finished Cloudlets is:345
15040.609999999995: MET_Broker: Cloudlet #345 return received
15040.609999999995: MET_Broker: The number of finished Cloudlets is:346
15100.609999999995: MET_Broker: Cloudlet #346 return received
15100.609999999995: MET_Broker: The number of finished Cloudlets is:347
15127.409999999994: MET_Broker: Cloudlet #347 return received
15127.409999999994: MET_Broker: The number of finished Cloudlets is:348
15176.609999999995: MET_Broker: Cloudlet #348 return received
15176.609999999995: MET_Broker: The number of finished Cloudlets is:349
15213.009999999995: MET_Broker: Cloudlet #349 return received
15213.009999999995: MET_Broker: The number of finished Cloudlets is:350
15257.409999999994: MET_Broker: Cloudlet #350 return received
15257.409999999994: MET_Broker: The number of finished Cloudlets is:351
15282.609999999995: MET_Broker: Cloudlet #351 return received
15282.609999999995: MET_Broker: The number of finished Cloudlets is:352
15324.609999999995: MET_Broker: Cloudlet #352 return received
15324.609999999995: MET_Broker: The number of finished Cloudlets is:353
15348.209999999995: MET_Broker: Cloudlet #353 return received
15348.209999999995: MET_Broker: The number of finished Cloudlets is:354
15408.209999999995: MET_Broker: Cloudlet #354 return received
15408.209999999995: MET_Broker: The number of finished Cloudlets is:355
15433.409999999996: MET_Broker: Cloudlet #355 return received
15433.409999999996: MET_Broker: The number of finished Cloudlets is:356
15493.409999999996: MET_Broker: Cloudlet #356 return received
15493.409999999996: MET_Broker: The number of finished Cloudlets is:357
15703.409999999996: MET_Broker: Cloudlet #357 return received
15703.409999999996: MET_Broker: The number of finished Cloudlets is:358
15723.809999999996: MET_Broker: Cloudlet #358 return received
15723.809999999996: MET_Broker: The number of finished Cloudlets is:359
15756.209999999995: MET_Broker: Cloudlet #359 return received
15756.209999999995: MET_Broker: The number of finished Cloudlets is:360
15791.809999999996: MET_Broker: Cloudlet #360 return received
15791.809999999996: MET_Broker: The number of finished Cloudlets is:361
15817.009999999997: MET_Broker: Cloudlet #361 return received
15817.009999999997: MET_Broker: The number of finished Cloudlets is:362
15835.809999999996: MET_Broker: Cloudlet #362 return received
15835.809999999996: MET_Broker: The number of finished Cloudlets is:363
15868.209999999995: MET_Broker: Cloudlet #363 return received
15868.209999999995: MET_Broker: The number of finished Cloudlets is:364
15888.609999999995: MET_Broker: Cloudlet #364 return received
15888.609999999995: MET_Broker: The number of finished Cloudlets is:365
15921.009999999995: MET_Broker: Cloudlet #365 return received
15921.009999999995: MET_Broker: The number of finished Cloudlets is:366
15975.009999999995: MET_Broker: Cloudlet #366 return received
15975.009999999995: MET_Broker: The number of finished Cloudlets is:367
16023.409999999994: MET_Broker: Cloudlet #367 return received
16023.409999999994: MET_Broker: The number of finished Cloudlets is:368
16383.409999999994: MET_Broker: Cloudlet #368 return received
16383.409999999994: MET_Broker: The number of finished Cloudlets is:369
16443.409999999996: MET_Broker: Cloudlet #369 return received
16443.409999999996: MET_Broker: The number of finished Cloudlets is:370
16467.809999999998: MET_Broker: Cloudlet #370 return received
16467.809999999998: MET_Broker: The number of finished Cloudlets is:371
16827.809999999998: MET_Broker: Cloudlet #371 return received
16827.809999999998: MET_Broker: The number of finished Cloudlets is:372
16856.21: MET_Broker: Cloudlet #372 return received
16856.21: MET_Broker: The number of finished Cloudlets is:373
16862.21: MET_Broker: Cloudlet #373 return received
16862.21: MET_Broker: The number of finished Cloudlets is:374
16912.21: MET_Broker: Cloudlet #374 return received
16912.21: MET_Broker: The number of finished Cloudlets is:375
16948.61: MET_Broker: Cloudlet #375 return received
16948.61: MET_Broker: The number of finished Cloudlets is:376
17002.61: MET_Broker: Cloudlet #376 return received
17002.61: MET_Broker: The number of finished Cloudlets is:377
17035.010000000002: MET_Broker: Cloudlet #377 return received
17035.010000000002: MET_Broker: The number of finished Cloudlets is:378
17080.210000000003: MET_Broker: Cloudlet #378 return received
17080.210000000003: MET_Broker: The number of finished Cloudlets is:379
17125.410000000003: MET_Broker: Cloudlet #379 return received
17125.410000000003: MET_Broker: The number of finished Cloudlets is:380
17260.410000000003: MET_Broker: Cloudlet #380 return received
17260.410000000003: MET_Broker: The number of finished Cloudlets is:381
17300.810000000005: MET_Broker: Cloudlet #381 return received
17300.810000000005: MET_Broker: The number of finished Cloudlets is:382
17334.810000000005: MET_Broker: Cloudlet #382 return received
17334.810000000005: MET_Broker: The number of finished Cloudlets is:383
17366.410000000003: MET_Broker: Cloudlet #383 return received
17366.410000000003: MET_Broker: The number of finished Cloudlets is:384
17390.810000000005: MET_Broker: Cloudlet #384 return received
17390.810000000005: MET_Broker: The number of finished Cloudlets is:385
17431.210000000006: MET_Broker: Cloudlet #385 return received
17431.210000000006: MET_Broker: The number of finished Cloudlets is:386
17477.210000000006: MET_Broker: Cloudlet #386 return received
17477.210000000006: MET_Broker: The number of finished Cloudlets is:387
17516.010000000006: MET_Broker: Cloudlet #387 return received
17516.010000000006: MET_Broker: The number of finished Cloudlets is:388
17539.610000000004: MET_Broker: Cloudlet #388 return received
17539.610000000004: MET_Broker: The number of finished Cloudlets is:389
17574.410000000003: MET_Broker: Cloudlet #389 return received
17574.410000000003: MET_Broker: The number of finished Cloudlets is:390
17709.410000000003: MET_Broker: Cloudlet #390 return received
17709.410000000003: MET_Broker: The number of finished Cloudlets is:391
17749.810000000005: MET_Broker: Cloudlet #391 return received
17749.810000000005: MET_Broker: The number of finished Cloudlets is:392
17779.010000000006: MET_Broker: Cloudlet #392 return received
17779.010000000006: MET_Broker: The number of finished Cloudlets is:393
17825.010000000006: MET_Broker: Cloudlet #393 return received
17825.010000000006: MET_Broker: The number of finished Cloudlets is:394
17853.410000000007: MET_Broker: Cloudlet #394 return received
17853.410000000007: MET_Broker: The number of finished Cloudlets is:395
17892.210000000006: MET_Broker: Cloudlet #395 return received
17892.210000000006: MET_Broker: The number of finished Cloudlets is:396
17940.610000000008: MET_Broker: Cloudlet #396 return received
17940.610000000008: MET_Broker: The number of finished Cloudlets is:397
17978.610000000008: MET_Broker: Cloudlet #397 return received
17978.610000000008: MET_Broker: The number of finished Cloudlets is:398
18013.410000000007: MET_Broker: Cloudlet #398 return received
18013.410000000007: MET_Broker: The number of finished Cloudlets is:399
18035.410000000007: MET_Broker: Cloudlet #399 return received
18035.410000000007: MET_Broker: The number of finished Cloudlets is:400
18035.410000000007: MET_Broker: All Cloudlets executed. Finishing...
18035.410000000007: MET_Broker: Destroying Vm #0
18035.410000000007: MET_Broker: Destroying Vm #1
18035.410000000007: MET_Broker: Destroying Vm #2
18035.410000000007: MET_Broker: Destroying Vm #3
18035.410000000007: MET_Broker: Destroying Vm #4
18035.410000000007: MET_Broker: Destroying Vm #5
18035.410000000007: MET_Broker: Destroying Vm #6
18035.410000000007: MET_Broker: Destroying Vm #7
18035.410000000007: MET_Broker: Destroying Vm #8
18035.410000000007: MET_Broker: Destroying Vm #9
18035.410000000007: MET_Broker: Destroying Vm #10
18035.410000000007: MET_Broker: Destroying Vm #11
18035.410000000007: MET_Broker: Destroying Vm #12
18035.410000000007: MET_Broker: Destroying Vm #13
18035.410000000007: MET_Broker: Destroying Vm #14
18035.410000000007: MET_Broker: Destroying Vm #15
18035.410000000007: MET_Broker: Destroying Vm #16
18035.410000000007: MET_Broker: Destroying Vm #17
18035.410000000007: MET_Broker: Destroying Vm #18
18035.410000000007: MET_Broker: Destroying Vm #19
18035.410000000007: MET_Broker is shutting down...
18035.410000000007: Simulation: No more future events
18035.410000000007: CloudInformationService is shutting down...
18035.410000000007: CloudInformationService: Notify all CloudSim entities for shutting down.
18035.410000000007: Datacenter_0 is shutting down...
18035.410000000007: MET_Broker is shutting down...
Simulation completed.
Simulation completed.

========== CLOUDLET RESULTS ==========
(only the first 20 successful Cloudlets are shown; METRICS below are still computed from all 400 results)
Cloudlet ID	Status	VM ID	Exec Time	Start Time	Finish Time
2	SUCCESS	15	33.2	0.01	33.21
3	SUCCESS	15	33.2	0.01	33.21
0	SUCCESS	15	37.2	0.01	37.21
1	SUCCESS	15	41.2	0.01	41.21
6	SUCCESS	15	21.2	41.21	62.41
4	SUCCESS	15	39.6	33.21	72.81
5	SUCCESS	15	38	37.21	75.21
7	SUCCESS	15	40.4	62.41	102.81
8	SUCCESS	15	46.8	72.81	119.61
9	SUCCESS	15	48.4	75.21	123.61
10	SUCCESS	15	43.6	102.81	146.41
11	SUCCESS	15	30.8	119.61	150.41
12	SUCCESS	15	40.4	123.61	164.01
13	SUCCESS	15	22	146.41	168.41
14	SUCCESS	15	19.6	150.41	170.01
15	SUCCESS	15	23.6	164.01	187.61
16	SUCCESS	15	19.6	168.41	188.01
18	SUCCESS	15	6	187.61	193.61
19	SUCCESS	15	18.8	188.01	206.81
17	SUCCESS	15	40.4	170.01	210.41

========== METRICS ==========
Completed Cloudlets      : 400
Makespan                 : 18035.41 s
Degree of Imbalance      : 20
Average Waiting Time     : 7746.8145 s
Throughput               : 0.0222 cloudlets/s
Average VM Utilization*  : 5.752 %

* Utilization is calculated from aggregate Cloudlet CPU time
  over the available VM time in this simplified model.
Week4_MET_TaskScheduling finished!
[INFO] ------------------------------------------------------------------------
[INFO] BUILD SUCCESS
[INFO] ------------------------------------------------------------------------
[INFO] Total time:  0.831 s
[INFO] Finished at: 2026-10-05T12:09:22+07:00
[INFO] ------------------------------------------------------------------------
